<html>
<body>
<pre>
<h1>µVision Build Log</h1>
<h2>Project:</h2>
D:\Sam\MDKWorkspace\EPMProject2\project\epm\epm.uvproj
Project File Date:  04/25/2017

<h2>Output:</h2>
Build target 'epm'
compiling main.c...
.\src\user\paralib.h(71): warning:  #1215-D: #warning directive: not implement yet
  #warning not implement yet
src\main.c: 1 warning, 0 errors
compiling user.c...
src\User\paralib.h(71): warning:  #1215-D: #warning directive: not implement yet
  #warning not implement yet
src\User\user.c: 1 warning, 0 errors
compiling guistandby.c...
src\User\paralib.h(71): warning:  #1215-D: #warning directive: not implement yet
  #warning not implement yet
src\User\guistandby.c: 1 warning, 0 errors
compiling guimanager.c...
src\User\paralib.h(71): warning:  #1215-D: #warning directive: not implement yet
  #warning not implement yet
src\User\guimanager.c: 1 warning, 0 errors
compiling meterdata.c...
src\User\paralib.h(71): warning:  #1215-D: #warning directive: not implement yet
  #warning not implement yet
src\User\meterdata.c(214): warning:  #1215-D: #warning directive: just test
      #warning just test
src\User\meterdata.c(223): warning:  #1215-D: #warning directive: just test
      #warning just test
src\User\meterdata.c(660): warning:  #1215-D: #warning directive: 
      #warning 
       ^
src\User\meterdata.c(212): warning:  #177-D: function "takePhotoRoutine" was declared but never referenced
  static BOOL takePhotoRoutine(time_t currentTime)
src\User\meterdata.c: 5 warnings, 0 errors
compiling guiselspace.c...
src\User\paralib.h(71): warning:  #1215-D: #warning directive: not implement yet
  #warning not implement yet
src\User\guiselspace.c: 1 warning, 0 errors
compiling guiseltime.c...
src\User\paralib.h(71): warning:  #1215-D: #warning directive: not implement yet
  #warning not implement yet
src\User\guiseltime.c: 1 warning, 0 errors
compiling guireaderinit.c...
src\User\paralib.h(71): warning:  #1215-D: #warning directive: not implement yet
  #warning not implement yet
src\User\guireaderinit.c: 1 warning, 0 errors
compiling guideposit.c...
src\User\paralib.h(71): warning:  #1215-D: #warning directive: not implement yet
  #warning not implement yet
src\User\guideposit.c: 1 warning, 0 errors
compiling guidepositfail.c...
src\User\paralib.h(71): warning:  #1215-D: #warning directive: not implement yet
  #warning not implement yet
src\User\guidepositfail.c: 1 warning, 0 errors
compiling guidepositok.c...
src\User\paralib.h(71): warning:  #1215-D: #warning directive: not implement yet
  #warning not implement yet
src\User\guidepositok.c: 1 warning, 0 errors
compiling guireplacebp.c...
src\User\paralib.h(71): warning:  #1215-D: #warning directive: not implement yet
  #warning not implement yet
src\User\guireplacebp.c: 1 warning, 0 errors
compiling guitester.c...
src\User\paralib.h(71): warning:  #1215-D: #warning directive: not implement yet
  #warning not implement yet
src\User\guitester.c: 1 warning, 0 errors
compiling guitesterkeypad.c...
src\User\paralib.h(71): warning:  #1215-D: #warning directive: not implement yet
  #warning not implement yet
src\User\guitesterkeypad.c: 1 warning, 0 errors
compiling paralib.c...
src\user\paralib.h(71): warning:  #1215-D: #warning directive: not implement yet
  #warning not implement yet
src\user\paralib.c: 1 warning, 0 errors
compiling guifiledownload.c...
src\user\paralib.h(71): warning:  #1215-D: #warning directive: not implement yet
  #warning not implement yet
src\user\guifiledownload.c: 1 warning, 0 errors
compiling guifree.c...
src\user\paralib.h(71): warning:  #1215-D: #warning directive: not implement yet
  #warning not implement yet
src\user\guifree.c: 1 warning, 0 errors
compiling guioff.c...
src\user\paralib.h(71): warning:  #1215-D: #warning directive: not implement yet
  #warning not implement yet
src\user\guioff.c: 1 warning, 0 errors
compiling guidrv.c...
compiling keydrv.c...
compiling powerdrv.c...
compiling timerdrv.c...
compiling cardreader.c...
compiling epddrv.c...
.\src\user\paralib.h(71): warning:  #1215-D: #warning directive: not implement yet
  #warning not implement yet
src\SysHal\epddrv.c(1809): warning:  #1215-D: #warning directive: 
      #warning
       ^
src\SysHal\epddrv.c(1832): warning:  #1215-D: #warning directive: 
      #warning
       ^
src\SysHal\epddrv.c: 3 warnings, 0 errors
compiling spacedrv.c...
.\src\user\paralib.h(71): warning:  #1215-D: #warning directive: not implement yet
  #warning not implement yet
src\SysHal\spacedrv.c(154): warning:  #1215-D: #warning directive: need check here
                  #warning need check here
src\SysHal\spacedrv.c(199): warning:  #1215-D: #warning directive: need check here
                  #warning need check here
src\SysHal\spacedrv.c: 3 warnings, 0 errors
compiling ts2000drv.c...
src\SysHal\ts2000drv.c(209): warning:  #1215-D: #warning directive: need check here
      #warning need check here
src\SysHal\ts2000drv.c(405): warning:  #1215-D: #warning directive: need check here =7???
              #warning need check here =7???
src\SysHal\ts2000drv.c: 2 warnings, 0 errors
compiling pct08cmdlib.c...
compiling pct08drv.c...
compiling fatfslib.c...
.\src\user\paralib.h(71): warning:  #1215-D: #warning directive: not implement yet
  #warning not implement yet
src\SysHal\fatfslib.c: 1 warning, 0 errors
compiling photoagent.c...
.\src\user\paralib.h(71): warning:  #1215-D: #warning directive: not implement yet
  #warning not implement yet
src\SysHal\photoagent.c(53): warning:  #550-D: variable "photoCurrentTime" was set but never used
  static uint32_t photoCurrentTime;
src\SysHal\photoagent.c: 2 warnings, 0 errors
compiling jsoncmdlib.c...
.\src\user\paralib.h(71): warning:  #1215-D: #warning directive: not implement yet
  #warning not implement yet
src\SysHal\jsoncmdlib.c: 1 warning, 0 errors
compiling modemagent.c...
.\src\user\paralib.h(71): warning:  #1215-D: #warning directive: not implement yet
  #warning not implement yet
src\syshal\modemagent.c: 1 warning, 0 errors
compiling tarifflib.c...
.\src\user\paralib.h(71): warning:  #1215-D: #warning directive: not implement yet
  #warning not implement yet
src\syshal\tarifflib.c: 1 warning, 0 errors
compiling yaffs2drv.c...
compiling dataprocesslib.c...
.\src\user\paralib.h(71): warning:  #1215-D: #warning directive: not implement yet
  #warning not implement yet
src\syshal\dataprocesslib.c(1003): warning:  #1215-D: #warning directive: 
              #warning 
               ^
src\syshal\dataprocesslib.c: 2 warnings, 0 errors
compiling loglib.c...
.\src\user\paralib.h(71): warning:  #1215-D: #warning directive: not implement yet
  #warning not implement yet
src\syshal\loglib.c: 1 warning, 0 errors
compiling leddrv.c...
src\syshal\leddrv.c(291): warning:  #1215-D: #warning directive: need check this
  #warning need check this
src\syshal\leddrv.c: 1 warning, 0 errors
compiling fileagent.c...
compiling userdrv.c...
compiling uart1drv.c...
compiling uart2drv.c...
compiling uart3drv.c...
compiling uart4drv.c...
compiling uart7drv.c...
compiling uart8drv.c...
compiling uart10drv.c...
compiling spi0drv.c...
compiling spi1drv.c...
compiling i2c1drv.c...
compiling buzzerdrv.c...
compiling batterydrv.c...
src\UserDrv\batterydrv.c(196): warning:  #1215-D: #warning directive: temp
                      #warning temp
src\UserDrv\batterydrv.c: 1 warning, 0 errors
compiling dipdrv.c...
compiling rs232CommDrv.c...
compiling flashdrvex.c...
src\UserDrv\flashdrvex.c(439): warning:  #1215-D: #warning directive: just for test 
                  #warning just for test 
src\UserDrv\flashdrvex.c: 1 warning, 0 errors
compiling sddrv.c...
compiling sr04tdrv.c...
compiling nt066edrv.c...
src\userdrv\nt066edrv.c(45): warning:  #1215-D: #warning directive: 
  #warning
   ^
src\userdrv\nt066edrv.c: 1 warning, 0 errors
compiling atcmdparser.c...
compiling quentelmodemlib.c...
src\syshal\modemlib\quentelmodemlib.c(358): warning:  #1215-D: #warning directive: nee implement QModem power
  #warning nee implement QModem power
src\syshal\modemlib\quentelmodemlib.c: 1 warning, 0 errors
linking...
Program Size: Code=378372 RO-data=15064 RW-data=4944 ZI-data=23391220  
FromELF: creating hex file...
After Build - User command #1: fromelf --bin ".\obj\epm.axf" --output ".\obj\epm.bin"
After Build - User command #2: fromelf --text -c ".\obj\epm.axf" --output ".\obj\epm.txt"
".\obj\epm.axf" - 0 Error(s), 44 Warning(s).
93-D: assignment in condition
      if (!(copy = (unsigned char*)cJSON_malloc(len)))
src\SysHal\json\cJSON.c(755): warning:  #1293-D: assignment in condition
      while ((token = *ptr))
src\SysHal\json\cJSON.c(1856): warning:  #161-D: unrecognized #pragma
  #pragma GCC diagnostic push
src\SysHal\json\cJSON.c(1857): warning:  #161-D: unrecognized #pragma
  #pragma GCC diagnostic ignored "-Wcast-qual"
src\SysHal\json\cJSON.c(1859): warning:  #161-D: unrecognized #pragma
  #pragma GCC diagnostic pop
src\SysHal\json\cJSON.c: 5 warnings, 0 errors
compiling cJSON_Utils.c...
src\SysHal\json\cJSON_Utils.c(22): warning:  #1293-D: assignment in condition
      if (!(copy = (unsigned char*)(uint8_t *)pvPortMalloc(len)))
src\SysHal\json\cJSON_Utils.c(529): warning:  #1293-D: assignment in condition
          if ((err = cJSONUtils_ApplyPatch(object, patches)))
src\SysHal\json\cJSON_Utils.c: 2 warnings, 0 errors
compiling atcmdparser.c...
compiling quentelmodemlib.c...
src\syshal\modemlib\quentelmodemlib.c(358): warning:  #1215-D: #warning directive: nee implement QModem power
  #warning nee implement QModem power
src\syshal\modemlib\quentelmodemlib.c: 1 warning, 0 errors
compiling mtdcore.c...
compiling mtdpart.c...
compiling nand.c...
..\..\common\src\BSP\ThirdParty\yaffs2\nand.c(57): warning:  #223-D: function "sprintf" declared implicitly
        sprintf(dev_name[devnum], "nand%d", devnum);
..\..\common\src\BSP\ThirdParty\yaffs2\nand.c: 1 warning, 0 errors
compiling nand_base.c...
..\..\common\src\BSP\ThirdParty\yaffs2\nand_base.c(2210): warning:  #68-D: integer conversion resulted in a change of sign
        instr->fail_addr = MTD_FAIL_ADDR_UNKNOWN;
..\..\common\src\BSP\ThirdParty\yaffs2\nand_base.c(3218): warning:  #223-D: function "yaffs_free" declared implicitly
        yaffs_free(chip->bbt);
..\..\common\src\BSP\ThirdParty\yaffs2\nand_base.c: 2 warnings, 0 errors
compiling nand_bbt.c...
..\..\common\src\BSP\ThirdParty\yaffs2\nand_bbt.c(1186): warning:  #1293-D: assignment in condition
                if ((res = nand_memory_bbt(mtd, bd))) {
..\..\common\src\BSP\ThirdParty\yaffs2\nand_bbt.c: 1 warning, 0 errors
compiling nand_ids.c...
compiling nand_util.c...
..\..\common\src\BSP\ThirdParty\yaffs2\nand_util.c(94): warning:  #223-D: function "lldiv" declared implicitly
        erase_length = (unsigned long)lldiv(opts->length + meminfo->erasesize - 1, meminfo->erasesize);
..\..\common\src\BSP\ThirdParty\yaffs2\nand_util.c: 1 warning, 0 errors
compiling yaffs_allocator.c...
compiling yaffs_attribs.c...
compiling yaffs_bitmap.c...
compiling yaffs_checkptrw.c...
compiling yaffs_ecc.c...
compiling yaffs_error.c...
compiling yaffs_guts.c...
..\..\common\src\BSP\ThirdParty\yaffs2\yaffs_guts.c(4856): warning:  #68-D: integer conversion resulted in a change of sign
                                dev->alloc_page = -1;
..\..\common\src\BSP\ThirdParty\yaffs2\yaffs_guts.c: 1 warning, 0 errors
compiling yaffs_malloc.c...
compiling yaffs_mtdif.c...
compiling yaffs_mtdif2.c...
compiling yaffs_nameval.c...
compiling yaffs_nand.c...
compiling yaffs_packedtags1.c...
compiling yaffs_packedtags2.c...
..\..\common\src\BSP\ThirdParty\yaffs2\yaffs_packedtags2.c(98): warning:  #61-D: integer operation result is out of range
                ptt->obj_id &= ~EXTRA_OBJECT_TYPE_MASK;
..\..\common\src\BSP\ThirdParty\yaffs2\yaffs_packedtags2.c(150): warning:  #188-D: enumerated type mixed with another type
                t->extra_obj_type = ptt->obj_id >> EXTRA_OBJECT_TYPE_SHIFT;
..\..\common\src\BSP\ThirdParty\yaffs2\yaffs_packedtags2.c(151): warning:  #61-D: integer operation result is out of range
                t->obj_id &= ~EXTRA_OBJECT_TYPE_MASK;
..\..\common\src\BSP\ThirdParty\yaffs2\yaffs_packedtags2.c: 3 warnings, 0 errors
compiling yaffs_qsort.c...
compiling yaffs_summary.c...
compiling yaffs_tagscompat.c...
compiling yaffs_verify.c...
compiling yaffs_yaffs1.c...
..\..\common\src\BSP\ThirdParty\yaffs2\yaffs_yaffs1.c(88): warning:  #188-D: enumerated type mixed with another type
                state = bi->block_state;
..\..\common\src\BSP\ThirdParty\yaffs2\yaffs_yaffs1.c: 1 warning, 0 errors
compiling yaffs_yaffs2.c...
compiling yaffsfs.c...
compiling fmi_nand.c...
linking...
Program Size: Code=383356 RO-data=15044 RW-data=4948 ZI-data=23386252  
FromELF: creating hex file...
After Build - User command #1: fromelf --bin ".\obj\epm.axf" --output ".\obj\epm.bin"
After Build - User command #2: fromelf --text -c ".\obj\epm.axf" --output ".\obj\epm.txt"
".\obj\epm.axf" - 0 Error(s), 61 Warning(s).
