<html>
<body>
<pre>
<h1>µVision Build Log</h1>
<h2>Project:</h2>
C:\Nuvoton\BSP Library\M051SeriesBSP_CMSIS_v3.00.001\SampleCode\RegBased\EPMProject2\project\epm2\epm2.uvproj
Project File Date:  05/04/2017

<h2>Output:</h2>
Build target 'epm2'
compiling main.c...
.\src\user\paralib.h(71): warning:  #1215-D: #warning directive: not implement yet
compiling sys.c...
compiling sys_timer.c...
compiling sys_uart.c...
compiling system_nuc970.c...
compiling uart.c...
compiling gpio.c...
compiling rtc.c...
compiling spi.c...
compiling i2c.c...
compiling sdh.c...
compiling pwm.c...
compiling adc.c...
compiling etimer.c...
compiling sc.c...
compiling user.c...
src\User\paralib.h(71): warning:  #1215-D: #warning directive: not implement yet
compiling guistandby.c...
src\User\paralib.h(71): warning:  #1215-D: #warning directive: not implement yet
compiling guimanager.c...
src\User\paralib.h(71): warning:  #1215-D: #warning directive: not implement yet
compiling meterdata.c...
src\User\paralib.h(71): warning:  #1215-D: #warning directive: not implement yet
src\User\meterdata.c(217): warning:  #1215-D: #warning directive: just test
src\User\meterdata.c(226): warning:  #1215-D: #warning directive: just test
src\User\meterdata.c(678): warning:  #1215-D: #warning directive: 
compiling guiselspace.c...
src\User\paralib.h(71): warning:  #1215-D: #warning directive: not implement yet
compiling guiseltime.c...
src\User\paralib.h(71): warning:  #1215-D: #warning directive: not implement yet
compiling guireaderinit.c...
src\User\paralib.h(71): warning:  #1215-D: #warning directive: not implement yet
compiling guideposit.c...
src\User\paralib.h(71): warning:  #1215-D: #warning directive: not implement yet
compiling guidepositfail.c...
src\User\paralib.h(71): warning:  #1215-D: #warning directive: not implement yet
compiling guidepositok.c...
src\User\paralib.h(71): warning:  #1215-D: #warning directive: not implement yet
compiling guireplacebp.c...
src\User\paralib.h(71): warning:  #1215-D: #warning directive: not implement yet
compiling guitester.c...
src\User\paralib.h(71): warning:  #1215-D: #warning directive: not implement yet
compiling guitesterkeypad.c...
src\User\paralib.h(71): warning:  #1215-D: #warning directive: not implement yet
compiling paralib.c...
src\user\paralib.h(71): warning:  #1215-D: #warning directive: not implement yet
compiling guifiledownload.c...
src\user\paralib.h(71): warning:  #1215-D: #warning directive: not implement yet
compiling guifree.c...
src\user\paralib.h(71): warning:  #1215-D: #warning directive: not implement yet
compiling guioff.c...
src\user\paralib.h(71): warning:  #1215-D: #warning directive: not implement yet
compiling hwtester.c...
src\user\hwtester.c(48): warning:  #1295-D: Deprecated declaration getTerminalChar - give arg types
src\user\hwtester.c(219): warning:  #177-D: variable "uID" was declared but never referenced
src\user\hwtester.c(506): warning:  #111-D: statement is unreachable
src\user\hwtester.c(607): warning:  #177-D: variable "reVal" was declared but never referenced
src\user\hwtester.c(700): warning:  #111-D: statement is unreachable
src\user\hwtester.c(719): warning:  #111-D: statement is unreachable
compiling halinterface.c...
compiling guidrv.c...
compiling keydrv.c...
compiling powerdrv.c...
src\SysHal\powerdrv.c(105): warning:  #177-D: function "busyDelay" was declared but never referenced
src\SysHal\powerdrv.c(111): warning:  #177-D: function "showReg" was declared but never referenced
src\SysHal\powerdrv.c(382): warning:  #177-D: function "powerSendStatusData" was declared but never referenced
compiling timerdrv.c...
compiling cardreader.c...
compiling epddrv.c...
.\src\user\paralib.h(71): warning:  #1215-D: #warning directive: not implement yet
src\SysHal\epddrv.c(1889): warning:  #1215-D: #warning directive: 
src\SysHal\epddrv.c(1912): warning:  #1215-D: #warning directive: 
src\SysHal\epddrv.c(92): warning:  #177-D: variable "initFlag" was declared but never referenced
compiling spacedrv.c...
.\src\user\paralib.h(71): warning:  #1215-D: #warning directive: not implement yet
src\SysHal\spacedrv.c(165): warning:  #1215-D: #warning directive: need check here
src\SysHal\spacedrv.c(210): warning:  #1215-D: #warning directive: need check here
compiling timelib.c...
compiling ts2000drv.c...
src\SysHal\ts2000drv.c(212): warning:  #1215-D: #warning directive: need check here
src\SysHal\ts2000drv.c(408): warning:  #1215-D: #warning directive: need check here =7???
compiling pct08cmdlib.c...
compiling pct08drv.c...
compiling fatfslib.c...
.\src\user\paralib.h(71): warning:  #1215-D: #warning directive: not implement yet
compiling photoagent.c...
.\src\user\paralib.h(71): warning:  #1215-D: #warning directive: not implement yet
compiling jsoncmdlib.c...
.\src\user\paralib.h(71): warning:  #1215-D: #warning directive: not implement yet
compiling modemagent.c...
.\src\user\paralib.h(71): warning:  #1215-D: #warning directive: not implement yet
compiling tarifflib.c...
.\src\user\paralib.h(71): warning:  #1215-D: #warning directive: not implement yet
compiling yaffs2drv.c...
compiling dataprocesslib.c...
.\src\user\paralib.h(71): warning:  #1215-D: #warning directive: not implement yet
src\syshal\dataprocesslib.c(1006): warning:  #1215-D: #warning directive: 
compiling loglib.c...
.\src\user\paralib.h(71): warning:  #1215-D: #warning directive: not implement yet
compiling ledcmdlib.c...
compiling leddrv.c...
src\syshal\leddrv.c(302): warning:  #1215-D: #warning directive: need check this
compiling fileagent.c...
compiling userdrv.c...
compiling interface.c...
compiling uart1drv.c...
compiling uart2drv.c...
compiling uart3drv.c...
compiling uart4drv.c...
compiling uart7drv.c...
compiling uart8drv.c...
compiling uart10drv.c...
compiling spi0drv.c...
compiling spi1drv.c...
compiling i2c1drv.c...
compiling buzzerdrv.c...
compiling batterydrv.c...
src\UserDrv\batterydrv.c(247): warning:  #1215-D: #warning directive: temp
src\UserDrv\batterydrv.c(81): warning:  #550-D: variable "batteryDrvIgnoreRun" was set but never used
compiling dipdrv.c...
compiling rs232CommDrv.c...
compiling flashdrvex.c...
src\UserDrv\flashdrvex.c(472): warning:  #1215-D: #warning directive: just for test 
compiling sddrv.c...
compiling sr04tdrv.c...
compiling nt066edrv.c...
src\userdrv\nt066edrv.c(53): warning:  #1215-D: #warning directive: 
compiling smartcarddrv.c...
compiling ccsbcs.c...
compiling diskio.c...
compiling ff.c...
compiling cJSON.c...
src\SysHal\json\cJSON.c(120): warning:  #1293-D: assignment in condition
src\SysHal\json\cJSON.c(755): warning:  #1293-D: assignment in condition
src\SysHal\json\cJSON.c(1856): warning:  #161-D: unrecognized #pragma
src\SysHal\json\cJSON.c(1857): warning:  #161-D: unrecognized #pragma
src\SysHal\json\cJSON.c(1859): warning:  #161-D: unrecognized #pragma
compiling cJSON_Utils.c...
src\SysHal\json\cJSON_Utils.c(22): warning:  #1293-D: assignment in condition
src\SysHal\json\cJSON_Utils.c(529): warning:  #1293-D: assignment in condition
compiling atcmdparser.c...
compiling quentelmodemlib.c...
src\syshal\modemlib\quentelmodemlib.c(366): warning:  #1215-D: #warning directive: nee implement QModem power
compiling mtdcore.c...
compiling mtdpart.c...
compiling nand.c...
..\..\common\src\BSP\ThirdParty\yaffs2\nand.c(57): warning:  #223-D: function "sprintf" declared implicitly
compiling nand_base.c...
..\..\common\src\BSP\ThirdParty\yaffs2\nand_base.c(2210): warning:  #68-D: integer conversion resulted in a change of sign
..\..\common\src\BSP\ThirdParty\yaffs2\nand_base.c(3218): warning:  #223-D: function "yaffs_free" declared implicitly
compiling nand_bbt.c...
..\..\common\src\BSP\ThirdParty\yaffs2\nand_bbt.c(1186): warning:  #1293-D: assignment in condition
compiling nand_ids.c...
compiling nand_util.c...
..\..\common\src\BSP\ThirdParty\yaffs2\nand_util.c(94): warning:  #223-D: function "lldiv" declared implicitly
compiling yaffs_allocator.c...
compiling yaffs_attribs.c...
compiling yaffs_bitmap.c...
compiling yaffs_checkptrw.c...
compiling yaffs_ecc.c...
compiling yaffs_error.c...
compiling yaffs_guts.c...
..\..\common\src\BSP\ThirdParty\yaffs2\yaffs_guts.c(4856): warning:  #68-D: integer conversion resulted in a change of sign
compiling yaffs_malloc.c...
compiling yaffs_mtdif.c...
compiling yaffs_mtdif2.c...
compiling yaffs_nameval.c...
compiling yaffs_nand.c...
compiling yaffs_packedtags1.c...
compiling yaffs_packedtags2.c...
..\..\common\src\BSP\ThirdParty\yaffs2\yaffs_packedtags2.c(98): warning:  #61-D: integer operation result is out of range
..\..\common\src\BSP\ThirdParty\yaffs2\yaffs_packedtags2.c(150): warning:  #188-D: enumerated type mixed with another type
..\..\common\src\BSP\ThirdParty\yaffs2\yaffs_packedtags2.c(151): warning:  #61-D: integer operation result is out of range
compiling yaffs_qsort.c...
compiling yaffs_summary.c...
compiling yaffs_tagscompat.c...
compiling yaffs_verify.c...
compiling yaffs_yaffs1.c...
..\..\common\src\BSP\ThirdParty\yaffs2\yaffs_yaffs1.c(88): warning:  #188-D: enumerated type mixed with another type
compiling yaffs_yaffs2.c...
compiling yaffsfs.c...
compiling fmi_nand.c...
linking...
Program Size: Code=409784 RO-data=16832 RW-data=6188 ZI-data=24440016  
FromELF: creating hex file...
User command #1: fromelf --bin ".\obj\epm2.axf" --output ".\obj\epm2.bin"
User command #2: fromelf --text -c ".\obj\epm2.axf" --output ".\obj\epm2.txt"
".\obj\epm2.axf" - 0 Error(s), 70 Warning(s).
Build target 'epm2'
compiling main.c...
.\src\user\paralib.h(71): warning:  #1215-D: #warning directive: not implement yet
compiling user.c...
src\User\paralib.h(71): warning:  #1215-D: #warning directive: not implement yet
compiling guistandby.c...
src\User\paralib.h(71): warning:  #1215-D: #warning directive: not implement yet
compiling guimanager.c...
src\User\paralib.h(71): warning:  #1215-D: #warning directive: not implement yet
compiling meterdata.c...
src\User\paralib.h(71): warning:  #1215-D: #warning directive: not implement yet
src\User\meterdata.c(217): warning:  #1215-D: #warning directive: just test
src\User\meterdata.c(226): warning:  #1215-D: #warning directive: just test
src\User\meterdata.c(678): warning:  #1215-D: #warning directive: 
compiling guiselspace.c...
src\User\paralib.h(71): warning:  #1215-D: #warning directive: not implement yet
compiling guiseltime.c...
src\User\paralib.h(71): warning:  #1215-D: #warning directive: not implement yet
compiling guireaderinit.c...
src\User\paralib.h(71): warning:  #1215-D: #warning directive: not implement yet
compiling guideposit.c...
src\User\paralib.h(71): warning:  #1215-D: #warning directive: not implement yet
compiling guidepositfail.c...
src\User\paralib.h(71): warning:  #1215-D: #warning directive: not implement yet
compiling guidepositok.c...
src\User\paralib.h(71): warning:  #1215-D: #warning directive: not implement yet
compiling guireplacebp.c...
src\User\paralib.h(71): warning:  #1215-D: #warning directive: not implement yet
compiling guitester.c...
src\User\paralib.h(71): warning:  #1215-D: #warning directive: not implement yet
compiling guitesterkeypad.c...
src\User\paralib.h(71): warning:  #1215-D: #warning directive: not implement yet
compiling paralib.c...
src\user\paralib.h(71): warning:  #1215-D: #warning directive: not implement yet
compiling guifiledownload.c...
src\user\paralib.h(71): warning:  #1215-D: #warning directive: not implement yet
compiling guifree.c...
src\user\paralib.h(71): warning:  #1215-D: #warning directive: not implement yet
compiling guioff.c...
src\user\paralib.h(71): warning:  #1215-D: #warning directive: not implement yet
compiling hwtester.c...
src\user\hwtester.c(48): warning:  #1295-D: Deprecated declaration getTerminalChar - give arg types
src\user\hwtester.c(219): warning:  #177-D: variable "uID" was declared but never referenced
src\user\hwtester.c(506): warning:  #111-D: statement is unreachable
src\user\hwtester.c(607): warning:  #177-D: variable "reVal" was declared but never referenced
src\user\hwtester.c(700): warning:  #111-D: statement is unreachable
src\user\hwtester.c(719): warning:  #111-D: statement is unreachable
compiling guidrv.c...
compiling keydrv.c...
compiling powerdrv.c...
src\SysHal\powerdrv.c(105): warning:  #177-D: function "busyDelay" was declared but never referenced
src\SysHal\powerdrv.c(111): warning:  #177-D: function "showReg" was declared but never referenced
src\SysHal\powerdrv.c(382): warning:  #177-D: function "powerSendStatusData" was declared but never referenced
compiling timerdrv.c...
compiling cardreader.c...
compiling epddrv.c...
.\src\user\paralib.h(71): warning:  #1215-D: #warning directive: not implement yet
src\SysHal\epddrv.c(1889): warning:  #1215-D: #warning directive: 
src\SysHal\epddrv.c(1912): warning:  #1215-D: #warning directive: 
src\SysHal\epddrv.c(92): warning:  #177-D: variable "initFlag" was declared but never referenced
compiling spacedrv.c...
.\src\user\paralib.h(71): warning:  #1215-D: #warning directive: not implement yet
src\SysHal\spacedrv.c(165): warning:  #1215-D: #warning directive: need check here
src\SysHal\spacedrv.c(210): warning:  #1215-D: #warning directive: need check here
compiling ts2000drv.c...
src\SysHal\ts2000drv.c(212): warning:  #1215-D: #warning directive: need check here
src\SysHal\ts2000drv.c(408): warning:  #1215-D: #warning directive: need check here =7???
compiling pct08cmdlib.c...
compiling pct08drv.c...
compiling fatfslib.c...
.\src\user\paralib.h(71): warning:  #1215-D: #warning directive: not implement yet
compiling photoagent.c...
.\src\user\paralib.h(71): warning:  #1215-D: #warning directive: not implement yet
compiling jsoncmdlib.c...
.\src\user\paralib.h(71): warning:  #1215-D: #warning directive: not implement yet
compiling modemagent.c...
.\src\user\paralib.h(71): warning:  #1215-D: #warning directive: not implement yet
compiling tarifflib.c...
.\src\user\paralib.h(71): warning:  #1215-D: #warning directive: not implement yet
compiling yaffs2drv.c...
compiling dataprocesslib.c...
.\src\user\paralib.h(71): warning:  #1215-D: #warning directive: not implement yet
src\syshal\dataprocesslib.c(1006): warning:  #1215-D: #warning directive: 
compiling loglib.c...
.\src\user\paralib.h(71): warning:  #1215-D: #warning directive: not implement yet
compiling leddrv.c...
src\syshal\leddrv.c(302): warning:  #1215-D: #warning directive: need check this
compiling fileagent.c...
compiling userdrv.c...
compiling uart1drv.c...
compiling uart2drv.c...
compiling uart3drv.c...
compiling uart4drv.c...
compiling uart7drv.c...
compiling uart8drv.c...
compiling uart10drv.c...
compiling spi0drv.c...
compiling spi1drv.c...
compiling i2c1drv.c...
compiling buzzerdrv.c...
compiling batterydrv.c...
src\UserDrv\batterydrv.c(247): warning:  #1215-D: #warning directive: temp
src\UserDrv\batterydrv.c(81): warning:  #550-D: variable "batteryDrvIgnoreRun" was set but never used
compiling dipdrv.c...
compiling rs232CommDrv.c...
compiling flashdrvex.c...
src\UserDrv\flashdrvex.c(472): warning:  #1215-D: #warning directive: just for test 
compiling sddrv.c...
compiling sr04tdrv.c...
compiling nt066edrv.c...
src\userdrv\nt066edrv.c(53): warning:  #1215-D: #warning directive: 
compiling smartcarddrv.c...
compiling atcmdparser.c...
compiling quentelmodemlib.c...
src\syshal\modemlib\quentelmodemlib.c(366): warning:  #1215-D: #warning directive: nee implement QModem power
linking...
Program Size: Code=409852 RO-data=16864 RW-data=6220 ZI-data=24439884  
FromELF: creating hex file...
User command #1: fromelf --bin ".\obj\epm2.axf" --output ".\obj\epm2.bin"
User command #2: fromelf --text -c ".\obj\epm2.axf" --output ".\obj\epm2.txt"
".\obj\epm2.axf" - 0 Error(s), 53 Warning(s).
