<html>
<body>
<pre>
<h1>µVision Build Log</h1>
<h2>Project:</h2>
D:\2.Code\keil\epm_1_9_6_2101131552\epm_1_9_6_2101131552\project\epm\epm2.uvproj
Project File Date:  11/23/2020

<h2>Output:</h2>
Build target 'epmtest'
compiling main.c...
compiling hwtester.c...
src\user\hwtester.c(897): warning:  #177-D: variable "tempchar" was declared but never referenced
src\user\hwtester.c(898): warning:  #177-D: variable "numberString" was declared but never referenced
src\user\hwtester.c(899): warning:  #177-D: variable "firststringflag" was declared but never referenced
src\user\hwtester.c(900): warning:  #177-D: variable "changenumberflag" was declared but never referenced
src\user\hwtester.c(902): warning:  #177-D: variable "str" was declared but never referenced
src\user\hwtester.c(905): warning:  #177-D: variable "number" was declared but never referenced
src\user\hwtester.c(951): warning:  #177-D: variable "tempchar" was declared but never referenced
src\user\hwtester.c(952): warning:  #177-D: variable "numberString" was declared but never referenced
src\user\hwtester.c(953): warning:  #177-D: variable "firststringflag" was declared but never referenced
src\user\hwtester.c(954): warning:  #177-D: variable "changenumberflag" was declared but never referenced
src\user\hwtester.c(956): warning:  #177-D: variable "str" was declared but never referenced
src\user\hwtester.c(959): warning:  #177-D: variable "number" was declared but never referenced
src\user\hwtester.c(1043): warning:  #177-D: variable "tempchar" was declared but never referenced
src\user\hwtester.c(1044): warning:  #177-D: variable "numberString" was declared but never referenced
src\user\hwtester.c(1045): warning:  #177-D: variable "firststringflag" was declared but never referenced
src\user\hwtester.c(1046): warning:  #177-D: variable "changenumberflag" was declared but never referenced
src\user\hwtester.c(1048): warning:  #177-D: variable "str" was declared but never referenced
src\user\hwtester.c(1051): warning:  #177-D: variable "number" was declared but never referenced
src\user\hwtester.c(1112): warning:  #177-D: variable "str" was declared but never referenced
src\user\hwtester.c(1268): warning:  #223-D: function "UserDrvInit" declared implicitly
src\user\hwtester.c(1205): warning:  #177-D: variable "tempchar" was declared but never referenced
src\user\hwtester.c(1206): warning:  #177-D: variable "numberString" was declared but never referenced
src\user\hwtester.c(1207): warning:  #177-D: variable "firststringflag" was declared but never referenced
src\user\hwtester.c(1208): warning:  #177-D: variable "changenumberflag" was declared but never referenced
src\user\hwtester.c(1210): warning:  #177-D: variable "binselect" was declared but never referenced
src\user\hwtester.c(1382): warning:  #223-D: function "UserDrvInit" declared implicitly
src\user\hwtester.c(1356): warning:  #177-D: variable "tempchar" was declared but never referenced
src\user\hwtester.c(1357): warning:  #177-D: variable "numberString" was declared but never referenced
src\user\hwtester.c(1358): warning:  #177-D: variable "firststringflag" was declared but never referenced
src\user\hwtester.c(1359): warning:  #177-D: variable "changenumberflag" was declared but never referenced
src\user\hwtester.c(1361): warning:  #177-D: variable "binselect" was declared but never referenced
src\user\hwtester.c(1475): warning:  #177-D: variable "tempchar" was declared but never referenced
src\user\hwtester.c(1476): warning:  #177-D: variable "numberString" was declared but never referenced
src\user\hwtester.c(1477): warning:  #177-D: variable "firststringflag" was declared but never referenced
src\user\hwtester.c(1478): warning:  #177-D: variable "changenumberflag" was declared but never referenced
src\user\hwtester.c(1480): warning:  #177-D: variable "binselect" was declared but never referenced
src\user\hwtester.c(1831): warning:  #223-D: function "UserDrvInit" declared implicitly
src\user\hwtester.c(1867): warning:  #940-D: missing return statement at end of non-void function "OpenCamPhoto"
src\user\hwtester.c(1886): warning:  #177-D: variable "count" was declared but never referenced
src\user\hwtester.c(1887): warning:  #177-D: variable "remain" was declared but never referenced
src\user\hwtester.c(1888): warning:  #177-D: variable "progress" was declared but never referenced
src\user\hwtester.c(1890): warning:  #177-D: variable "timeStr" was declared but never referenced
src\user\hwtester.c(2733): warning:  #177-D: variable "LEDresultFlag3" was declared but never referenced
src\user\hwtester.c(2741): warning:  #177-D: variable "LEDVerStr" was declared but never referenced
src\user\hwtester.c(2913): warning:  #177-D: variable "count" was declared but never referenced
src\user\hwtester.c(2987): warning:  #177-D: variable "lastStatus" was declared but never referenced
src\user\hwtester.c(2988): warning:  #177-D: variable "statusStage" was declared but never referenced
src\user\hwtester.c(3199): warning:  #111-D: statement is unreachable
src\user\hwtester.c(3316): warning:  #111-D: statement is unreachable
src\user\hwtester.c(3423): warning:  #177-D: variable "EPDtestFlag" was declared but never referenced
src\user\hwtester.c(3794): warning:  #61-D: integer operation result is out of range
src\user\hwtester.c(3560): warning:  #177-D: variable "resultFlag1" was declared but never referenced
src\user\hwtester.c(3561): warning:  #177-D: variable "resultFlag2" was declared but never referenced
src\user\hwtester.c(3562): warning:  #177-D: variable "resultFlag3" was declared but never referenced
src\user\hwtester.c(3563): warning:  #550-D: variable "resultFlag4" was set but never used
src\user\hwtester.c(3568): warning:  #177-D: variable "ReadBufLen" was declared but never referenced
src\user\hwtester.c(4044): warning:  #177-D: variable "waitcounter" was declared but never referenced
src\user\hwtester.c(4045): warning:  #177-D: variable "mwaitcounter" was declared but never referenced
src\user\hwtester.c(4272): warning:  #111-D: statement is unreachable
src\user\hwtester.c(4321): warning:  #111-D: statement is unreachable
src\user\hwtester.c(4372): warning:  #111-D: statement is unreachable
src\user\hwtester.c(4404): warning:  #111-D: statement is unreachable
src\user\hwtester.c(4438): warning:  #111-D: statement is unreachable
src\user\hwtester.c(4475): warning:  #177-D: variable "mtimeoutCounter2" was declared but never referenced
src\user\hwtester.c(4476): warning:  #177-D: variable "timeoutCounter2" was declared but never referenced
src\user\hwtester.c(4866): warning:  #111-D: statement is unreachable
src\user\hwtester.c(4873): warning:  #111-D: statement is unreachable
src\user\hwtester.c(4878): warning:  #111-D: statement is unreachable
src\user\hwtester.c(4884): warning:  #940-D: missing return statement at end of non-void function "SetValue"
src\user\hwtester.c(4889): warning:  #177-D: variable "idTmpYear" was declared but never referenced
src\user\hwtester.c(4889): warning:  #177-D: variable "idTmpMonth" was declared but never referenced
src\user\hwtester.c(4889): warning:  #177-D: variable "idTmpDay" was declared but never referenced
src\user\hwtester.c(4889): warning:  #177-D: variable "idTmpHour" was declared but never referenced
src\user\hwtester.c(4889): warning:  #177-D: variable "idTmpMinute" was declared but never referenced
src\user\hwtester.c(4889): warning:  #177-D: variable "idTmpSecond" was declared but never referenced
src\user\hwtester.c(4889): warning:  #177-D: variable "idTmpWeekday" was declared but never referenced
src\user\hwtester.c(5076): warning:  #61-D: integer operation result is out of range
src\user\hwtester.c(5018): warning:  #177-D: variable "pt" was declared but never referenced
src\user\hwtester.c(5777): warning:  #61-D: integer operation result is out of range
src\user\hwtester.c(5810): warning:  #61-D: integer operation result is out of range
src\user\hwtester.c(6001): warning:  #111-D: statement is unreachable
src\user\hwtester.c(5864): warning:  #177-D: variable "ReaderCTSLowSensorSnrSwVD33InFlag" was declared but never referenced
src\user\hwtester.c(5865): warning:  #177-D: variable "ReaderCTSHighSensorSnrSwVD33InFlag" was declared but never referenced
src\user\hwtester.c(6510): warning:  #177-D: variable "tString" was declared but never referenced
src\user\hwtester.c(6844): warning:  #177-D: variable "NumStr" was declared but never referenced
src\user\hwtester.c(7637): warning:  #111-D: statement is unreachable
src\user\hwtester.c(7867): warning:  #61-D: integer operation result is out of range
src\user\hwtester.c(8664): warning:  #177-D: variable "changeFlag" was declared but never referenced
src\user\hwtester.c(8733): warning:  #177-D: variable "ReadCmd" was declared but never referenced
src\user\hwtester.c(8741): warning:  #177-D: variable "setFR" was declared but never referenced
src\user\hwtester.c(8867): warning:  #177-D: variable "ReadCmd" was declared but never referenced
src\user\hwtester.c(8875): warning:  #177-D: variable "rdIndex" was declared but never referenced
src\user\hwtester.c(9742): warning:  #177-D: variable "changeFlag" was declared but never referenced
src\user\hwtester.c(9899): warning:  #546-D: transfer of control bypasses initialization of:
            variable "retry1" (declared at line 9982)
            variable "retry2" (declared at line 10056)
          switch(tempchar)
          ^
src\user\hwtester.c(10138): warning:  #177-D: variable "modifyvcomValue" was declared but never referenced
src\user\hwtester.c(10141): warning:  #177-D: variable "lastVCOMString" was declared but never referenced
src\user\hwtester.c(10142): warning:  #177-D: variable "modifyVCOMString" was declared but never referenced
src\user\hwtester.c(10479): warning:  #177-D: variable "FRtype" was declared but never referenced
src\user\hwtester.c(10795): warning:  #177-D: variable "code11" was declared but never referenced
src\user\hwtester.c(10795): warning:  #177-D: variable "code12" was declared but never referenced
src\user\hwtester.c(10795): warning:  #177-D: variable "code13" was declared but never referenced
src\user\hwtester.c(10795): warning:  #177-D: variable "code14" was declared but never referenced
src\user\hwtester.c(10795): warning:  #177-D: variable "code21" was declared but never referenced
src\user\hwtester.c(10795): warning:  #177-D: variable "code22" was declared but never referenced
src\user\hwtester.c(10795): warning:  #177-D: variable "code23" was declared but never referenced
src\user\hwtester.c(10795): warning:  #177-D: variable "code24" was declared but never referenced
src\user\hwtester.c(10796): warning:  #177-D: variable "pageCounter" was declared but never referenced
src\user\hwtester.c(10797): warning:  #177-D: variable "pagechangeFlag" was declared but never referenced
src\user\hwtester.c(10799): warning:  #177-D: variable "tempreadLUTVersion" was declared but never referenced
src\user\hwtester.c(11069): warning:  #177-D: variable "changeFlag" was declared but never referenced
src\user\hwtester.c(11419): warning:  #111-D: statement is unreachable
src\user\hwtester.c(11379): warning:  #177-D: variable "chrtemp" was declared but never referenced
src\user\hwtester.c(11652): warning:  #940-D: missing return statement at end of non-void function "QueryNTPfun"
src\user\hwtester.c(12189): warning:  #61-D: integer operation result is out of range
src\user\hwtester.c(12227): warning:  #177-D: variable "timeOut" was declared but never referenced
src\user\hwtester.c(12487): warning:  #177-D: variable "VCOMString" was declared but never referenced
src\user\hwtester.c(12345): warning:  #177-D: variable "lastvcomValue" was declared but never referenced
src\user\hwtester.c(12346): warning:  #177-D: variable "modifyvcomValue" was declared but never referenced
src\user\hwtester.c(12349): warning:  #177-D: variable "lastVCOMString" was declared but never referenced
src\user\hwtester.c(12350): warning:  #177-D: variable "modifyVCOMString" was declared but never referenced
src\user\hwtester.c(12351): warning:  #177-D: variable "recoveryVCOMString" was declared but never referenced
src\user\hwtester.c(12645): warning:  #177-D: variable "lastvcomValue" was declared but never referenced
src\user\hwtester.c(12646): warning:  #177-D: variable "modifyvcomValue" was declared but never referenced
src\user\hwtester.c(12647): warning:  #177-D: variable "newvcomValue" was declared but never referenced
src\user\hwtester.c(12648): warning:  #177-D: variable "recoveryvcomValue" was declared but never referenced
src\user\hwtester.c(12649): warning:  #177-D: variable "lastVCOMString" was declared but never referenced
src\user\hwtester.c(12650): warning:  #177-D: variable "modifyVCOMString" was declared but never referenced
src\user\hwtester.c(12651): warning:  #177-D: variable "recoveryVCOMString" was declared but never referenced
src\user\hwtester.c(157): warning:  #177-D: function "singleTestB" was declared but never referenced
src\user\hwtester.c(11498): warning:  #177-D: function "ModemTool" was declared but never referenced
src\user\hwtester.c(11563): warning:  #177-D: function "NTPTool" was declared but never referenced
src\user\hwtester.c(2002): warning:  #177-D: function "versionQuery" was declared but never referenced
src\user\hwtester.c(7671): warning:  #177-D: function "lidarSingleTest" was declared but never referenced
src\user\hwtester.c(4724): warning:  #177-D: function "SuperCapTest" was declared but never referenced
src\user\hwtester.c(9352): warning:  #177-D: function "radarTest" was declared but never referenced
src\user\hwtester.c(9670): warning:  #177-D: function "lidarTest" was declared but never referenced
src\user\hwtester.c(9739): warning:  #177-D: function "lidarPowerSet" was declared but never referenced
src\user\hwtester.c(254): warning:  #177-D: variable "testerResult" was declared but never referenced
src\user\hwtester.c(255): warning:  #177-D: variable "epdString" was declared but never referenced
src\user\hwtester.c(256): warning:  #177-D: variable "epdPrintFlag" was declared but never referenced
src\user\hwtester.c(257): warning:  #177-D: variable "refreshMsgBar" was declared but never referenced
src\user\hwtester.c(265): warning:  #177-D: variable "bayColorOff" was declared but never referenced
src\user\hwtester.c(266): warning:  #177-D: variable "bayColorAllGreen" was declared but never referenced
src\user\hwtester.c(267): warning:  #177-D: variable "bayColorAllRed" was declared but never referenced
src\user\hwtester.c(284): warning:  #177-D: variable "firstInitFlag" was declared but never referenced
src\user\hwtester.c(314): warning:  #177-D: variable "SleeptestFlag" was declared but never referenced
src\user\hwtester.c(813): warning:  #177-D: function "guiManagerRefreshScreen" was declared but never referenced
src\user\hwtester.c(3106): warning:  #177-D: function "redSwitchAllTest_old" was declared but never referenced
src\user\hwtester.c(4783): warning:  #177-D: function "readerCNCallback" was declared but never referenced
linking...
Program Size: Code=673984 RO-data=27384 RW-data=11728 ZI-data=29793348  
FromELF: creating hex file...
After Build - User command #1: fromelf --bin ".\obj\epmtest.axf" --output ".\obj\epmtest.bin"
After Build - User command #2: fromelf --text -c ".\obj\epmtest.axf" --output ".\obj\epmtest.txt"
".\obj\epmtest.axf" - 0 Errors, 149 Warning(s).
Build target 'epmtest'
compiling main.c...
compiling user.c...
compiling guimanager.c...
compiling meterdata.c...
src\User\meterdata.c(217): warning:  #1215-D: #warning directive: just test
src\User\meterdata.c(226): warning:  #1215-D: #warning directive: just test
src\User\meterdata.c(678): warning:  #1215-D: #warning directive: 
      #warning 
       ^
src\User\meterdata.c: 3 warnings, 0 errors
compiling paralib.c...
compiling hwtester.c...
src\user\hwtester.c(897): warning:  #177-D: variable "tempchar" was declared but never referenced
src\user\hwtester.c(898): warning:  #177-D: variable "numberString" was declared but never referenced
src\user\hwtester.c(899): warning:  #177-D: variable "firststringflag" was declared but never referenced
src\user\hwtester.c(900): warning:  #177-D: variable "changenumberflag" was declared but never referenced
src\user\hwtester.c(902): warning:  #177-D: variable "str" was declared but never referenced
src\user\hwtester.c(905): warning:  #177-D: variable "number" was declared but never referenced
src\user\hwtester.c(951): warning:  #177-D: variable "tempchar" was declared but never referenced
src\user\hwtester.c(952): warning:  #177-D: variable "numberString" was declared but never referenced
src\user\hwtester.c(953): warning:  #177-D: variable "firststringflag" was declared but never referenced
src\user\hwtester.c(954): warning:  #177-D: variable "changenumberflag" was declared but never referenced
src\user\hwtester.c(956): warning:  #177-D: variable "str" was declared but never referenced
src\user\hwtester.c(959): warning:  #177-D: variable "number" was declared but never referenced
src\user\hwtester.c(1043): warning:  #177-D: variable "tempchar" was declared but never referenced
src\user\hwtester.c(1044): warning:  #177-D: variable "numberString" was declared but never referenced
src\user\hwtester.c(1045): warning:  #177-D: variable "firststringflag" was declared but never referenced
src\user\hwtester.c(1046): warning:  #177-D: variable "changenumberflag" was declared but never referenced
src\user\hwtester.c(1048): warning:  #177-D: variable "str" was declared but never referenced
src\user\hwtester.c(1051): warning:  #177-D: variable "number" was declared but never referenced
src\user\hwtester.c(1112): warning:  #177-D: variable "str" was declared but never referenced
src\user\hwtester.c(1268): warning:  #223-D: function "UserDrvInit" declared implicitly
src\user\hwtester.c(1205): warning:  #177-D: variable "tempchar" was declared but never referenced
src\user\hwtester.c(1206): warning:  #177-D: variable "numberString" was declared but never referenced
src\user\hwtester.c(1207): warning:  #177-D: variable "firststringflag" was declared but never referenced
src\user\hwtester.c(1208): warning:  #177-D: variable "changenumberflag" was declared but never referenced
src\user\hwtester.c(1210): warning:  #177-D: variable "binselect" was declared but never referenced
src\user\hwtester.c(1382): warning:  #223-D: function "UserDrvInit" declared implicitly
src\user\hwtester.c(1356): warning:  #177-D: variable "tempchar" was declared but never referenced
src\user\hwtester.c(1357): warning:  #177-D: variable "numberString" was declared but never referenced
src\user\hwtester.c(1358): warning:  #177-D: variable "firststringflag" was declared but never referenced
src\user\hwtester.c(1359): warning:  #177-D: variable "changenumberflag" was declared but never referenced
src\user\hwtester.c(1361): warning:  #177-D: variable "binselect" was declared but never referenced
src\user\hwtester.c(1475): warning:  #177-D: variable "tempchar" was declared but never referenced
src\user\hwtester.c(1476): warning:  #177-D: variable "numberString" was declared but never referenced
src\user\hwtester.c(1477): warning:  #177-D: variable "firststringflag" was declared but never referenced
src\user\hwtester.c(1478): warning:  #177-D: variable "changenumberflag" was declared but never referenced
src\user\hwtester.c(1480): warning:  #177-D: variable "binselect" was declared but never referenced
src\user\hwtester.c(1831): warning:  #223-D: function "UserDrvInit" declared implicitly
src\user\hwtester.c(1867): warning:  #940-D: missing return statement at end of non-void function "OpenCamPhoto"
src\user\hwtester.c(1886): warning:  #177-D: variable "count" was declared but never referenced
src\user\hwtester.c(1887): warning:  #177-D: variable "remain" was declared but never referenced
src\user\hwtester.c(1888): warning:  #177-D: variable "progress" was declared but never referenced
src\user\hwtester.c(1890): warning:  #177-D: variable "timeStr" was declared but never referenced
src\user\hwtester.c(2733): warning:  #177-D: variable "LEDresultFlag3" was declared but never referenced
src\user\hwtester.c(2741): warning:  #177-D: variable "LEDVerStr" was declared but never referenced
src\user\hwtester.c(2913): warning:  #177-D: variable "count" was declared but never referenced
src\user\hwtester.c(2987): warning:  #177-D: variable "lastStatus" was declared but never referenced
src\user\hwtester.c(2988): warning:  #177-D: variable "statusStage" was declared but never referenced
src\user\hwtester.c(3199): warning:  #111-D: statement is unreachable
src\user\hwtester.c(3316): warning:  #111-D: statement is unreachable
src\user\hwtester.c(3423): warning:  #177-D: variable "EPDtestFlag" was declared but never referenced
src\user\hwtester.c(3794): warning:  #61-D: integer operation result is out of range
src\user\hwtester.c(3560): warning:  #177-D: variable "resultFlag1" was declared but never referenced
src\user\hwtester.c(3561): warning:  #177-D: variable "resultFlag2" was declared but never referenced
src\user\hwtester.c(3562): warning:  #177-D: variable "resultFlag3" was declared but never referenced
src\user\hwtester.c(3563): warning:  #550-D: variable "resultFlag4" was set but never used
src\user\hwtester.c(3568): warning:  #177-D: variable "ReadBufLen" was declared but never referenced
src\user\hwtester.c(4044): warning:  #177-D: variable "waitcounter" was declared but never referenced
src\user\hwtester.c(4045): warning:  #177-D: variable "mwaitcounter" was declared but never referenced
src\user\hwtester.c(4272): warning:  #111-D: statement is unreachable
src\user\hwtester.c(4321): warning:  #111-D: statement is unreachable
src\user\hwtester.c(4372): warning:  #111-D: statement is unreachable
src\user\hwtester.c(4404): warning:  #111-D: statement is unreachable
src\user\hwtester.c(4438): warning:  #111-D: statement is unreachable
src\user\hwtester.c(4475): warning:  #177-D: variable "mtimeoutCounter2" was declared but never referenced
src\user\hwtester.c(4476): warning:  #177-D: variable "timeoutCounter2" was declared but never referenced
src\user\hwtester.c(4866): warning:  #111-D: statement is unreachable
src\user\hwtester.c(4873): warning:  #111-D: statement is unreachable
src\user\hwtester.c(4878): warning:  #111-D: statement is unreachable
src\user\hwtester.c(4884): warning:  #940-D: missing return statement at end of non-void function "SetValue"
src\user\hwtester.c(4889): warning:  #177-D: variable "idTmpYear" was declared but never referenced
src\user\hwtester.c(4889): warning:  #177-D: variable "idTmpMonth" was declared but never referenced
src\user\hwtester.c(4889): warning:  #177-D: variable "idTmpDay" was declared but never referenced
src\user\hwtester.c(4889): warning:  #177-D: variable "idTmpHour" was declared but never referenced
src\user\hwtester.c(4889): warning:  #177-D: variable "idTmpMinute" was declared but never referenced
src\user\hwtester.c(4889): warning:  #177-D: variable "idTmpSecond" was declared but never referenced
src\user\hwtester.c(4889): warning:  #177-D: variable "idTmpWeekday" was declared but never referenced
src\user\hwtester.c(5076): warning:  #61-D: integer operation result is out of range
src\user\hwtester.c(5018): warning:  #177-D: variable "pt" was declared but never referenced
src\user\hwtester.c(5777): warning:  #61-D: integer operation result is out of range
src\user\hwtester.c(5810): warning:  #61-D: integer operation result is out of range
src\user\hwtester.c(6001): warning:  #111-D: statement is unreachable
src\user\hwtester.c(5864): warning:  #177-D: variable "ReaderCTSLowSensorSnrSwVD33InFlag" was declared but never referenced
src\user\hwtester.c(5865): warning:  #177-D: variable "ReaderCTSHighSensorSnrSwVD33InFlag" was declared but never referenced
src\user\hwtester.c(6510): warning:  #177-D: variable "tString" was declared but never referenced
src\user\hwtester.c(6844): warning:  #177-D: variable "NumStr" was declared but never referenced
src\user\hwtester.c(7637): warning:  #111-D: statement is unreachable
src\user\hwtester.c(7867): warning:  #61-D: integer operation result is out of range
src\user\hwtester.c(8664): warning:  #177-D: variable "changeFlag" was declared but never referenced
src\user\hwtester.c(8733): warning:  #177-D: variable "ReadCmd" was declared but never referenced
src\user\hwtester.c(8741): warning:  #177-D: variable "setFR" was declared but never referenced
src\user\hwtester.c(8867): warning:  #177-D: variable "ReadCmd" was declared but never referenced
src\user\hwtester.c(8875): warning:  #177-D: variable "rdIndex" was declared but never referenced
src\user\hwtester.c(9742): warning:  #177-D: variable "changeFlag" was declared but never referenced
src\user\hwtester.c(9899): warning:  #546-D: transfer of control bypasses initialization of:
            variable "retry1" (declared at line 9982)
            variable "retry2" (declared at line 10056)
          switch(tempchar)
          ^
src\user\hwtester.c(10138): warning:  #177-D: variable "modifyvcomValue" was declared but never referenced
src\user\hwtester.c(10141): warning:  #177-D: variable "lastVCOMString" was declared but never referenced
src\user\hwtester.c(10142): warning:  #177-D: variable "modifyVCOMString" was declared but never referenced
src\user\hwtester.c(10479): warning:  #177-D: variable "FRtype" was declared but never referenced
src\user\hwtester.c(10795): warning:  #177-D: variable "code11" was declared but never referenced
src\user\hwtester.c(10795): warning:  #177-D: variable "code12" was declared but never referenced
src\user\hwtester.c(10795): warning:  #177-D: variable "code13" was declared but never referenced
src\user\hwtester.c(10795): warning:  #177-D: variable "code14" was declared but never referenced
src\user\hwtester.c(10795): warning:  #177-D: variable "code21" was declared but never referenced
src\user\hwtester.c(10795): warning:  #177-D: variable "code22" was declared but never referenced
src\user\hwtester.c(10795): warning:  #177-D: variable "code23" was declared but never referenced
src\user\hwtester.c(10795): warning:  #177-D: variable "code24" was declared but never referenced
src\user\hwtester.c(10796): warning:  #177-D: variable "pageCounter" was declared but never referenced
src\user\hwtester.c(10797): warning:  #177-D: variable "pagechangeFlag" was declared but never referenced
src\user\hwtester.c(10799): warning:  #177-D: variable "tempreadLUTVersion" was declared but never referenced
src\user\hwtester.c(11069): warning:  #177-D: variable "changeFlag" was declared but never referenced
src\user\hwtester.c(11419): warning:  #111-D: statement is unreachable
src\user\hwtester.c(11379): warning:  #177-D: variable "chrtemp" was declared but never referenced
src\user\hwtester.c(11652): warning:  #940-D: missing return statement at end of non-void function "QueryNTPfun"
src\user\hwtester.c(12189): warning:  #61-D: integer operation result is out of range
src\user\hwtester.c(12227): warning:  #177-D: variable "timeOut" was declared but never referenced
src\user\hwtester.c(12487): warning:  #177-D: variable "VCOMString" was declared but never referenced
src\user\hwtester.c(12345): warning:  #177-D: variable "lastvcomValue" was declared but never referenced
src\user\hwtester.c(12346): warning:  #177-D: variable "modifyvcomValue" was declared but never referenced
src\user\hwtester.c(12349): warning:  #177-D: variable "lastVCOMString" was declared but never referenced
src\user\hwtester.c(12350): warning:  #177-D: variable "modifyVCOMString" was declared but never referenced
src\user\hwtester.c(12351): warning:  #177-D: variable "recoveryVCOMString" was declared but never referenced
src\user\hwtester.c(12645): warning:  #177-D: variable "lastvcomValue" was declared but never referenced
src\user\hwtester.c(12646): warning:  #177-D: variable "modifyvcomValue" was declared but never referenced
src\user\hwtester.c(12647): warning:  #177-D: variable "newvcomValue" was declared but never referenced
src\user\hwtester.c(12648): warning:  #177-D: variable "recoveryvcomValue" was declared but never referenced
src\user\hwtester.c(12649): warning:  #177-D: variable "lastVCOMString" was declared but never referenced
src\user\hwtester.c(12650): warning:  #177-D: variable "modifyVCOMString" was declared but never referenced
src\user\hwtester.c(12651): warning:  #177-D: variable "recoveryVCOMString" was declared but never referenced
src\user\hwtester.c(157): warning:  #177-D: function "singleTestB" was declared but never referenced
src\user\hwtester.c(11498): warning:  #177-D: function "ModemTool" was declared but never referenced
src\user\hwtester.c(11563): warning:  #177-D: function "NTPTool" was declared but never referenced
src\user\hwtester.c(2002): warning:  #177-D: function "versionQuery" was declared but never referenced
src\user\hwtester.c(7671): warning:  #177-D: function "lidarSingleTest" was declared but never referenced
src\user\hwtester.c(4724): warning:  #177-D: function "SuperCapTest" was declared but never referenced
src\user\hwtester.c(9352): warning:  #177-D: function "radarTest" was declared but never referenced
src\user\hwtester.c(9670): warning:  #177-D: function "lidarTest" was declared but never referenced
src\user\hwtester.c(9739): warning:  #177-D: function "lidarPowerSet" was declared but never referenced
src\user\hwtester.c(254): warning:  #177-D: variable "testerResult" was declared but never referenced
src\user\hwtester.c(255): warning:  #177-D: variable "epdString" was declared but never referenced
src\user\hwtester.c(256): warning:  #177-D: variable "epdPrintFlag" was declared but never referenced
src\user\hwtester.c(257): warning:  #177-D: variable "refreshMsgBar" was declared but never referenced
src\user\hwtester.c(265): warning:  #177-D: variable "bayColorOff" was declared but never referenced
src\user\hwtester.c(266): warning:  #177-D: variable "bayColorAllGreen" was declared but never referenced
src\user\hwtester.c(267): warning:  #177-D: variable "bayColorAllRed" was declared but never referenced
src\user\hwtester.c(284): warning:  #177-D: variable "firstInitFlag" was declared but never referenced
src\user\hwtester.c(314): warning:  #177-D: variable "SleeptestFlag" was declared but never referenced
src\user\hwtester.c(813): warning:  #177-D: function "guiManagerRefreshScreen" was declared but never referenced
src\user\hwtester.c(3106): warning:  #177-D: function "redSwitchAllTest_old" was declared but never referenced
src\user\hwtester.c(4783): warning:  #177-D: function "readerCNCallback" was declared but never referenced
compiling guihardwaretest.c...
compiling guisingletest.c...
compiling guitool.c...
compiling guifactory.c...
src\user\guifactory.c(70): warning:  #177-D: variable "tickStart" was declared but never referenced
src\user\guifactory.c(72): warning:  #550-D: variable "refreshType" was set but never used
src\user\guifactory.c(74): warning:  #177-D: variable "nowIndex" was declared but never referenced
src\user\guifactory.c(74): warning:  #177-D: variable "oldIndex" was declared but never referenced
src\user\guifactory.c(75): warning:  #177-D: variable "statusStage" was declared but never referenced
src\user\guifactory.c(76): warning:  #177-D: variable "changeMsg" was declared but never referenced
src\user\guifactory.c(77): warning:  #177-D: variable "testing" was declared but never referenced
src\user\guifactory.c(78): warning:  #177-D: variable "keyTest" was declared but never referenced
src\user\guifactory.c(79): warning:  #177-D: variable "keyTestTime" was declared but never referenced
src\user\guifactory.c(88): warning:  #177-D: function "updateData" was declared but never referenced
compiling guisettingid.c...
compiling guishowcardid.c...
compiling guiradar.c...
compiling guiusbcam.c...
compiling guilidar.c...
compiling guinull.c...
src\user\guinull.c(129): warning:  #111-D: statement is unreachable
compiling guicalibration.c...
compiling guiversion.c...
src\user\guiversion.c(198): warning:  #111-D: statement is unreachable
src\user\guiversion.c(74): warning:  #177-D: function "updateBG" was declared but never referenced
compiling guiblank.c...
compiling guiepdflashtool.c...
compiling guiradarotatool.c...
compiling guiburnintester.c...
compiling guirtctool.c...
src\user\guirtctool.c(65): warning:  #177-D: variable "tickStart" was declared but never referenced
src\user\guirtctool.c(67): warning:  #177-D: variable "refreshType" was declared but never referenced
src\user\guirtctool.c(69): warning:  #177-D: variable "nowcursor" was declared but never referenced
src\user\guirtctool.c(69): warning:  #177-D: variable "oldcursor" was declared but never referenced
src\user\guirtctool.c(71): warning:  #177-D: variable "nowYearcursor" was declared but never referenced
src\user\guirtctool.c(71): warning:  #177-D: variable "oldYearcursor" was declared but never referenced
src\user\guirtctool.c(72): warning:  #177-D: variable "nowMonthcursor" was declared but never referenced
src\user\guirtctool.c(72): warning:  #177-D: variable "oldMonthcursor" was declared but never referenced
src\user\guirtctool.c(73): warning:  #177-D: variable "nowDaycursor" was declared but never referenced
src\user\guirtctool.c(73): warning:  #177-D: variable "oldDaycursor" was declared but never referenced
src\user\guirtctool.c(74): warning:  #177-D: variable "nowHourcursor" was declared but never referenced
src\user\guirtctool.c(74): warning:  #177-D: variable "oldHourcursor" was declared but never referenced
src\user\guirtctool.c(75): warning:  #177-D: variable "nowMinutecursor" was declared but never referenced
src\user\guirtctool.c(75): warning:  #177-D: variable "oldMinutecursor" was declared but never referenced
src\user\guirtctool.c(80): warning:  #177-D: variable "deviceID" was declared but never referenced
src\user\guirtctool.c(84): warning:  #177-D: variable "NumArray" was declared but never referenced
src\user\guirtctool.c(87): warning:  #177-D: variable "YearNum" was declared but never referenced
src\user\guirtctool.c(88): warning:  #177-D: variable "MonthNum" was declared but never referenced
src\user\guirtctool.c(89): warning:  #177-D: variable "DayNum" was declared but never referenced
src\user\guirtctool.c(90): warning:  #177-D: variable "HourNum" was declared but never referenced
src\user\guirtctool.c(91): warning:  #177-D: variable "MinuteNum" was declared but never referenced
src\user\guirtctool.c(92): warning:  #177-D: variable "WeekdayNum" was declared but never referenced
src\user\guirtctool.c(106): warning:  #177-D: variable "refreshYearFlag" was declared but never referenced
src\user\guirtctool.c(107): warning:  #177-D: variable "refreshMonthFlag" was declared but never referenced
src\user\guirtctool.c(108): warning:  #177-D: variable "refreshDayFlag" was declared but never referenced
src\user\guirtctool.c(109): warning:  #177-D: variable "refreshHourFlag" was declared but never referenced
src\user\guirtctool.c(110): warning:  #177-D: variable "refreshMinuteFlag" was declared but never referenced
src\user\guirtctool.c(111): warning:  #177-D: variable "refreshWeekdayFlag" was declared but never referenced
src\user\guirtctool.c(114): warning:  #177-D: variable "refreshDeviceID" was declared but never referenced
src\user\guirtctool.c(116): warning:  #550-D: variable "SetYearFlag" was set but never used
src\user\guirtctool.c(117): warning:  #550-D: variable "SetMonthFlag" was set but never used
src\user\guirtctool.c(118): warning:  #550-D: variable "SetDayFlag" was set but never used
src\user\guirtctool.c(119): warning:  #550-D: variable "SetHourFlag" was set but never used
src\user\guirtctool.c(120): warning:  #550-D: variable "SetMinuteFlag" was set but never used
src\user\guirtctool.c(121): warning:  #550-D: variable "SetWeekdayFlag" was set but never used
compiling guiradartool.c...
src\user\guiradartool.c(61): warning:  #550-D: variable "cleanMsgAfterMove" was set but never used
compiling guioff.c...
compiling halinterface.c...
compiling guidrv.c...
compiling keydrv.c...
compiling powerdrv.c...
src\SysHal\powerdrv.c(106): warning:  #177-D: function "busyDelay" was declared but never referenced
src\SysHal\powerdrv.c(112): warning:  #177-D: function "showReg" was declared but never referenced
src\SysHal\powerdrv.c(383): warning:  #177-D: function "powerSendStatusData" was declared but never referenced
compiling timerdrv.c...
compiling cardreader.c...
src\SysHal\cardreader.c(54): warning:  #550-D: variable "initFlag" was set but never used
compiling epddrv.c...
src\SysHal\epddrv.c(775): warning:  #177-D: variable "i" was declared but never referenced
src\SysHal\epddrv.c(980): warning:  #177-D: variable "ReturnValue" was declared but never referenced
src\SysHal\epddrv.c(999): warning:  #177-D: variable "ReturnValue" was declared but never referenced
src\SysHal\epddrv.c(3364): warning:  #1215-D: #warning directive: 
      #warning
       ^
src\SysHal\epddrv.c(3387): warning:  #1215-D: #warning directive: 
      #warning
       ^
src\SysHal\epddrv.c(122): warning:  #550-D: variable "pEpdReinitCallbackFunc" was set but never used
src\SysHal\epddrv.c(131): warning:  #550-D: variable "specialCleanFlag" was set but never used
src\SysHal\epddrv.c(133): warning:  #177-D: variable "flashErrorFlag" was declared but never referenced
src\SysHal\epddrv.c(652): warning:  #177-D: function "ReadData" was declared but never referenced
src\SysHal\epddrv.c(835): warning:  #177-D: function "wordSwapBytes" was declared but never referenced
compiling spacedrv.c...
src\SysHal\spacedrv.c(165): warning:  #1215-D: #warning directive: need check here
src\SysHal\spacedrv.c(210): warning:  #1215-D: #warning directive: need check here
compiling pct08cmdlib.c...
compiling pct08drv.c...
compiling fatfslib.c...
compiling photoagent.c...
src\SysHal\photoagent.c(219): warning:  #177-D: variable "CamInitCounter" was declared but never referenced
src\SysHal\photoagent.c(62): warning:  #550-D: variable "photoCurrentTime" was set but never used
compiling jsoncmdlib.c...
compiling modemagent.c...
src\syshal\modemagent.c(329): warning:  #177-D: variable "lasterrorflag" was declared but never referenced
compiling tarifflib.c...
compiling yaffs2drv.c...
compiling dataprocesslib.c...
src\syshal\dataprocesslib.c(1006): warning:  #1215-D: #warning directive: 
              #warning 
               ^
src\syshal\dataprocesslib.c: 1 warning, 0 errors
compiling loglib.c...
compiling leddrv.c...
src\syshal\leddrv.c(304): warning:  #177-D: variable "cmd" was declared but never referenced
src\syshal\leddrv.c(639): warning:  #1215-D: #warning directive: need check this
src\syshal\leddrv.c(93): warning:  #550-D: variable "local_DeathMin" was set but never used
src\syshal\leddrv.c(94): warning:  #550-D: variable "local_DeathSec" was set but never used
src\syshal\leddrv.c(107): warning:  #177-D: variable "reinitFlag" was declared but never referenced
compiling fileagent.c...
src\syshal\fileagent.c(831): warning:  #177-D: function "vFileAgentTask" was declared but never referenced
compiling sflashrecord.c...
compiling spaceexdrv.c...
src\syshal\spaceexdrv.c(307): warning:  #177-D: variable "changeFlag" was declared but never referenced
src\syshal\spaceexdrv.c(78): warning:  #550-D: variable "spaceExDrvPowerStatus" was set but never used
src\syshal\spaceexdrv.c(79): warning:  #550-D: variable "spaceExDrvIgnoreRun" was set but never used
src\syshal\spaceexdrv.c(80): warning:  #550-D: variable "spaceExDrvWorkStatus" was set but never used
src\syshal\spaceexdrv.c(84): warning:  #177-D: variable "spaceExMaterial" was declared but never referenced
src\syshal\spaceexdrv.c(85): warning:  #177-D: variable "spaceExObject" was declared but never referenced
src\syshal\spaceexdrv.c(86): warning:  #177-D: variable "spaceExObjectStatus" was declared but never referenced
src\syshal\spaceexdrv.c(92): warning:  #177-D: variable "xRadarSemaphore" was declared but never referenced
src\syshal\spaceexdrv.c(92): warning:  #177-D: variable "xRadar0Semaphore" was declared but never referenced
src\syshal\spaceexdrv.c(92): warning:  #177-D: variable "xRadar1Semaphore" was declared but never referenced
src\syshal\spaceexdrv.c(94): warning:  #177-D: variable "errorMsgBuffer" was declared but never referenced
src\syshal\spaceexdrv.c(173): warning:  #177-D: function "vSpaceExDrvTask" was declared but never referenced
src\syshal\spaceexdrv.c(572): warning:  #177-D: function "printfBuffData" was declared but never referenced
src\syshal\spaceexdrv.c(587): warning:  #177-D: function "hexStringToByteArray" was declared but never referenced
compiling uvcdrv.c...
src\syshal\uvcdrv.c(680): warning:  #550-D: variable "transferFlag" was set but never used
compiling creditReaderDrv.c...
src\syshal\creditReaderDrv.c(367): warning:  #111-D: statement is unreachable
src\syshal\creditReaderDrv.c(370): warning:  #111-D: statement is unreachable
src\syshal\creditReaderDrv.c(373): warning:  #111-D: statement is unreachable
src\syshal\creditReaderDrv.c(376): warning:  #111-D: statement is unreachable
src\syshal\creditReaderDrv.c(379): warning:  #111-D: statement is unreachable
src\syshal\creditReaderDrv.c(382): warning:  #111-D: statement is unreachable
src\syshal\creditReaderDrv.c(431): warning:  #111-D: statement is unreachable
src\syshal\creditReaderDrv.c(554): warning:  #177-D: variable "buff" was declared but never referenced
src\syshal\creditReaderDrv.c(556): warning:  #177-D: variable "feedbackBuffSize" was declared but never referenced
src\syshal\creditReaderDrv.c(557): warning:  #177-D: variable "currentState" was declared but never referenced
src\syshal\creditReaderDrv.c(558): warning:  #177-D: variable "nextState" was declared but never referenced
src\syshal\creditReaderDrv.c(559): warning:  #177-D: variable "currentSequenceNum" was declared but never referenced
src\syshal\creditReaderDrv.c(561): warning:  #177-D: variable "reVal" was declared but never referenced
src\syshal\creditReaderDrv.c(562): warning:  #177-D: variable "breakFlag" was declared but never referenced
src\syshal\creditReaderDrv.c(662): warning:  #550-D: variable "APDUBuf" was set but never used
src\syshal\creditReaderDrv.c(674): warning:  #177-D: variable "currentState" was declared but never referenced
src\syshal\creditReaderDrv.c(677): warning:  #177-D: variable "tempcrc" was declared but never referenced
src\syshal\creditReaderDrv.c(678): warning:  #177-D: variable "reVal" was declared but never referenced
src\syshal\creditReaderDrv.c(679): warning:  #177-D: variable "breakFlag" was declared but never referenced
compiling MtpProcedure.c...
src\syshal\MtpProcedure.c(93): warning:  #550-D: variable "MTP_OptionData" was set but never used
compiling userdrv.c...
compiling uart0drv.c...
compiling uart1drv.c...
compiling uart2drv.c...
src\UserDrv\uart2drv.c(122): warning:  #61-D: integer operation result is out of range
compiling uart3drv.c...
src\userdrv\uart3drv.c(43): warning:  #550-D: variable "baudRateTemp" was set but never used
compiling uart4drv.c...
compiling uart7drv.c...
src\userdrv\uart7drv.c(43): warning:  #550-D: variable "baudRateTemp" was set but never used
compiling uart8drv.c...
compiling uart10drv.c...
compiling spi0drv.c...
compiling spi1drv.c...
compiling i2c1drv.c...
compiling buzzerdrv.c...
compiling batterydrv.c...
src\UserDrv\batterydrv.c(771): warning:  #61-D: integer operation result is out of range
src\UserDrv\batterydrv.c(771): warning:  #61-D: integer operation result is out of range
src\UserDrv\batterydrv.c(771): warning:  #68-D: integer conversion resulted in a change of sign
src\UserDrv\batterydrv.c(1003): warning:  #940-D: missing return statement at end of non-void function "ReadBatINTtestFlagFunc"
src\UserDrv\batterydrv.c(91): warning:  #177-D: variable "batteryStatusTmp" was declared but never referenced
src\UserDrv\batterydrv.c(100): warning:  #550-D: variable "batteryDrvIgnoreRun" was set but never used
compiling dipdrv.c...
compiling rs232CommDrv.c...
compiling mtp232CommDrv.c...
compiling flashdrvex.c...
src\UserDrv\flashdrvex.c(57): warning:  #1215-D: #warning directive: for temp old reader board
compiling sddrv.c...
compiling sr04tdrv.c...
compiling nt066edrv.c...
src\userdrv\nt066edrv.c(79): warning:  #1215-D: #warning directive: 
  #warning
   ^
src\userdrv\nt066edrv.c: 1 warning, 0 errors
compiling smartcarddrv.c...
compiling radardrv.c...
src\userdrv\radardrv.c(935): warning:  #111-D: statement is unreachable
src\userdrv\radardrv.c(960): warning:  #111-D: statement is unreachable
src\userdrv\radardrv.c(1094): warning:  #550-D: variable "pRadarBuffer" was set but never used
src\userdrv\radardrv.c(1095): warning:  #177-D: variable "counter" was declared but never referenced
src\userdrv\radardrv.c(1096): warning:  #177-D: variable "index" was declared but never referenced
src\userdrv\radardrv.c(1099): warning:  #177-D: variable "reVal" was declared but never referenced
src\userdrv\radardrv.c(1148): warning:  #177-D: variable "result" was declared but never referenced
src\userdrv\radardrv.c(1151): warning:  #177-D: variable "tempBuff" was declared but never referenced
src\userdrv\radardrv.c(1152): warning:  #177-D: variable "tempsize" was declared but never referenced
src\userdrv\radardrv.c(1462): warning:  #111-D: statement is unreachable
src\userdrv\radardrv.c(1505): warning:  #177-D: variable "currentDist" was declared but never referenced
src\userdrv\radardrv.c(1506): warning:  #177-D: variable "currentPower" was declared but never referenced
src\userdrv\radardrv.c(1280): warning:  #177-D: variable "totalDist" was declared but never referenced
src\userdrv\radardrv.c(1281): warning:  #177-D: variable "totalPower" was declared but never referenced
src\userdrv\radardrv.c(1893): warning:  #177-D: variable "headerIndex" was declared but never referenced
src\userdrv\radardrv.c(1841): warning:  #177-D: variable "reDist" was declared but never referenced
src\userdrv\radardrv.c(1842): warning:  #177-D: variable "rePower" was declared but never referenced
src\userdrv\radardrv.c(1845): warning:  #550-D: variable "pTargetPacket" was set but never used
src\userdrv\radardrv.c(1851): warning:  #177-D: variable "headerIndex" was declared but never referenced
src\userdrv\radardrv.c(1853): warning:  #177-D: variable "packageTotalSize" was declared but never referenced
src\userdrv\radardrv.c(1854): warning:  #177-D: variable "debugStr" was declared but never referenced
src\userdrv\radardrv.c(1855): warning:  #177-D: variable "getTimes" was declared but never referenced
src\userdrv\radardrv.c(1856): warning:  #177-D: variable "totalDist" was declared but never referenced
src\userdrv\radardrv.c(1857): warning:  #177-D: variable "totalPower" was declared but never referenced
src\userdrv\radardrv.c(95): warning:  #177-D: variable "checkStableDistData" was declared but never referenced
src\userdrv\radardrv.c(96): warning:  #177-D: variable "checkStableDistIndex" was declared but never referenced
src\userdrv\radardrv.c(98): warning:  #177-D: variable "checkStablePowerData" was declared but never referenced
src\userdrv\radardrv.c(99): warning:  #177-D: variable "checkStablePowerIndex" was declared but never referenced
src\userdrv\radardrv.c(118): warning:  #177-D: variable "checkStablePowerRange" was declared but never referenced
src\userdrv\radardrv.c(134): warning:  #177-D: variable "stableFlag" was declared but never referenced
src\userdrv\radardrv.c(153): warning:  #177-D: variable "freqCmd" was declared but never referenced
src\userdrv\radardrv.c(168): warning:  #177-D: variable "powerCmd" was declared but never referenced
src\userdrv\radardrv.c(172): warning:  #177-D: variable "powerSaveCmd" was declared but never referenced
src\userdrv\radardrv.c(190): warning:  #177-D: variable "receiveDataTmp" was declared but never referenced
src\userdrv\radardrv.c(201): warning:  #177-D: variable "xSemaphore" was declared but never referenced
src\userdrv\radardrv.c(202): warning:  #177-D: variable "threadWaitTime" was declared but never referenced
src\userdrv\radardrv.c(390): warning:  #177-D: function "getMaterialStr" was declared but never referenced
src\userdrv\radardrv.c(419): warning:  #177-D: function "getObjectStr" was declared but never referenced
src\userdrv\radardrv.c(472): warning:  #177-D: function "checkLowPowerCounterFun" was declared but never referenced
compiling lidardrv.c...
compiling burnintester.c...
src\userdrv\burnintester.c(276): warning:  #223-D: function "SolarBatteryGetValue" declared implicitly
src\userdrv\burnintester.c(501): warning:  #177-D: variable "changeFlag" was declared but never referenced
src\userdrv\burnintester.c(103): warning:  #177-D: variable "ErrorDiableFlag" was declared but never referenced
compiling fwremoteota.c...
src\userdrv\fwremoteota.c(272): warning:  #111-D: statement is unreachable
src\userdrv\fwremoteota.c(274): warning:  #1-D: last line of file ends without a newline
src\userdrv\fwremoteota.c(70): warning:  #550-D: variable "FWnamesize" was set but never used
compiling rb60pOTA.c...
src\userdrv\rb60pOTA.h(125): warning:  #1-D: last line of file ends without a newline
src\userdrv\rb60pOTA.c(150): warning:  #177-D: variable "ReadDataLen" was declared but never referenced
src\userdrv\rb60pOTA.c(244): warning:  #177-D: variable "br" was declared but never referenced
src\userdrv\rb60pOTA.c(332): warning:  #177-D: variable "appLengthCmd" was declared but never referenced
src\userdrv\rb60pOTA.c(353): warning:  #177-D: variable "chRead" was declared but never referenced
src\userdrv\rb60pOTA.c(356): warning:  #177-D: variable "dwNumOfBytes" was declared but never referenced
src\userdrv\rb60pOTA.c(405): warning:  #177-D: variable "chRead" was declared but never referenced
src\userdrv\rb60pOTA.c(408): warning:  #177-D: variable "dwNumOfBytes" was declared but never referenced
src\userdrv\rb60pOTA.c(434): warning:  #177-D: variable "chRead" was declared but never referenced
src\userdrv\rb60pOTA.c(437): warning:  #177-D: variable "dwNumOfBytes" was declared but never referenced
src\userdrv\rb60pOTA.c(466): warning:  #177-D: variable "br" was declared but never referenced
src\userdrv\rb60pOTA.c(472): warning:  #550-D: variable "result" was set but never used
src\userdrv\rb60pOTA.c(596): warning:  #177-D: variable "br" was declared but never referenced
src\userdrv\rb60pOTA.c(600): warning:  #550-D: variable "TotalCostTime" was set but never used
src\userdrv\rb60pOTA.c(615): warning:  #550-D: variable "sectorCounter" was set but never used
src\userdrv\rb60pOTA.c(615): warning:  #550-D: variable "erasedSectors" was set but never used
src\userdrv\rb60pOTA.c(918): warning:  #223-D: function "UserDrvInit" declared implicitly
compiling atcmdparser.c...
compiling quentelmodemlib.c...
src\syshal\modemlib\quentelmodemlib.c(446): warning:  #1215-D: #warning directive: nee implement QModem power
src\syshal\modemlib\quentelmodemlib.c(698): warning:  #111-D: statement is unreachable
src\syshal\modemlib\quentelmodemlib.c(787): warning:  #111-D: statement is unreachable
src\syshal\modemlib\quentelmodemlib.c(877): warning:  #111-D: statement is unreachable
src\syshal\modemlib\quentelmodemlib.c(968): warning:  #111-D: statement is unreachable
src\syshal\modemlib\quentelmodemlib.c(2012): warning:  #167-D: argument of type "uint32_t *" is incompatible with parameter of type "int *"
src\syshal\modemlib\quentelmodemlib.c(2069): warning:  #167-D: argument of type "uint32_t *" is incompatible with parameter of type "int *"
src\syshal\modemlib\quentelmodemlib.c(2495): warning:  #513-D: a value of type "char *" cannot be assigned to an entity of type "uint8_t *"
src\syshal\modemlib\quentelmodemlib.c(2555): warning:  #177-D: variable "index" was declared but never referenced
src\syshal\modemlib\quentelmodemlib.c(2556): warning:  #177-D: variable "reVal" was declared but never referenced
src\syshal\modemlib\quentelmodemlib.c(2557): warning:  #177-D: variable "buff" was declared but never referenced
src\syshal\modemlib\quentelmodemlib.c(2659): warning:  #185-D: dynamic initialization in unreachable code
src\syshal\modemlib\quentelmodemlib.c(2698): warning:  #111-D: statement is unreachable
src\syshal\modemlib\quentelmodemlib.c(2591): warning:  #177-D: variable "pch2" was declared but never referenced
src\syshal\modemlib\quentelmodemlib.c(2592): warning:  #177-D: variable "tempchr" was declared but never referenced
src\syshal\modemlib\quentelmodemlib.c(2713): warning:  #177-D: variable "tempchr" was declared but never referenced
src\syshal\modemlib\quentelmodemlib.c(2714): warning:  #550-D: variable "charCounter" was set but never used
src\syshal\modemlib\quentelmodemlib.c(2811): warning:  #177-D: variable "CmdItem1" was declared but never referenced
src\syshal\modemlib\quentelmodemlib.c(2812): warning:  #177-D: variable "CmdItem2" was declared but never referenced
src\syshal\modemlib\quentelmodemlib.c(2813): warning:  #177-D: variable "CmdItem3" was declared but never referenced
src\syshal\modemlib\quentelmodemlib.c(2814): warning:  #177-D: variable "CmdItem4" was declared but never referenced
src\syshal\modemlib\quentelmodemlib.c(2891): warning:  #1-D: last line of file ends without a newline
src\syshal\modemlib\quentelmodemlib.c(2891): warning:  #940-D: missing return statement at end of non-void function "QModemTerminal"
src\syshal\modemlib\quentelmodemlib.c(335): warning:  #177-D: variable "networkNTPEnableWriteItem" was declared but never referenced
src\syshal\modemlib\quentelmodemlib.c(337): warning:  #177-D: variable "networkNTPEnableReadItem" was declared but never referenced
src\syshal\modemlib\quentelmodemlib.c(340): warning:  #177-D: variable "networkQueryNTPWriteItem" was declared but never referenced
src\syshal\modemlib\quentelmodemlib.c(342): warning:  #177-D: variable "networkQueryNTPReadItem" was declared but never referenced
src\syshal\modemlib\quentelmodemlib.c(358): warning:  #177-D: variable "changeLEDColorFlag" was declared but never referenced
compiling ecclib.c...
src\syshal\cardlib\ecccmd.h(47): warning:  #1215-D: #warning directive: need check here
src\syshal\cardlib\ecclib.c(2348): warning:  #177-D: variable "pData" was declared but never referenced
src\syshal\cardlib\ecclib.c(449): warning:  #177-D: function "uint8ToInt32" was declared but never referenced
src\syshal\cardlib\ecclib.c(870): warning:  #177-D: function "eccLockCard" was declared but never referenced
compiling epmreader.c...
src\syshal\cardlib\epmreader.c(507): warning:  #1215-D: #warning directive: need check here
src\syshal\cardlib\epmreader.c(798): warning:  #1215-D: #warning directive: need check here =7???
src\syshal\cardlib\epmreader.c(909): warning:  #550-D: variable "returnInfo" was set but never used
src\syshal\cardlib\epmreader.c(930): warning:  #177-D: variable "title" was declared but never referenced
src\syshal\cardlib\epmreader.c(98): warning:  #550-D: variable "currentTargetDeduct" was set but never used
src\syshal\cardlib\epmreader.c(111): warning:  #177-D: variable "epmCurrentUTCTime" was declared but never referenced
compiling cardlogcommon.c...
compiling ecclog.c...
.\src\syshal\cardlib\ecccmd.h(47): warning:  #1215-D: #warning directive: need check here
src\syshal\cardlog\ecclog.c(67): warning:  #177-D: variable "Spid" was declared but never referenced
src\syshal\cardlog\ecclog.c(67): warning:  #177-D: variable "NewSpID" was declared but never referenced
src\syshal\cardlog\ecclog.c(67): warning:  #177-D: variable "NewLocationID" was declared but never referenced
src\syshal\cardlog\ecclog.c(68): warning:  #177-D: function "uint8ToUint32" was declared but never referenced
src\syshal\cardlog\ecclog.c(103): warning:  #177-D: function "getMoneyToUint8" was declared but never referenced
src\syshal\cardlog\ecclog.c(108): warning:  #177-D: function "getECCLogUTCTimeStr" was declared but never referenced
src\syshal\cardlog\ecclog.c(117): warning:  #177-D: function "getECCLogTimeData" was declared but never referenced
compiling ipassdpti.c...
compiling blkcommon.c...
compiling eccblk.c...
.\src\syshal\cardlib\ecccmd.h(47): warning:  #1215-D: #warning directive: need check here
src\syshal\blk\eccblk.c(59): warning:  #177-D: variable "currentDataIndex" was declared but never referenced
src\syshal\blk\eccblk.c(83): warning:  #177-D: function "searchTargetID" was declared but never referenced
src\syshal\blk\eccblk.c(132): warning:  #177-D: function "ECCBLKLoad" was declared but never referenced
compiling ipassblk.c...
src\syshal\blk\ipassblk.c(236): warning:  #177-D: function "blkCallback" was declared but never referenced
compiling csrw.c...
src\syshal\octopus\csrw.c(168): warning:  #177-D: variable "gmt" was declared but never referenced
compiling octopusreader.c...
src\syshal\octopus\octopusreader.c(399): warning:  #550-D: variable "tickLocalStart" was set but never used
src\syshal\octopus\octopusreader.c(404): warning:  #177-D: variable "in4" was declared but never referenced
src\syshal\octopus\octopusreader.c(406): warning:  #177-D: variable "tmpstr" was declared but never referenced
src\syshal\octopus\octopusreader.c(75): warning:  #550-D: variable "GetVerFlag" was set but never used
src\syshal\octopus\octopusreader.c(80): warning:  #177-D: variable "verStrLen" was declared but never referenced
compiling rwl.c...
src\syshal\octopus\rwl.c(373): warning:  #550-D: variable "tempBuf" was set but never used
src\syshal\octopus\rwl.c(782): warning:  #177-D: variable "i" was declared but never referenced
src\syshal\octopus\rwl.c(783): warning:  #550-D: variable "u8_LineFeed" was set but never used
src\syshal\octopus\rwl.c(785): warning:  #550-D: variable "u32_DumpLen" was set but never used
src\syshal\octopus\rwl.c(838): warning:  #177-D: variable "i" was declared but never referenced
src\syshal\octopus\rwl.c(839): warning:  #550-D: variable "u8_LineFeed" was set but never used
src\syshal\octopus\rwl.c(840): warning:  #550-D: variable "u32_DumpLen" was set but never used
src\syshal\octopus\rwl.c(91): warning:  #177-D: function "printfBuffData" was declared but never referenced
src\syshal\octopus\rwl.c(288): warning:  #177-D: function "getStateStr" was declared but never referenced
compiling rwlfunc.c...
src\syshal\octopus\rwlfunc.c(27): warning:  #177-D: function "getDataFileCallback" was declared but never referenced
linking...
Program Size: Code=673984 RO-data=27384 RW-data=11728 ZI-data=29793348  
FromELF: creating hex file...
After Build - User command #1: fromelf --bin ".\obj\epmtest.axf" --output ".\obj\epmtest.bin"
After Build - User command #2: fromelf --text -c ".\obj\epmtest.axf" --output ".\obj\epmtest.txt"
".\obj\epmtest.axf" - 0 Errors, 402 Warning(s).
