ARM Linker, 5.03 [Build 76] [MDK-ARM Professional]

==============================================================================

Section Cross References

    main.o(.text) refers to _printf_pad.o(.text) for _printf_pre_padding
    main.o(.text) refers to _printf_percent.o(.ARM.Collect$$_printf_percent$$00000000) for _printf_percent
    main.o(.text) refers to _printf_x.o(.ARM.Collect$$_printf_percent$$0000000C) for _printf_x
    main.o(.text) refers to _printf_hex_int.o(.text) for _printf_longlong_hex
    main.o(.text) refers to sys_uart.o(.text) for sysprintf
    main.o(.text) refers to sys.o(.text) for sysGetClock
    main.o(.text) refers to main.o(.constdata) for .constdata
    main.o(.text) refers to quentelmodemlib.o(.text) for QModemFtpStageIndex
    main.o(.text) refers to paralib.o(.text) for GetMeterPara
    main.o(.text) refers to tarifflib.o(.text) for TariffGetFileName
    main.o(.text) refers to osmisc.o(.text) for _showFreeHeapSize
    main.o(.text) refers to fileagent.o(.text) for FileAgentFatfsListFile
    main.o(.text) refers to meterdata.o(.text) for MeterUpdateLedHeartbeat
    main.o(.text) refers to leddrv.o(.text) for LedSetColor
    main.o(.text) refers to flashdrvex.o(.text) for FlashDrvExChipErase
    main.o(.text) refers to atcmdparser.o(.text) for ATCmdSetReceiveDebugFlag
    main.o(.text) refers to rtc.o(.text) for RTC_EnableClock
    main.o(.text) refers to main.o(.data) for mInitFunctionList
    main.o(.text) refers to loglib.o(.text) for LoglibPrintf
    main.o(.text) refers to dataprocesslib.o(.text) for DataProcessSendStatusData
    main.o(.text) refers to __2sprintf.o(.text) for __2sprintf
    main.o(.text) refers to modemagent.o(.text) for ModemAgentStartSend
    main.o(.text) refers to epddrv.o(.text) for EPDShowBGScreen
    main.o(.text) refers to buzzerdrv.o(.text) for BuzzerPlay
    main.o(.text) refers to tasks.o(.text) for vTaskDelay
    main.o(.text) refers to system_nuc970.o(.text) for sysDisableCache
    main.o(.text) refers to adc.o(.text) for adcOpen
    main.o(.data) refers to main.o(.conststring) for .conststring
    main.o(.data) refers to userdrv.o(.text) for UserDrvInit
    sys.o(.text) refers to sys_uart.o(.text) for sysprintf
    sys.o(.text) refers to sys.o(.data) for sysIrqHandlerTable
    sys.o(.text) refers to aeabi_sdiv.o(.text_udiv) for __aeabi_uidivmod
    sys.o(.data) refers to sys.o(.text) for SYS_Interrupt_Shell
    sys_timer.o(.text) refers to sys.o(.text) for sysInstallISR
    sys_timer.o(.text) refers to aeabi_sdiv.o(.text_udiv) for __aeabi_uidivmod
    sys_timer.o(.text) refers to sys_timer.o(.data) for _sys_uTimer0Count
    sys_timer.o(.text) refers to sys_timer.o(.bss) for tTime0Event
    sys_uart.o(.text) refers to aeabi_sdiv.o(.text_udiv) for __aeabi_uidivmod
    sys_uart.o(.text) refers to strlen.o(.text) for strlen
    system_nuc970.o(.text) refers to sys_nuc970.o(SYS_INIT) for sysSetupCP15
    system_nuc970.o(.text) refers to system_nuc970.o(.data) for _sys_IsCacheOn
    system_nuc970.o(.text) refers to system_nuc970.o(.bss) for _mmuCoarsePageTable_NonCache
    startup_nuc970.o(NUC_INIT) refers to portasm.o(PORT_ASM) for vPortYieldProcessor
    startup_nuc970.o(NUC_INIT) refers to __main.o(!!!main) for __main
    uart.o(.text) refers to queue.o(.text) for xQueueGiveFromISR
    uart.o(.text) refers to tasks.o(.text) for vTaskSwitchContext
    uart.o(.text) refers to uart.o(.data) for UARTRXBUFSIZE
    uart.o(.text) refers to uart.o(.bss) for UART_DEV
    uart.o(.text) refers to aeabi_sdiv.o(.text_udiv) for __aeabi_uidivmod
    uart.o(.text) refers to sys.o(.text) for sysInstallISR
    uart.o(.text) refers to heap_4.o(.text) for pvPortMalloc
    uart.o(.text) refers to h1_free.o(.text) for free
    uart.o(.text) refers to rt_memclr.o(.text) for __aeabi_memclr
    uart.o(.text) refers to rt_memclr_w.o(.text) for __aeabi_memclr4
    uart.o(.text) refers to sys_uart.o(.text) for sysprintf
    uart.o(.text) refers to rt_memcpy.o(.text) for __aeabi_memcpy
    gpio.o(.text) refers to sys.o(.text) for sysInstallISR
    gpio.o(.text) refers to gpio.o(.bss) for gpioCfg
    gpio.o(.text) refers to gpio.o(.data) for maskTbl
    rtc.o(.text) refers to aeabi_sdiv.o(.text) for __aeabi_idivmod
    rtc.o(.text) refers to sys.o(.text) for sysInstallISR
    rtc.o(.text) refers to aeabi_sdiv.o(.text_udiv) for __aeabi_uidivmod
    rtc.o(.text) refers to rtc.o(.data) for i
    spi.o(.text) refers to aeabi_sdiv.o(.text_udiv) for __aeabi_uidivmod
    spi.o(.text) refers to aeabi_sdiv.o(.text) for __aeabi_idivmod
    spi.o(.text) refers to sys.o(.text) for sysInstallISR
    spi.o(.text) refers to spi.o(.bss) for spi_device
    i2c.o(.text) refers to aeabi_sdiv.o(.text) for __aeabi_idivmod
    i2c.o(.text) refers to sys_uart.o(.text) for sysprintf
    i2c.o(.text) refers to i2c.o(.data) for bNackValid
    i2c.o(.text) refers to i2c.o(.bss) for i2c_device
    i2c.o(.text) refers to queue.o(.text) for xQueueGenericReceive
[...]
    uxTaskPriorityGet                        0x0005693c   ARM Code      56  tasks.o(.text)
    uxTaskPriorityGetFromISR                 0x00056974   ARM Code      44  tasks.o(.text)
    vTaskSwitchContext                       0x000569a0   ARM Code     244  tasks.o(.text)
    vTaskSuspend                             0x00056a94   ARM Code     200  tasks.o(.text)
    vTaskResume                              0x00056bd8   ARM Code     156  tasks.o(.text)
    xTaskResumeFromISR                       0x00056c74   ARM Code     168  tasks.o(.text)
    vTaskStartScheduler                      0x00056e2c   ARM Code     108  tasks.o(.text)
    vTaskEndScheduler                        0x00056e98   ARM Code      36  tasks.o(.text)
    xTaskGetTickCount                        0x00056ebc   ARM Code      28  tasks.o(.text)
    xTaskGetTickCountFromISR                 0x00056ed8   ARM Code      16  tasks.o(.text)
    uxTaskGetNumberOfTasks                   0x00056ee8   ARM Code      12  tasks.o(.text)
    pcTaskGetName                            0x00056ef4   ARM Code      40  tasks.o(.text)
    vTaskGetInfo                             0x00056f4c   ARM Code     204  tasks.o(.text)
    uxTaskGetSystemState                     0x000570e0   ARM Code     224  tasks.o(.text)
    vTaskPlaceOnEventList                    0x000571c0   ARM Code      48  tasks.o(.text)
    vTaskPlaceOnUnorderedEventList           0x000571f0   ARM Code      68  tasks.o(.text)
    xTaskRemoveFromEventList                 0x00057234   ARM Code     176  tasks.o(.text)
    vTaskRemoveFromUnorderedEventList        0x000572e4   ARM Code     136  tasks.o(.text)
    vTaskSetTimeOutState                     0x0005736c   ARM Code      28  tasks.o(.text)
    xTaskCheckForTimeOut                     0x00057388   ARM Code     156  tasks.o(.text)
    vTaskMissedYield                         0x00057424   ARM Code      16  tasks.o(.text)
    uxTaskGetTaskNumber                      0x00057434   ARM Code      32  tasks.o(.text)
    vTaskSetTaskNumber                       0x00057454   ARM Code      20  tasks.o(.text)
    uxTaskGetStackHighWaterMark              0x00057468   ARM Code      60  tasks.o(.text)
    xTaskGetCurrentTaskHandle                0x000574a4   ARM Code      12  tasks.o(.text)
    vTaskPriorityInherit                     0x000574b0   ARM Code     228  tasks.o(.text)
    xTaskPriorityDisinherit                  0x00057594   ARM Code     160  tasks.o(.text)
    vTaskList                                0x00057680   ARM Code     356  tasks.o(.text)
    uxTaskResetEventItemValue                0x000577e4   ARM Code      44  tasks.o(.text)
    pvTaskIncrementMutexHeldCount            0x00057810   ARM Code      52  tasks.o(.text)
    ulTaskNotifyTake                         0x00057844   ARM Code     176  tasks.o(.text)
    xTaskNotifyWait                          0x000578f4   ARM Code     240  tasks.o(.text)
    xTaskGenericNotify                       0x000579e4   ARM Code     296  tasks.o(.text)
    xTaskGenericNotifyFromISR                0x00057b0c   ARM Code     360  tasks.o(.text)
    vTaskNotifyGiveFromISR                   0x00057c74   ARM Code     208  tasks.o(.text)
    xTaskNotifyStateClear                    0x00057d44   ARM Code      84  tasks.o(.text)
    pvPortMalloc                             0x00057f04   ARM Code     348  heap_4.o(.text)
    vPortFree                                0x00058060   ARM Code     124  heap_4.o(.text)
    xPortGetFreeHeapSize                     0x000580dc   ARM Code      12  heap_4.o(.text)
    xPortGetMinimumEverFreeHeapSize          0x000580e8   ARM Code      12  heap_4.o(.text)
    vPortInitialiseBlocks                    0x000580f4   ARM Code       4  heap_4.o(.text)
    vListInitialise                          0x00058110   ARM Code      44  list.o(.text)
    vListInitialiseItem                      0x0005813c   ARM Code      12  list.o(.text)
    vListInsertEnd                           0x00058148   ARM Code      48  list.o(.text)
    vListInsert                              0x00058178   ARM Code      96  list.o(.text)
    uxListRemove                             0x000581d8   ARM Code      76  list.o(.text)
    pxPortInitialiseStack                    0x00058224   ARM Code     216  port.o(.text)
    vPortEndScheduler                        0x000582fc   ARM Code       4  port.o(.text)
    xPortStartScheduler                      0x0005830c   ARM Code      20  port.o(.text)
    vPortEnterCritical                       0x00058320   ARM Code      36  port.o(.text)
    vPortExitCritical                        0x00058344   ARM Code      68  port.o(.text)
    free                                     0x000583a1   Thumb Code    76  h1_free.o(.text)
    __aeabi_uldivmod                         0x000583ec   ARM Code       0  lludiv5.o(.text)
    _ll_udiv                                 0x000583ec   ARM Code     752  lludiv5.o(.text)
    _ll_udiv_donemoving                      0x00058400   ARM Code       0  lludiv5.o(.text)
    __aeabi_llsl                             0x000586dc   ARM Code       0  llshl.o(.text)
    _ll_shift_l                              0x000586dc   ARM Code      40  llshl.o(.text)
    __aeabi_llsr                             0x00058704   ARM Code       0  llushr.o(.text)
    _ll_ushift_r                             0x00058704   ARM Code      40  llushr.o(.text)
    __aeabi_lasr                             0x0005872c   ARM Code       0  llsshr.o(.text)
    _ll_sshift_r                             0x0005872c   ARM Code      40  llsshr.o(.text)
    __aeabi_ldivmod                          0x00058754   ARM Code       0  llsdiv.o(.text)
    _ll_sdiv                                 0x00058754   ARM Code      80  llsdiv.o(.text)
    tolower                                  0x000587a5   Thumb Code    26  tolower.o(.text)
    __2sprintf                               0x000587c1   Thumb Code    40  __2sprintf.o(.text)
    _printf_pre_padding                      0x000587ed   Thumb Code    44  _printf_pad.o(.text)
    _printf_post_padding                     0x00058819   Thumb Code    34  _printf_pad.o(.text)
    _printf_str                              0x0005883b   Thumb Code    82  _printf_str.o(.text)
    Inline ARM to Thumb Veneer to _printf_int_dec 0x0005888c   ARM Code       8  _printf_dec.o(.text)
    _printf_int_dec                          0x00058895   Thumb Code    90  _printf_dec.o(.text)
    Inline ARM to Thumb Veneer to _printf_int_hex 0x00058900   ARM Code       8  _printf_hex_int.o(.text)
    _printf_int_hex                          0x00058909   Thumb Code    84  _printf_hex_int.o(.text)
    _printf_longlong_hex                     0x00058909   Thumb Code     0  _printf_hex_int.o(.text)
    __printf                                 0x00058961   Thumb Code   386  __printf_flags_ss_wp.o(.text)
    qsort                                    0x00058ce7   Thumb Code   138  qsortnoex.o(.text)
    strchr                                   0x00058d71   Thumb Code    22  strchr.o(.text)
    memcmp                                   0x00058d87   Thumb Code   116  memcmp.o(.text)
    strcpy                                   0x00058dfd   Thumb Code    72  strcpy.o(.text)
    strlen                                   0x00058e49   Thumb Code    62  strlen.o(.text)
    strncmp                                  0x00058e8d   Thumb Code   144  strncmp.o(.text)
    strcat                                   0x00058f21   Thumb Code    24  strcat.o(.text)
    __aeabi_memcpy                           0x00058f38   ARM Code       0  rt_memcpy.o(.text)
    __rt_memcpy                              0x00058f38   ARM Code     212  rt_memcpy.o(.text)
    _memcpy_lastbytes                        0x00058fec   ARM Code       0  rt_memcpy.o(.text)
    __aeabi_memcpy4                          0x0005900c   ARM Code       0  rt_memcpy_w.o(.text)
    __aeabi_memcpy8                          0x0005900c   ARM Code       0  rt_memcpy_w.o(.text)
    __rt_memcpy_w                            0x0005900c   ARM Code     100  rt_memcpy_w.o(.text)
    _memcpy_lastbytes_aligned                0x00059058   ARM Code       0  rt_memcpy_w.o(.text)
    __aeabi_memset                           0x00059070   ARM Code      16  aeabi_memset.o(.text)
    __aeabi_memclr                           0x00059080   ARM Code       0  rt_memclr.o(.text)
    __rt_memclr                              0x00059080   ARM Code      64  rt_memclr.o(.text)
    _memset                                  0x00059084   ARM Code       0  rt_memclr.o(.text)
    __aeabi_memclr4                          0x000590c0   ARM Code       0  rt_memclr_w.o(.text)
    __aeabi_memclr8                          0x000590c0   ARM Code       0  rt_memclr_w.o(.text)
    __rt_memclr_w                            0x000590c0   ARM Code      84  rt_memclr_w.o(.text)
    _memset_w                                0x000590c4   ARM Code       0  rt_memclr_w.o(.text)
    strncpy                                  0x00059114   ARM Code     104  strncpy.o(.text)
    strcmp                                   0x00059180   ARM Code     156  strcmp.o(.text)
    __aeabi_uread4                           0x00059220   ARM Code       0  uread4.o(.text)
    __rt_uread4                              0x00059220   ARM Code      32  uread4.o(.text)
    __aeabi_uwrite4                          0x00059240   ARM Code       0  uwrite4.o(.text)
    __rt_uwrite4                             0x00059240   ARM Code      32  uwrite4.o(.text)
    mktime                                   0x000592a1   Thumb Code   354  mktime.o(.text)
    __aeabi_idiv                             0x00059410   ARM Code       0  aeabi_sdiv.o(.text)
    __aeabi_idivmod                          0x00059410   ARM Code     380  aeabi_sdiv.o(.text)
    __rt_ctype_table                         0x0005958c   ARM Code      20  rt_ctype_table.o(.text)
    __rt_heap_descriptor                     0x000595a0   ARM Code      12  rt_heap_descriptor.o(.text)
    __aeabi_errno_addr                       0x000595ac   ARM Code      12  rt_errno_addr.o(.text)
    __errno                                  0x000595ac   ARM Code       0  rt_errno_addr.o(.text)
    __rt_errno_addr                          0x000595ac   ARM Code       0  rt_errno_addr.o(.text)
    _printf_int_common                       0x000595b9   Thumb Code   176  _printf_intcommon.o(.text)
    __lib_sel_fp_printf                      0x00059669   Thumb Code     2  _printf_fp_dec.o(.text)
    _printf_fp_dec_real                      0x00059805   Thumb Code   618  _printf_fp_dec.o(.text)
    _printf_char_common                      0x00059a87   Thumb Code    32  _printf_char_common.o(.text)
    _sputc                                   0x00059aad   Thumb Code    10  _sputc.o(.text)
    Inline ARM to Thumb Veneer to _printf_char 0x00059ab8   ARM Code       8  _printf_char.o(.text)
    _printf_cs_common                        0x00059ac1   Thumb Code    22  _printf_char.o(.text)
    _printf_char                             0x00059ad7   Thumb Code    16  _printf_char.o(.text)
    _printf_string                           0x00059ae7   Thumb Code     8  _printf_char.o(.text)
    __strtod_int                             0x00059b2d   Thumb Code    92  strtod.o(.text)
    __rt_udiv10                              0x00059b98   ARM Code      44  rtudiv10.o(.text)
    __rt_locale                              0x00059bc4   ARM Code      12  rt_locale.o(.text)
    _ll_udiv10                               0x00059bd0   ARM Code     152  lludiv10.o(.text)
    isspace                                  0x00059c69   Thumb Code    18  isspace.o(.text)
    _printf_fp_infnan                        0x00059c7d   Thumb Code   120  _printf_fp_infnan.o(.text)
    _sgetc                                   0x00059d05   Thumb Code    32  _sgetc.o(.text)
    _sbackspace                              0x00059d25   Thumb Code    36  _sgetc.o(.text)
    _btod_etento                             0x00059d49   Thumb Code   206  bigflt0.o(.text)
    _chval                                   0x00059e1d   Thumb Code    30  _chval.o(.text)
    _scanf_really_real                       0x0005a04d   Thumb Code   712  scanf_fp.o(.text)
    exit                                     0x0005a315   Thumb Code    12  exit.o(.text)
    __aeabi_lmul                             0x0005a320   ARM Code       0  llmul.o(.text)
    _ll_mul                                  0x0005a320   ARM Code      24  llmul.o(.text)
    Inline ARM to Thumb Veneer to __set_errno 0x0005a338   ARM Code       8  _rserrno.o(.text)
    __read_errno                             0x0005a341   Thumb Code    10  _rserrno.o(.text)
    __set_errno                              0x0005a34b   Thumb Code    12  _rserrno.o(.text)
    Inline ARM to Thumb Veneer to _scanf_really_hex_real 0x0005a358   ARM Code       8  scanf_hexfp.o(.text)
    _scanf_really_hex_real                   0x0005a361   Thumb Code   794  scanf_hexfp.o(.text)
    Inline ARM to Thumb Veneer to _scanf_really_infnan 0x0005a688   ARM Code       8  scanf_infnan.o(.text)
    _scanf_really_infnan                     0x0005a691   Thumb Code   302  scanf_infnan.o(.text)
    __aeabi_uidiv                            0x0005a7d0   ARM Code       0  aeabi_sdiv.o(.text_udiv)
    __aeabi_uidivmod                         0x0005a7d0   ARM Code      36  aeabi_sdiv.o(.text_udiv)
    _btod_d2e                                0x0005a7f4   ARM Code      56  btod.o(CL$$btod_d2e)
    _d2e_denorm_low                          0x0005a82c   ARM Code      84  btod.o(CL$$btod_d2e_denorm_low)
    _d2e_norm_op1                            0x0005a880   ARM Code     104  btod.o(CL$$btod_d2e_norm_op1)
    __btod_div_common                        0x0005a8e8   ARM Code     712  btod.o(CL$$btod_div_common)
    _e2d                                     0x0005ac30   ARM Code      88  btod.o(CL$$btod_e2d)
    _e2e                                     0x0005ac8c   ARM Code     220  btod.o(CL$$btod_e2e)
    _btod_ediv                               0x0005ad68   ARM Code      48  btod.o(CL$$btod_ediv)
    _btod_edivd                              0x0005ad98   ARM Code      48  btod.o(CL$$btod_edivd)
    _btod_emul                               0x0005adc8   ARM Code      48  btod.o(CL$$btod_emul)
    _btod_emuld                              0x0005adf8   ARM Code      48  btod.o(CL$$btod_emuld)
    __btod_mult_common                       0x0005ae28   ARM Code     612  btod.o(CL$$btod_mult_common)
    vPortStartFirstTask                      0x0005b08c   ARM Code       0  portasm.o(PORT_ASM)
    vPortYield2                              0x0005b0bc   ARM Code       0  portasm.o(PORT_ASM)
    vPortYieldProcessor                      0x0005b0c4   ARM Code       0  portasm.o(PORT_ASM)
    vFreeRTOS_ISR                            0x0005b150   ARM Code       0  portasm.o(PORT_ASM)
    sysSetupCP15                             0x0005b1dc   ARM Code       0  sys_nuc970.o(SYS_INIT)
    sys_flush_and_clean_dcache               0x0005b200   ARM Code       0  sys_nuc970.o(SYS_INIT)
    Long ARM to Thumb Veneer to _printf_string 0x0005b20c   ARM Code       8  anon$$obj.o(Veneer$$Code)
    Long ARM to Thumb Veneer to _printf_fp_dec_real 0x0005b214   ARM Code       8  anon$$obj.o(Veneer$$Code)
    Long ARM to Thumb Veneer to _scanf_really_real 0x0005b21c   ARM Code       8  anon$$obj.o(Veneer$$Code)
    __ARM_fpclassify                         0x0005b224   ARM Code      44  fpclassify.o(i.__ARM_fpclassify)
    __mathlib_dbl_underflow                  0x0005b254   ARM Code      16  dunder.o(i.__mathlib_dbl_underflow)
    __mathlib_narrow                         0x0005b268   ARM Code      24  narrow.o(i.__mathlib_narrow)
    __mathlib_tofloat                        0x0005b280   ARM Code     196  narrow.o(i.__mathlib_tofloat)
    __support_ldexp                          0x0005b350   ARM Code      32  ldexp.o(i.__support_ldexp)
    _is_digit                                0x0005b371   Thumb Code    14  __printf_wp.o(i._is_digit)
    floor                                    0x0005b380   ARM Code     284  floor.o(i.floor)
    frexp                                    0x0005b4b0   ARM Code     108  frexp.o(i.frexp)
    ldexp                                    0x0005b524   ARM Code     192  ldexp.o(i.ldexp)
    strtod                                   0x0005b5ec   ARM Code      48  strtod.o(i.strtod)
    _get_lc_ctype                            0x0005b61c   ARM Code      72  lc_ctype_c.o(locale$$code)
    _get_lc_numeric                          0x0005b664   ARM Code      72  lc_numeric_c.o(locale$$code)
    __aeabi_d2f                              0x0005b6ac   ARM Code       0  d2f.o(x$fpl$d2f)
    _d2f                                     0x0005b6ac   ARM Code     108  d2f.o(x$fpl$d2f)
    __aeabi_dadd                             0x0005b718   ARM Code       0  daddsub_clz.o(x$fpl$dadd)
    _dadd                                    0x0005b718   ARM Code     336  daddsub_clz.o(x$fpl$dadd)
    __fpl_dcheck_NaN1                        0x0005b86c   ARM Code      12  dcheck1.o(x$fpl$dcheck1)
    __fpl_dcmp_Inf                           0x0005b87c   ARM Code      28  dcmpi.o(x$fpl$dcmpinf)
    __aeabi_ddiv                             0x0005b898   ARM Code       0  ddiv.o(x$fpl$ddiv)
    _ddiv                                    0x0005b898   ARM Code     584  ddiv.o(x$fpl$ddiv)
    __aeabi_cdcmpeq                          0x0005bb68   ARM Code       0  deqf.o(x$fpl$deqf)
    _dcmpeq                                  0x0005bb68   ARM Code     148  deqf.o(x$fpl$deqf)
    __aeabi_d2iz                             0x0005bbfc   ARM Code       0  dfix.o(x$fpl$dfix)
    _dfix                                    0x0005bbfc   ARM Code     112  dfix.o(x$fpl$dfix)
    __aeabi_i2d                              0x0005bc6c   ARM Code       0  dflt_clz.o(x$fpl$dflt)
    _dflt                                    0x0005bc6c   ARM Code      52  dflt_clz.o(x$fpl$dflt)
    __aeabi_ui2d                             0x0005bca0   ARM Code       0  dflt_clz.o(x$fpl$dfltu)
    _dfltu                                   0x0005bca0   ARM Code      44  dflt_clz.o(x$fpl$dfltu)
    __aeabi_cdcmple                          0x0005bccc   ARM Code       0  dleqf.o(x$fpl$dleqf)
    _dcmple                                  0x0005bccc   ARM Code     148  dleqf.o(x$fpl$dleqf)
    __fpl_dcmple_InfNaN                      0x0005bd48   ARM Code       0  dleqf.o(x$fpl$dleqf)
    __aeabi_dmul                             0x0005bd60   ARM Code       0  dmul.o(x$fpl$dmul)
    _dmul                                    0x0005bd60   ARM Code     364  dmul.o(x$fpl$dmul)
    __fpl_dnaninf                            0x0005bed8   ARM Code     184  dnaninf.o(x$fpl$dnaninf)
    __fpl_dretinf                            0x0005bf90   ARM Code      16  dretinf.o(x$fpl$dretinf)
    __aeabi_cdrcmple                         0x0005bfa0   ARM Code       0  drleqf.o(x$fpl$drleqf)
    _drcmple                                 0x0005bfa0   ARM Code     140  drleqf.o(x$fpl$drleqf)
    __aeabi_drsub                            0x0005c02c   ARM Code       0  daddsub_clz.o(x$fpl$drsb)
    _drsb                                    0x0005c02c   ARM Code      24  daddsub_clz.o(x$fpl$drsb)
    __aeabi_dsub                             0x0005c044   ARM Code       0  daddsub_clz.o(x$fpl$dsub)
    _dsub                                    0x0005c044   ARM Code     508  daddsub_clz.o(x$fpl$dsub)
    __aeabi_f2d                              0x0005c244   ARM Code       0  f2d.o(x$fpl$f2d)
    _f2d                                     0x0005c244   ARM Code     100  f2d.o(x$fpl$f2d)
    __aeabi_f2uiz                            0x0005c2a8   ARM Code       0  ffixu.o(x$fpl$ffixu)
    _ffixu                                   0x0005c2a8   ARM Code      84  ffixu.o(x$fpl$ffixu)
    __aeabi_ui2f                             0x0005c2fc   ARM Code       0  fflt_clz.o(x$fpl$ffltu)
    _ffltu                                   0x0005c2fc   ARM Code      40  fflt_clz.o(x$fpl$ffltu)
    __aeabi_fmul                             0x0005c324   ARM Code       0  fmul.o(x$fpl$fmul)
    _fmul                                    0x0005c324   ARM Code     256  fmul.o(x$fpl$fmul)
    __fpl_fnaninf                            0x0005c424   ARM Code     160  fnaninf.o(x$fpl$fnaninf)
    __fpl_fretinf                            0x0005c4c4   ARM Code      16  fretinf.o(x$fpl$fretinf)
    __ieee_status                            0x0005c4d4   ARM Code       8  istatus.o(x$fpl$ieeestatus)
    _printf_fp_dec                           0x0005c4dc   ARM Code       4  printf1.o(x$fpl$printf1)
    __fpl_return_NaN                         0x0005c4e0   ARM Code     116  retnan.o(x$fpl$retnan)
    __ARM_scalbn                             0x0005c554   ARM Code     104  scalbn.o(x$fpl$scalbn)
    _scanf_real                              0x0005c5bc   ARM Code       4  scanf1.o(x$fpl$scanf1)
    _scanf_hex_real                          0x0005c5c0   ARM Code       4  scanf2.o(x$fpl$scanf2)
    _scanf_infnan                            0x0005c5c4   ARM Code       4  scanf2.o(x$fpl$scanf2)
    __fpl_cmpreturn                          0x0005c5c8   ARM Code      60  trapv.o(x$fpl$trapveneer)
    __I$use$fp                               0x0005c604   Number         0  usenofp.o(x$fpl$usenofp)
    nand_flash_ids                           0x0005e2b8   Data        1728  nand_ids.o(.constdata)
    nand_manuf_ids                           0x0005e978   Data          80  nand_ids.o(.constdata)
    _monlen                                  0x0005f5c5   Data          12  _monlen.o(.constdata)
    Region$$Table$$Base                      0x0005ff78   Number         0  anon$$obj.o(Region$$Table)
    Region$$Table$$Limit                     0x0005ffa8   Number         0  anon$$obj.o(Region$$Table)
    __aeabi_HUGE_VAL                         0x0005ffa8   Data           0  fpconst.o(c$$dinf)
    __aeabi_HUGE_VALL                        0x0005ffa8   Data           0  fpconst.o(c$$dinf)
    __aeabi_INFINITY                         0x0005ffa8   Data           0  fpconst.o(c$$dinf)
    __dInf                                   0x0005ffa8   Data           0  fpconst.o(c$$dinf)
    __huge_val                               0x0005ffa8   Data           0  fpconst.o(c$$dinf)
    __ctype                                  0x0005ffbd   Data           0  lc_ctype_c.o(locale$$data)
    sysRunDebug                              0x000600dd   Data           1  main.o(.data)
    _sys_bIsAICInitial                       0x000600f8   Data           1  sys.o(.data)
    sysIrqHandlerTable                       0x000600fc   Data         248  sys.o(.data)
    sysFiqHandlerTable                       0x000601f4   Data         248  sys.o(.data)
    _sys_uTimer0ClockRate                    0x000602ec   Data           4  sys_timer.o(.data)
    _sys_uTimer1ClockRate                    0x000602f0   Data           4  sys_timer.o(.data)
    _sys_uTimer0Count                        0x000602f4   Data           4  sys_timer.o(.data)
    _sys_uTimer1Count                        0x000602f8   Data           4  sys_timer.o(.data)
    _sys_uTime0EventCount                    0x000602fc   Data           4  sys_timer.o(.data)
    _sys_uTime1EventCount                    0x00060300   Data           4  sys_timer.o(.data)
    _sys_bIsSetTime0Event                    0x00060304   Data           1  sys_timer.o(.data)
    _sys_bIsSetTime1Event                    0x00060305   Data           1  sys_timer.o(.data)
    _sys_bIsTimer0Initial                    0x00060306   Data           1  sys_timer.o(.data)
    _sys_ReferenceTime_Clock                 0x00060308   Data           4  sys_timer.o(.data)
    _sys_pvOldTimer0Vect                     0x0006033c   Data           4  sys_timer.o(.data)
    _sys_pvOldTimer1Vect                     0x00060340   Data           4  sys_timer.o(.data)
    _sys_uTimer0TickPerSecond                0x00060344   Data           4  sys_timer.o(.data)
    _sys_ReferenceTime_UTC                   0x00060348   Data           4  sys_timer.o(.data)
    _sys_IsCacheOn                           0x0006034c   Data           1  system_nuc970.o(.data)
    _sys_CacheMode                           0x00060354   Data           4  system_nuc970.o(.data)
    i                                        0x00060458   Data           4  rtc.o(.data)
    Wait                                     0x0006045c   Data           4  rtc.o(.data)
    _sd_uR3_CMD                              0x0006046c   Data           4  sdh.o(.data)
    _sd_uR7_CMD                              0x00060470   Data           4  sdh.o(.data)
    _sd_SDDataReady                          0x00060474   Data           1  sdh.o(.data)
    sd0_ok                                   0x00060478   Data           4  sdh.o(.data)
    sd1_ok                                   0x0006047c   Data           4  sdh.o(.data)
    pSD0_offset                              0x00060480   Data           1  sdh.o(.data)
    pSD1_offset                              0x00060481   Data           1  sdh.o(.data)
    _sd_pSDHCBuffer                          0x00060484   Data           4  sdh.o(.data)
    gSDHReferenceClock                       0x00060488   Data           4  sdh.o(.data)
    mst_complete                             0x0006048c   Data           4  adc.o(.data)
    g_bAlarm                                 0x000607f4   Data           1  powerdrv.o(.data)
    enableReceiveDebug                       0x00060ce0   Data           4  atcmdparser.o(.data)
    mtd_partitions                           0x00061358   Data           8  mtdpart.o(.data)
    nand_curr_device                         0x00061360   Data           4  nand.o(.data)
    yaffs_trace_mask                         0x00061380   Data           4  yaffs_malloc.o(.data)
    _YAFFS_pCurrent                          0x00061384   Data           4  yaffs_malloc.o(.data)
    _AllocatedMemorySize                     0x00061390   Data           4  yaffs_malloc.o(.data)
    hard_list                                0x000613ac   Data           8  yaffs_yaffs2.o(.data)
    yaffsfs_deviceList                       0x000613b4   Data           8  yaffsfs.o(.data)
    yaffs_wr_attempts                        0x000613bc   Data           4  yaffsfs.o(.data)
    nuc970_nand                              0x000613d0   Data           4  fmi_nand.o(.data)
    pxCurrentTCB                             0x000613d4   Data           4  tasks.o(.data)
    ulCriticalNesting                        0x00061428   Data           4  port.o(.data)
    tTime0Event                              0x0006142c   Data         160  sys_timer.o(.bss)
    tTime1Event                              0x000614cc   Data         160  sys_timer.o(.bss)
    _mmuSectionTable                         0x00064000   Data       16384  system_nuc970.o(.bss)
    _sd_ucSDHCBuffer                         0x00089000   Data         512  sdh.o(.bss)
    SD0                                      0x00089200   Data          24  sdh.o(.bss)
    SD1                                      0x00089218   Data          24  sdh.o(.bss)
    _FatfsVolSFlash                          0x0009f6f8   Data        4152  flashdrvex.o(.bss)
    serialFlashBuff                          0x000a0730   Data       20480  flashdrvex.o(.bss)
    readBuff                                 0x002aa767   Data        4096  quentelmodemlib.o(.bss)
    mtd_table                                0x002ab768   Data         128  mtdcore.o(.bss)
    nand_info                                0x002ab7e8   Data         176  nand.o(.bss)
    _YAFFSMemoryPool                         0x002ac400   Data       4194304  yaffs_malloc.o(.bss)
    g_nuc970_nand                            0x006afa30   Data         488  fmi_nand.o(.bss)
    Image$$RW_RAM1$$ZI$$Limit                0x016b0020   Number         0  rt_locale.o(.bss)



==============================================================================

Memory Map of the image

  Image Entry point : 0x00000000

  Load Region LR_IROM1 (Base: 0x00000000, Size: 0x0006142c, Max: 0x04000000, ABSOLUTE, COMPRESSED[0x00060790])

    Execution Region ER_IROM1 (Base: 0x00000000, Size: 0x000600dc, Max: 0x04000000, ABSOLUTE)

    Base Addr    Size         Type   Attr      Idx    E Section Name        Object

    0x00000000   0x000000ac   Code   RO          285  * NUC_INIT            startup_nuc970.o
    0x000000ac   0x00000008   Code   RO         3307  * !!!main             c_5.l(__main.o)
    0x000000b4   0x0000003c   Code   RO         3721    !!!scatter          c_5.l(__scatter.o)
    0x000000f0   0x0000005c   Code   RO         3719    !!dczerorl2         c_5.l(__dczerorl2.o)
    0x0000014c   0x00000028   Code   RO         3723    !!handler_copy      c_5.l(__scatter_copy.o)
    0x00000174   0x0000002c   Code   RO         3725    !!handler_zi        c_5.l(__scatter_zi.o)
    0x000001a0   0x00000000   Code   RO         3250    .ARM.Collect$$_printf_percent$$00000000  c_5.l(_printf_percent.o)
    0x000001a0   0x00000008   Code   RO         3248    .ARM.Collect$$_printf_percent$$00000003  c_5.l(_printf_f.o)
    0x000001a8   0x00000008   Code   RO         3249    .ARM.Collect$$_printf_percent$$00000004  c_5.l(_printf_e.o)
    0x000001b0   0x00000008   Code   RO         3246    .ARM.Collect$$_printf_percent$$00000009  c_5.l(_printf_d.o)
    0x000001b8   0x00000008   Code   RO         3247    .ARM.Collect$$_printf_percent$$0000000A  c_5.l(_printf_u.o)
    0x000001c0   0x00000008   Code   RO         3245    .ARM.Collect$$_printf_percent$$0000000C  c_5.l(_printf_x.o)
    0x000001c8   0x00000008   Code   RO         3243    .ARM.Collect$$_printf_percent$$00000013  c_5.l(_printf_c.o)
    0x000001d0   0x00000008   Code   RO         3244    .ARM.Collect$$_printf_percent$$00000014  c_5.l(_printf_s.o)
    0x000001d8   0x00000008   Code   RO         3418    .ARM.Collect$$_printf_percent$$00000017  c_5.l(_printf_percent_end.o)
    0x000001e0   0x00000002   Code   RO         3604    .ARM.Collect$$libinit$$00000000  c_5.l(libinit.o)
    0x000001e2   0x00000000   Code   RO         3527    .ARM.Collect$$libinit$$00000002  c_5.l(libinit2.o)
    0x000001e2   0x00000000   Code   RO         3530    .ARM.Collect$$libinit$$00000008  c_5.l(libinit2.o)
    0x000001e2   0x00000000   Code   RO         3532    .ARM.Collect$$libinit$$0000000A  c_5.l(libinit2.o)
    0x000001e2   0x00000000   Code   RO         3534    .ARM.Collect$$libinit$$0000000C  c_5.l(libinit2.o)
    0x000001e2   0x00000006   Code   RO         3535    .ARM.Collect$$libinit$$0000000D  c_5.l(libinit2.o)
    0x000001e8   0x00000000   Code   RO         3537    .ARM.Collect$$libinit$$0000000F  c_5.l(libinit2.o)
    0x000001e8   0x0000000c   Code   RO         3538    .ARM.Collect$$libinit$$00000010  c_5.l(libinit2.o)
    0x000001f4   0x00000000   Code   RO         3539    .ARM.Collect$$libinit$$00000011  c_5.l(libinit2.o)
    0x000001f4   0x00000000   Code   RO         3541    .ARM.Collect$$libinit$$00000013  c_5.l(libinit2.o)
    0x000001f4   0x0000000a   Code   RO         3542    .ARM.Collect$$libinit$$00000014  c_5.l(libinit2.o)
    0x000001fe   0x00000000   Code   RO         3543    .ARM.Collect$$libinit$$00000015  c_5.l(libinit2.o)
    0x000001fe   0x00000000   Code   RO         3545    .ARM.Collect$$libinit$$00000017  c_5.l(libinit2.o)
    0x000001fe   0x00000000   Code   RO         3547    .ARM.Collect$$libinit$$00000019  c_5.l(libinit2.o)
    0x000001fe   0x00000000   Code   RO         3549    .ARM.Collect$$libinit$$0000001B  c_5.l(libinit2.o)
    0x000001fe   0x00000000   Code   RO         3551    .ARM.Collect$$libinit$$0000001D  c_5.l(libinit2.o)
    0x000001fe   0x00000000   Code   RO         3553    .ARM.Collect$$libinit$$0000001F  c_5.l(libinit2.o)
    0x000001fe   0x00000000   Code   RO         3555    .ARM.Collect$$libinit$$00000021  c_5.l(libinit2.o)
    0x000001fe   0x00000000   Code   RO         3557    .ARM.Collect$$libinit$$00000023  c_5.l(libinit2.o)
    0x000001fe   0x00000000   Code   RO         3561    .ARM.Collect$$libinit$$0000002A  c_5.l(libinit2.o)
    0x000001fe   0x00000000   Code   RO         3563    .ARM.Collect$$libinit$$0000002C  c_5.l(libinit2.o)
    0x000001fe   0x00000000   Code   RO         3565    .ARM.Collect$$libinit$$0000002E  c_5.l(libinit2.o)
    0x000001fe   0x00000000   Code   RO         3567    .ARM.Collect$$libinit$$00000030  c_5.l(libinit2.o)
    0x000001fe   0x00000002   Code   RO         3568    .ARM.Collect$$libinit$$00000031  c_5.l(libinit2.o)
    0x00000200   0x00000002   Code   RO         3693    .ARM.Collect$$libshutdown$$00000000  c_5.l(libshutdown.o)
    0x00000202   0x00000000   Code   RO         3630    .ARM.Collect$$libshutdown$$00000003  c_5.l(libshutdown2.o)
    0x00000202   0x00000000   Code   RO         3633    .ARM.Collect$$libshutdown$$00000006  c_5.l(libshutdown2.o)
    0x00000202   0x00000000   Code   RO         3636    .ARM.Collect$$libshutdown$$00000009  c_5.l(libshutdown2.o)
    0x00000202   0x00000000   Code   RO         3638    .ARM.Collect$$libshutdown$$0000000B  c_5.l(libshutdown2.o)
    0x00000202   0x00000000   Code   RO         3641    .ARM.Collect$$libshutdown$$0000000E  c_5.l(libshutdown2.o)
    0x00000202   0x00000002   Code   RO         3642    .ARM.Collect$$libshutdown$$0000000F  c_5.l(libshutdown2.o)
    0x00000204   0x00000000   Code   RO         3365    .ARM.Collect$$rtentry$$00000000  c_5.l(rtentry.o)
    0x00000204   0x00000000   Code   RO         3441    .ARM.Collect$$rtentry$$00000002  c_5.l(rtentry2.o)
    0x00000204   0x00000008   Code   RO         3453    .ARM.Collect$$rtentry$$00000004  c_5.l(rtentry4.o)
    0x0000020c   0x00000000   Code   RO         3443    .ARM.Collect$$rtentry$$00000009  c_5.l(rtentry2.o)
    0x0000020c   0x00000004   Code   RO         3444    .ARM.Collect$$rtentry$$0000000A  c_5.l(rtentry2.o)
    0x00000210   0x00000000   Code   RO         3446    .ARM.Collect$$rtentry$$0000000C  c_5.l(rtentry2.o)
    0x00000210   0x00000028   Code   RO         3447    .ARM.Collect$$rtentry$$0000000D  c_5.l(rtentry2.o)
    0x00000238   0x00000004   Code   RO         3610    .ARM.Collect$$rtexit$$00000000  c_5.l(rtexit.o)
    0x0000023c   0x00000000   Code   RO         3659    .ARM.Collect$$rtexit$$00000002  c_5.l(rtexit2.o)
    0x0000023c   0x00000004   Code   RO         3660    .ARM.Collect$$rtexit$$00000003  c_5.l(rtexit2.o)
    0x00000240   0x00000008   Code   RO         3661    .ARM.Collect$$rtexit$$00000004  c_5.l(rtexit2.o)
    0x00000248   0x00000008   Code   RO         2959    .emb_text           freertos.lib(osmisc.o)
    0x00000250   0x00000f88   Code   RO            1    .text               main.o
    0x000011d8   0x00000934   Code   RO          213    .text               sys.o
    0x00001b0c   0x00000d6c   Code   RO          228    .text               sys_timer.o
    0x00002878   0x00000594   Code   RO          254    .text               sys_uart.o
    0x00002e0c   0x00000930   Code   RO          269    .text               system_nuc970.o
    0x0000373c   0x00002714   Code   RO          292    .text               uart.o
    0x00005e50   0x00000040   Code   RO          322    .text               standalone.o
    0x00005e90   0x00000bcc   Code   RO          333    .text               gpio.o
    0x00006a5c   0x000019e8   Code   RO          351    .text               rtc.o
    0x00008444   0x00000660   Code   RO          369    .text               spi.o
    0x00008aa4   0x00000c18   Code   RO          386    .text               i2c.o
    0x000096bc   0x00001b9c   Code   RO          407    .text               sdh.o
    0x0000b258   0x00000fe8   Code   RO          444    .text               adc.o
    0x0000c240   0x000005c8   Code   RO          460    .text               etimer.o
    0x0000c808   0x000007d4   Code   RO          532    .text               guistandby.o
    0x0000cfdc   0x000003dc   Code   RO          553    .text               guimanager.o
    0x0000d3b8   0x00001284   Code   RO          603    .text               meterdata.o
    0x0000e63c   0x000005a4   Code   RO          665    .text               guiselspace.o
    0x0000ebe0   0x00000554   Code   RO          680    .text               guiseltime.o
    0x0000f134   0x00000390   Code   RO          695    .text               guireaderinit.o
    0x0000f4c4   0x000005c0   Code   RO          710    .text               guideposit.o
    0x0000fa84   0x00000310   Code   RO          725    .text               guidepositfail.o
    0x0000fd94   0x00000310   Code   RO          740    .text               guidepositok.o
    0x000100a4   0x00000520   Code   RO          755    .text               guireplacebp.o
    0x000105c4   0x000003e0   Code   RO          770    .text               guitester.o
    0x000109a4   0x000003ec   Code   RO          785    .text               guitesterkeypad.o
    0x00010d90   0x00000dd4   Code   RO          800    .text               paralib.o
    0x00011b64   0x00000300   Code   RO          825    .text               guifiledownload.o
    0x00011e64   0x000002b0   Code   RO          846    .text               guifree.o
    0x00012114   0x000002b0   Code   RO          861    .text               guioff.o
    0x000123c4   0x0000004c   Code   RO          876    .text               halinterface.o
    0x00012410   0x0000046c   Code   RO          908    .text               guidrv.o
    0x0001287c   0x00000208   Code   RO          929    .text               keydrv.o
    0x00012a84   0x00000aec   Code   RO          943    .text               powerdrv.o
    0x00013570   0x00000268   Code   RO          973    .text               timerdrv.o
    0x000137d8   0x000003e8   Code   RO          988    .text               cardreader.o
    0x00013bc0   0x00003c8c   Code   RO         1005    .text               epddrv.o
    0x0001784c   0x00000750   Code   RO         1031    .text               spacedrv.o
    0x00017f9c   0x00000568   Code   RO         1049    .text               timelib.o
    0x00018504   0x00001a20   Code   RO         1065    .text               ts2000drv.o
    0x00019f24   0x00000724   Code   RO         1117    .text               fatfslib.o
    0x0001a648   0x00000218   Code   RO         1140    .text               photoagent.o
    0x0001a860   0x00000764   Code   RO         1167    .text               jsoncmdlib.o
    0x0001afc4   0x00000630   Code   RO         1203    .text               modemagent.o
    0x0001b5f4   0x00001894   Code   RO         1267    .text               tarifflib.o
    0x0001ce88   0x00000b84   Code   RO         1286    .text               yaffs2drv.o
    0x0001da0c   0x00002110   Code   RO         1392    .text               dataprocesslib.o
    0x0001fb1c   0x00000370   Code   RO         1414    .text               loglib.o
    0x0001fe8c   0x000004d4   Code   RO         1429    .text               ledcmdlib.o
    0x00020360   0x00000b94   Code   RO         1444    .text               leddrv.o
    0x00020ef4   0x00002814   Code   RO         1461    .text               fileagent.o
    0x00023708   0x00000130   Code   RO         1503    .text               userdrv.o
    0x00023838   0x0000010c   Code   RO         1545    .text               interface.o
    0x00023944   0x000003bc   Code   RO         1610    .text               uart1drv.o
    0x00023d00   0x0000032c   Code   RO         1627    .text               uart2drv.o
    0x0002402c   0x00000338   Code   RO         1641    .text               uart3drv.o
    0x00024364   0x00000364   Code   RO         1658    .text               uart4drv.o
    0x000246c8   0x0000033c   Code   RO         1675    .text               uart7drv.o
    0x00024a04   0x000002d0   Code   RO         1692    .text               uart8drv.o
    0x00024cd4   0x000003c0   Code   RO         1706    .text               uart10drv.o
    0x00025094   0x00000240   Code   RO         1720    .text               spi0drv.o
    0x000252d4   0x0000021c   Code   RO         1732    .text               spi1drv.o
    0x000254f0   0x00000158   Code   RO         1744    .text               i2c1drv.o
    0x00025648   0x00000324   Code   RO         1756    .text               buzzerdrv.o
    0x0002596c   0x000007b4   Code   RO         1773    .text               batterydrv.o
    0x00026120   0x0000078c   Code   RO         1791    .text               dipdrv.o
    0x000268ac   0x000001e0   Code   RO         1805    .text               rs232commdrv.o
    0x00026a8c   0x00000d14   Code   RO         1819    .text               flashdrvex.o
    0x000277a0   0x000003a4   Code   RO         1839    .text               sddrv.o
    0x00027b44   0x00000bd4   Code   RO         1856    .text               sr04tdrv.o
    0x00028718   0x00000b40   Code   RO         1873    .text               nt066edrv.o
    0x00029258   0x000000f8   Code   RO         1896    .text               ccsbcs.o
    0x00029350   0x000002fc   Code   RO         1916    .text               diskio.o
    0x0002964c   0x0000568c   Code   RO         1933    .text               ff.o
    0x0002ecd8   0x000031cc   Code   RO         1958    .text               cjson.o
    0x00031ea4   0x000006cc   Code   RO         2011    .text               atcmdparser.o
    0x00032570   0x00001950   Code   RO         2031    .text               quentelmodemlib.o
    0x00033ec0   0x000002cc   Code   RO         2070    .text               mtdcore.o
    0x0003418c   0x000010e0   Code   RO         2115    .text               mtdpart.o
    0x0003526c   0x00000198   Code   RO         2165    .text               nand.o
    0x00035404   0x00004fe4   Code   RO         2197    .text               nand_base.o
    0x0003a3e8   0x00002830   Code   RO         2271    .text               nand_bbt.o
    0x0003cc18   0x000007e0   Code   RO         2361    .text               yaffs_allocator.o
    0x0003d3f8   0x00000290   Code   RO         2411    .text               yaffs_attribs.o
    0x0003d688   0x0000039c   Code   RO         2432    .text               yaffs_bitmap.o
    0x0003da24   0x00000d24   Code   RO         2450    .text               yaffs_checkptrw.o
    0x0003e748   0x000004e0   Code   RO         2469    .text               yaffs_ecc.o
    0x0003ec28   0x00007d08   Code   RO         2501    .text               yaffs_guts.o
    0x00046930   0x000005c4   Code   RO         2557    .text               yaffs_malloc.o
    0x00046ef4   0x00000424   Code   RO         2574    .text               yaffs_mtdif.o
    0x00047318   0x000006f8   Code   RO         2661    .text               yaffs_mtdif2.o
    0x00047a10   0x00000558   Code   RO         2729    .text               yaffs_nameval.o
    0x00047f68   0x00000428   Code   RO         2741    .text               yaffs_nand.o
    0x00048390   0x0000042c   Code   RO         2773    .text               yaffs_packedtags2.o
    0x000487bc   0x00000630   Code   RO         2786    .text               yaffs_qsort.o
    0x00048dec   0x000007e8   Code   RO         2798    .text               yaffs_summary.o
    0x000495d4   0x00000d6c   Code   RO         2819    .text               yaffs_tagscompat.o
    0x0004a340   0x000014cc   Code   RO         2836    .text               yaffs_verify.o
    0x0004b80c   0x00000ab8   Code   RO         2852    .text               yaffs_yaffs1.o
    0x0004c2c4   0x00002c4c   Code   RO         2877    .text               yaffs_yaffs2.o
    0x0004ef10   0x00004ec8   Code   RO         2905    .text               yaffsfs.o
    0x00053dd8   0x000011e4   Code   RO         2925    .text               fmi_nand.o
    0x00054fbc   0x000004c8   Code   RO         2960    .text               freertos.lib(osmisc.o)
    0x00055484   0x00000afc   Code   RO         3025    .text               freertos.lib(queue.o)
    0x00055f80   0x00001e18   Code   RO         3049    .text               freertos.lib(tasks.o)
    0x00057d98   0x00000378   Code   RO         3075    .text               freertos.lib(heap_4.o)
    0x00058110   0x00000114   Code   RO         3093    .text               freertos.lib(list.o)
    0x00058224   0x0000017c   Code   RO         3105    .text               freertos.lib(port.o)
    0x000583a0   0x0000004c   Code   RO         3124    .text               c_5.l(h1_free.o)
    0x000583ec   0x000002f0   Code   RO         3178    .text               c_5.l(lludiv5.o)
    0x000586dc   0x00000028   Code   RO         3180    .text               c_5.l(llshl.o)
    0x00058704   0x00000028   Code   RO         3182    .text               c_5.l(llushr.o)
    0x0005872c   0x00000028   Code   RO         3184    .text               c_5.l(llsshr.o)
    0x00058754   0x00000050   Code   RO         3186    .text               c_5.l(llsdiv.o)
    0x000587a4   0x0000001a   Code   RO         3188    .text               c_5.l(tolower.o)
    0x000587be   0x00000002   PAD
    0x000587c0   0x0000002c   Code   RO         3190    .text               c_5.l(__2sprintf.o)
    0x000587ec   0x0000004e   Code   RO         3196    .text               c_5.l(_printf_pad.o)
    0x0005883a   0x00000052   Code   RO         3198    .text               c_5.l(_printf_str.o)
    0x0005888c   0x00000008   Ven    RO         3200    .text               c_5.l(_printf_dec.o)
    0x00058894   0x0000006c   Code   RO         3200    .text               c_5.l(_printf_dec.o)
    0x00058900   0x00000008   Ven    RO         3205    .text               c_5.l(_printf_hex_int.o)
    0x00058908   0x00000058   Code   RO         3205    .text               c_5.l(_printf_hex_int.o)
    0x00058960   0x00000188   Code   RO         3240    .text               c_5.l(__printf_flags_ss_wp.o)
    0x00058ae8   0x00000288   Code   RO         3255    .text               c_5.l(qsortnoex.o)
    0x00058d70   0x00000016   Code   RO         3257    .text               c_5.l(strchr.o)
    0x00058d86   0x00000074   Code   RO         3259    .text               c_5.l(memcmp.o)
    0x00058dfa   0x00000002   PAD
    0x00058dfc   0x0000004c   Code   RO         3261    .text               c_5.l(strcpy.o)
    0x00058e48   0x00000044   Code   RO         3265    .text               c_5.l(strlen.o)
    0x00058e8c   0x00000094   Code   RO         3267    .text               c_5.l(strncmp.o)
    0x00058f20   0x00000018   Code   RO         3269    .text               c_5.l(strcat.o)
    0x00058f38   0x000000d4   Code   RO         3271    .text               c_5.l(rt_memcpy.o)
    0x0005900c   0x00000064   Code   RO         3273    .text               c_5.l(rt_memcpy_w.o)
    0x00059070   0x00000010   Code   RO         3275    .text               c_5.l(aeabi_memset.o)
    0x00059080   0x00000040   Code   RO         3277    .text               c_5.l(rt_memclr.o)
    0x000590c0   0x00000054   Code   RO         3279    .text               c_5.l(rt_memclr_w.o)
    0x00059114   0x0000006c   Code   RO         3281    .text               c_5.l(strncpy.o)
    0x00059180   0x000000a0   Code   RO         3283    .text               c_5.l(strcmp.o)
    0x00059220   0x00000020   Code   RO         3285    .text               c_5.l(uread4.o)
    0x00059240   0x00000020   Code   RO         3287    .text               c_5.l(uwrite4.o)
    0x00059260   0x000001b0   Code   RO         3289    .text               c_5.l(mktime.o)
    0x00059410   0x0000017c   Code   RO         3291    .text               c_5.l(aeabi_sdiv.o)
    0x0005958c   0x00000014   Code   RO         3366    .text               c_5.l(rt_ctype_table.o)
    0x000595a0   0x0000000c   Code   RO         3376    .text               c_5.l(rt_heap_descriptor.o)
    0x000595ac   0x0000000c   Code   RO         3381    .text               c_5.l(rt_errno_addr.o)
    0x000595b8   0x000000b0   Code   RO         3408    .text               c_5.l(_printf_intcommon.o)
    0x00059668   0x00000414   Code   RO         3410    .text               c_5.l(_printf_fp_dec.o)
    0x00059a7c   0x00000030   Code   RO         3412    .text               c_5.l(_printf_char_common.o)
    0x00059aac   0x0000000a   Code   RO         3414    .text               c_5.l(_sputc.o)
    0x00059ab6   0x00000002   PAD
    0x00059ab8   0x00000008   Ven    RO         3416    .text               c_5.l(_printf_char.o)
    0x00059ac0   0x0000002e   Code   RO         3416    .text               c_5.l(_printf_char.o)
    0x00059aee   0x00000002   PAD
    0x00059af0   0x000000a8   Code   RO         3419    .text               c_5.l(strtod.o)
    0x00059b98   0x0000002c   Code   RO         3424    .text               c_5.l(rtudiv10.o)
    0x00059bc4   0x0000000c   Code   RO         3457    .text               c_5.l(rt_locale.o)
    0x00059bd0   0x00000098   Code   RO         3472    .text               c_5.l(lludiv10.o)
    0x00059c68   0x00000012   Code   RO         3474    .text               c_5.l(isspace.o)
    0x00059c7a   0x00000002   PAD
    0x00059c7c   0x00000088   Code   RO         3476    .text               c_5.l(_printf_fp_infnan.o)
    0x00059d04   0x00000044   Code   RO         3480    .text               c_5.l(_sgetc.o)
    0x00059d48   0x000000d4   Code   RO         3484    .text               c_5.l(bigflt0.o)
    0x00059e1c   0x0000001e   Code   RO         3583    .text               c_5.l(_chval.o)
    0x00059e3a   0x00000002   PAD
    0x00059e3c   0x000004d8   Code   RO         3585    .text               c_5.l(scanf_fp.o)
    0x0005a314   0x0000000c   Code   RO         3587    .text               c_5.l(exit.o)
    0x0005a320   0x00000018   Code   RO         3616    .text               c_5.l(llmul.o)
    0x0005a338   0x00000008   Ven    RO         3665    .text               c_5.l(_rserrno.o)
    0x0005a340   0x00000016   Code   RO         3665    .text               c_5.l(_rserrno.o)
    0x0005a356   0x00000002   PAD
    0x0005a358   0x00000008   Ven    RO         3667    .text               c_5.l(scanf_hexfp.o)
    0x0005a360   0x00000328   Code   RO         3667    .text               c_5.l(scanf_hexfp.o)
    0x0005a688   0x00000008   Ven    RO         3669    .text               c_5.l(scanf_infnan.o)
    0x0005a690   0x00000140   Code   RO         3669    .text               c_5.l(scanf_infnan.o)
    0x0005a7d0   0x00000024   Code   RO         3292    .text_udiv          c_5.l(aeabi_sdiv.o)
    0x0005a7f4   0x00000038   Code   RO         3487    CL$$btod_d2e        c_5.l(btod.o)
    0x0005a82c   0x00000054   Code   RO         3489    CL$$btod_d2e_denorm_low  c_5.l(btod.o)
    0x0005a880   0x00000068   Code   RO         3488    CL$$btod_d2e_norm_op1  c_5.l(btod.o)
    0x0005a8e8   0x00000348   Code   RO         3497    CL$$btod_div_common  c_5.l(btod.o)
    0x0005ac30   0x0000005c   Code   RO         3495    CL$$btod_e2d        c_5.l(btod.o)
    0x0005ac8c   0x000000dc   Code   RO         3494    CL$$btod_e2e        c_5.l(btod.o)
    0x0005ad68   0x00000030   Code   RO         3491    CL$$btod_ediv       c_5.l(btod.o)
    0x0005ad98   0x00000030   Code   RO         3493    CL$$btod_edivd      c_5.l(btod.o)
    0x0005adc8   0x00000030   Code   RO         3490    CL$$btod_emul       c_5.l(btod.o)
    0x0005adf8   0x00000030   Code   RO         3492    CL$$btod_emuld      c_5.l(btod.o)
    0x0005ae28   0x00000264   Code   RO         3496    CL$$btod_mult_common  c_5.l(btod.o)
    0x0005b08c   0x00000150   Code   RO         3090    PORT_ASM            freertos.lib(portasm.o)
    0x0005b1dc   0x00000030   Code   RO          289    SYS_INIT            sys_nuc970.o
    0x0005b20c   0x00000008   Ven    RO         3733    Veneer$$Code        anon$$obj.o
    0x0005b214   0x00000008   Ven    RO         3734    Veneer$$Code        anon$$obj.o
    0x0005b21c   0x00000008   Ven    RO         3735    Veneer$$Code        anon$$obj.o
    0x0005b224   0x00000030   Code   RO         3573    i.__ARM_fpclassify  m_5s.l(fpclassify.o)
    0x0005b254   0x00000014   Code   RO         3710    i.__mathlib_dbl_underflow  m_5s.l(dunder.o)
    0x0005b268   0x00000018   Code   RO         3652    i.__mathlib_narrow  m_5s.l(narrow.o)
    0x0005b280   0x000000d0   Code   RO         3653    i.__mathlib_tofloat  m_5s.l(narrow.o)
    0x0005b350   0x00000020   Code   RO         3697    i.__support_ldexp   m_5s.l(ldexp.o)
    0x0005b370   0x0000000e   Code   RO         3233    i._is_digit         c_5.l(__printf_wp.o)
    0x0005b37e   0x00000002   PAD
    0x0005b380   0x00000130   Code   RO         3356    i.floor             m_5s.l(floor.o)
    0x0005b4b0   0x00000074   Code   RO         3674    i.frexp             m_5s.l(frexp.o)
    0x0005b524   0x000000c8   Code   RO         3698    i.ldexp             m_5s.l(ldexp.o)
    0x0005b5ec   0x00000030   Code   RO         3360    i.strtod            m_5s.l(strtod.o)
    0x0005b61c   0x00000048   Code   RO         3510    locale$$code        c_5.l(lc_ctype_c.o)
    0x0005b664   0x00000048   Code   RO         3513    locale$$code        c_5.l(lc_numeric_c.o)
    0x0005b6ac   0x0000006c   Code   RO         3309    x$fpl$d2f           fz_5s.l(d2f.o)
    0x0005b718   0x00000154   Code   RO         3311    x$fpl$dadd          fz_5s.l(daddsub_clz.o)
    0x0005b86c   0x00000010   Code   RO         3708    x$fpl$dcheck1       fz_5s.l(dcheck1.o)
    0x0005b87c   0x0000001c   Code   RO         3426    x$fpl$dcmpinf       fz_5s.l(dcmpi.o)
    0x0005b898   0x000002d0   Code   RO         3318    x$fpl$ddiv          fz_5s.l(ddiv.o)
    0x0005bb68   0x00000094   Code   RO         3321    x$fpl$deqf          fz_5s.l(deqf.o)
    0x0005bbfc   0x00000070   Code   RO         3323    x$fpl$dfix          fz_5s.l(dfix.o)
    0x0005bc6c   0x00000034   Code   RO         3328    x$fpl$dflt          fz_5s.l(dflt_clz.o)
    0x0005bca0   0x0000002c   Code   RO         3327    x$fpl$dfltu         fz_5s.l(dflt_clz.o)
    0x0005bccc   0x00000094   Code   RO         3333    x$fpl$dleqf         fz_5s.l(dleqf.o)
    0x0005bd60   0x00000178   Code   RO         3335    x$fpl$dmul          fz_5s.l(dmul.o)
    0x0005bed8   0x000000b8   Code   RO         3428    x$fpl$dnaninf       fz_5s.l(dnaninf.o)
    0x0005bf90   0x00000010   Code   RO         3430    x$fpl$dretinf       fz_5s.l(dretinf.o)
    0x0005bfa0   0x0000008c   Code   RO         3337    x$fpl$drleqf        fz_5s.l(drleqf.o)
    0x0005c02c   0x00000018   Code   RO         3312    x$fpl$drsb          fz_5s.l(daddsub_clz.o)
    0x0005c044   0x00000200   Code   RO         3313    x$fpl$dsub          fz_5s.l(daddsub_clz.o)
    0x0005c244   0x00000064   Code   RO         3339    x$fpl$f2d           fz_5s.l(f2d.o)
    0x0005c2a8   0x00000054   Code   RO         3341    x$fpl$ffixu         fz_5s.l(ffixu.o)
    0x0005c2fc   0x00000028   Code   RO         3345    x$fpl$ffltu         fz_5s.l(fflt_clz.o)
    0x0005c324   0x00000100   Code   RO         3351    x$fpl$fmul          fz_5s.l(fmul.o)
    0x0005c424   0x000000a0   Code   RO         3432    x$fpl$fnaninf       fz_5s.l(fnaninf.o)
    0x0005c4c4   0x00000010   Code   RO         3434    x$fpl$fretinf       fz_5s.l(fretinf.o)
    0x0005c4d4   0x00000008   Code   RO         3569    x$fpl$ieeestatus    fz_5s.l(istatus.o)
    0x0005c4dc   0x00000004   Code   RO         3353    x$fpl$printf1       fz_5s.l(printf1.o)
    0x0005c4e0   0x00000074   Code   RO         3713    x$fpl$retnan        fz_5s.l(retnan.o)
    0x0005c554   0x00000068   Code   RO         3694    x$fpl$scalbn        fz_5s.l(scalbn.o)
    0x0005c5bc   0x00000004   Code   RO         3571    x$fpl$scanf1        fz_5s.l(scanf1.o)
    0x0005c5c0   0x00000008   Code   RO         3646    x$fpl$scanf2        fz_5s.l(scanf2.o)
    0x0005c5c8   0x0000003c   Code   RO         3715    x$fpl$trapveneer    fz_5s.l(trapv.o)
    0x0005c604   0x00000000   Code   RO         3436    x$fpl$usenofp       fz_5s.l(usenofp.o)
    0x0005c604   0x00000046   Data   RO            2    .constdata          main.o
    0x0005c64a   0x00000002   PAD
    0x0005c64c   0x00000098   Data   RO          409    .constdata          sdh.o
    0x0005c6e4   0x0000011d   Data   RO          533    .constdata          guistandby.o
    0x0005c801   0x00000003   PAD
    0x0005c804   0x00000182   Data   RO          605    .constdata          meterdata.o
    0x0005c986   0x00000002   PAD
    0x0005c988   0x0000016e   Data   RO          666    .constdata          guiselspace.o
    0x0005caf6   0x00000002   PAD
    0x0005caf8   0x0000005a   Data   RO          681    .constdata          guiseltime.o
    0x0005cb52   0x00000002   PAD
    0x0005cb54   0x0000005d   Data   RO          696    .constdata          guireaderinit.o
    0x0005cbb1   0x00000003   PAD
    0x0005cbb4   0x0000014a   Data   RO          711    .constdata          guideposit.o
    0x0005ccfe   0x00000002   PAD
    0x0005cd00   0x0000005e   Data   RO          726    .constdata          guidepositfail.o
    0x0005cd5e   0x00000002   PAD
    0x0005cd60   0x0000005c   Data   RO          741    .constdata          guidepositok.o
    0x0005cdbc   0x0000005c   Data   RO          756    .constdata          guireplacebp.o
    0x0005ce18   0x00000059   Data   RO          771    .constdata          guitester.o
    0x0005ce71   0x00000003   PAD
    0x0005ce74   0x0000005f   Data   RO          786    .constdata          guitesterkeypad.o
    0x0005ced3   0x00000001   PAD
    0x0005ced4   0x0000005b   Data   RO          802    .constdata          paralib.o
    0x0005cf2f   0x00000001   PAD
    0x0005cf30   0x0000005f   Data   RO          826    .constdata          guifiledownload.o
    0x0005cf8f   0x00000001   PAD
    0x0005cf90   0x00000057   Data   RO          847    .constdata          guifree.o
    0x0005cfe7   0x00000001   PAD
    0x0005cfe8   0x00000056   Data   RO          862    .constdata          guioff.o
    0x0005d03e   0x00000002   PAD
    0x0005d040   0x00000046   Data   RO          945    .constdata          powerdrv.o
    0x0005d086   0x00000002   PAD
    0x0005d088   0x00000087   Data   RO         1007    .constdata          epddrv.o
    0x0005d10f   0x00000001   PAD
    0x0005d110   0x000000c6   Data   RO         1051    .constdata          timelib.o
    0x0005d1d6   0x00000002   PAD
    0x0005d1d8   0x00000047   Data   RO         1067    .constdata          ts2000drv.o
    0x0005d21f   0x00000001   PAD
    0x0005d220   0x0000008c   Data   RO         1119    .constdata          fatfslib.o
    0x0005d2ac   0x00000090   Data   RO         1204    .constdata          modemagent.o
    0x0005d33c   0x000000ba   Data   RO         1269    .constdata          tarifflib.o
    0x0005d3f6   0x00000002   PAD
    0x0005d3f8   0x00000043   Data   RO         1287    .constdata          yaffs2drv.o
    0x0005d43b   0x00000001   PAD
    0x0005d43c   0x0000016f   Data   RO         1393    .constdata          dataprocesslib.o
    0x0005d5ab   0x00000001   PAD
    0x0005d5ac   0x000002e1   Data   RO         1463    .constdata          fileagent.o
    0x0005d88d   0x00000003   PAD
    0x0005d890   0x0000004f   Data   RO         1821    .constdata          flashdrvex.o
    0x0005d8df   0x00000001   PAD
    0x0005d8e0   0x000004c0   Data   RO         1897    .constdata          ccsbcs.o
    0x0005dda0   0x000000ba   Data   RO         1935    .constdata          ff.o
    0x0005de5a   0x00000005   Data   RO         1960    .constdata          cjson.o
    0x0005de5f   0x00000001   PAD
    0x0005de60   0x000001f1   Data   RO         2033    .constdata          quentelmodemlib.o
    0x0005e051   0x00000003   PAD
    0x0005e054   0x000000f2   Data   RO         2116    .constdata          mtdpart.o
    0x0005e146   0x00000002   PAD
    0x0005e148   0x0000010c   Data   RO         2199    .constdata          nand_base.o
    0x0005e254   0x00000061   Data   RO         2273    .constdata          nand_bbt.o
    0x0005e2b5   0x00000003   PAD
    0x0005e2b8   0x00000710   Data   RO         2310    .constdata          nand_ids.o
    0x0005e9c8   0x00000094   Data   RO         2451    .constdata          yaffs_checkptrw.o
    0x0005ea5c   0x00000100   Data   RO         2470    .constdata          yaffs_ecc.o
    0x0005eb5c   0x00000250   Data   RO         2502    .constdata          yaffs_guts.o
    0x0005edac   0x00000098   Data   RO         2559    .constdata          yaffs_malloc.o
    0x0005ee44   0x0000005b   Data   RO         2774    .constdata          yaffs_packedtags2.o
    0x0005ee9f   0x00000001   PAD
    0x0005eea0   0x0000014c   Data   RO         2837    .constdata          yaffs_verify.o
    0x0005efec   0x00000062   Data   RO         2853    .constdata          yaffs_yaffs1.o
    0x0005f04e   0x00000002   PAD
    0x0005f050   0x000002f1   Data   RO         2878    .constdata          yaffs_yaffs2.o
    0x0005f341   0x00000003   PAD
    0x0005f344   0x00000064   Data   RO         2927    .constdata          fmi_nand.o
    0x0005f3a8   0x000001e4   Data   RO         2961    .constdata          freertos.lib(osmisc.o)
    0x0005f58c   0x00000028   Data   RO         3206    .constdata          c_5.l(_printf_hex_int.o)
    0x0005f5b4   0x00000011   Data   RO         3241    .constdata          c_5.l(__printf_flags_ss_wp.o)
    0x0005f5c5   0x0000000c   Data   RO         3423    .constdata          c_5.l(_monlen.o)
    0x0005f5d1   0x00000003   PAD
    0x0005f5d4   0x00000094   Data   RO         3485    .constdata          c_5.l(bigflt0.o)
    0x0005f668   0x00000008   Data   RO            3    .conststring        main.o
    0x0005f670   0x00000066   Data   RO          606    .conststring        meterdata.o
    0x0005f6d6   0x0000000b   Data   RO          909    .conststring        guidrv.o
    0x0005f6e1   0x0000000d   Data   RO          946    .conststring        powerdrv.o
    0x0005f6ee   0x0000000b   Data   RO         1008    .conststring        epddrv.o
    0x0005f6f9   0x0000000d   Data   RO         1032    .conststring        spacedrv.o
    0x0005f706   0x00000009   Data   RO         1120    .conststring        fatfslib.o
    0x0005f70f   0x0000000f   Data   RO         1141    .conststring        photoagent.o
    0x0005f71e   0x0000000f   Data   RO         1205    .conststring        modemagent.o
    0x0005f72d   0x00000056   Data   RO         1394    .conststring        dataprocesslib.o
    0x0005f783   0x0000000e   Data   RO         1464    .conststring        fileagent.o
    0x0005f791   0x00000015   Data   RO         1504    .conststring        userdrv.o
    0x0005f7a6   0x00000150   Data   RO         2013    .conststring        atcmdparser.o
    0x0005f8f6   0x0000015e   Data   RO         2034    .conststring        quentelmodemlib.o
    0x0005fa54   0x000004d9   Data   RO         2311    .conststring        nand_ids.o
    0x0005ff2d   0x0000004b   Data   RO         2838    .conststring        yaffs_verify.o
    0x0005ff78   0x00000030   Data   RO         3717    Region$$Table       anon$$obj.o
    0x0005ffa8   0x00000008   Data   RO         3643    c$$dinf             fz_5s.l(fpconst.o)
    0x0005ffb0   0x00000110   Data   RO         3509    locale$$data        c_5.l(lc_ctype_c.o)
    0x000600c0   0x0000001c   Data   RO         3512    locale$$data        c_5.l(lc_numeric_c.o)


    Execution Region RW_RAM1 (Base: 0x000600dc, Size: 0x0164ff44, Max: 0xffffffff, ABSOLUTE, COMPRESSED[0x000006b4])

    Base Addr    Size         Type   Attr      Idx    E Section Name        Object

    0x000600dc   0x0000001c   Data   RW            4    .data               main.o
    0x000600f8   0x000001f4   Data   RW          214    .data               sys.o
    0x000602ec   0x00000060   Data   RW          230    .data               sys_timer.o
    0x0006034c   0x0000000c   Data   RW          271    .data               system_nuc970.o
    0x00060358   0x00000086   Data   RW          294    .data               uart.o
    0x000603de   0x00000002   PAD
    0x000603e0   0x00000028   Data   RW          335    .data               gpio.o
    0x00060408   0x00000058   Data   RW          352    .data               rtc.o
    0x00060460   0x0000000c   Data   RW          388    .data               i2c.o
    0x0006046c   0x00000020   Data   RW          410    .data               sdh.o
    0x0006048c   0x00000004   Data   RW          446    .data               adc.o
    0x00060490   0x0000000e   Data   RW          534    .data               guistandby.o
    0x0006049e   0x00000002   PAD
    0x000604a0   0x0000017c   Data   RW          554    .data               guimanager.o
    0x0006061c   0x00000088   Data   RW          607    .data               meterdata.o
    0x000606a4   0x00000014   Data   RW          667    .data               guiselspace.o
    0x000606b8   0x00000014   Data   RW          682    .data               guiseltime.o
    0x000606cc   0x0000000d   Data   RW          697    .data               guireaderinit.o
    0x000606d9   0x00000003   PAD
    0x000606dc   0x0000000d   Data   RW          712    .data               guideposit.o
    0x000606e9   0x00000003   PAD
    0x000606ec   0x0000000d   Data   RW          727    .data               guidepositfail.o
    0x000606f9   0x00000003   PAD
    0x000606fc   0x00000010   Data   RW          742    .data               guidepositok.o
    0x0006070c   0x0000000d   Data   RW          757    .data               guireplacebp.o
    0x00060719   0x00000003   PAD
    0x0006071c   0x0000000d   Data   RW          772    .data               guitester.o
    0x00060729   0x00000003   PAD
    0x0006072c   0x0000000d   Data   RW          787    .data               guitesterkeypad.o
    0x00060739   0x00000003   PAD
    0x0006073c   0x00000008   Data   RW          803    .data               paralib.o
    0x00060744   0x0000000d   Data   RW          827    .data               guifiledownload.o
    0x00060751   0x00000003   PAD
    0x00060754   0x0000000d   Data   RW          848    .data               guifree.o
    0x00060761   0x00000003   PAD
    0x00060764   0x0000000d   Data   RW          863    .data               guioff.o
    0x00060771   0x00000003   PAD
    0x00060774   0x00000044   Data   RW          877    .data               halinterface.o
    0x000607b8   0x00000028   Data   RW          910    .data               guidrv.o
    0x000607e0   0x00000011   Data   RW          930    .data               keydrv.o
    0x000607f1   0x00000003   PAD
    0x000607f4   0x00000038   Data   RW          947    .data               powerdrv.o
    0x0006082c   0x00000020   Data   RW          975    .data               timerdrv.o
    0x0006084c   0x00000010   Data   RW          989    .data               cardreader.o
    0x0006085c   0x00000048   Data   RW         1009    .data               epddrv.o
    0x000608a4   0x00000034   Data   RW         1033    .data               spacedrv.o
    0x000608d8   0x00000004   Data   RW         1052    .data               timelib.o
    0x000608dc   0x0000003c   Data   RW         1068    .data               ts2000drv.o
    0x00060918   0x00000013   Data   RW         1121    .data               fatfslib.o
    0x0006092b   0x00000001   PAD
    0x0006092c   0x00000024   Data   RW         1142    .data               photoagent.o
    0x00060950   0x00000014   Data   RW         1168    .data               jsoncmdlib.o
    0x00060964   0x00000028   Data   RW         1206    .data               modemagent.o
    0x0006098c   0x00000010   Data   RW         1270    .data               tarifflib.o
    0x0006099c   0x00000002   Data   RW         1288    .data               yaffs2drv.o
    0x0006099e   0x00000002   PAD
    0x000609a0   0x000000ac   Data   RW         1395    .data               dataprocesslib.o
    0x00060a4c   0x00000004   Data   RW         1416    .data               loglib.o
    0x00060a50   0x00000018   Data   RW         1445    .data               leddrv.o
    0x00060a68   0x00000048   Data   RW         1465    .data               fileagent.o
    0x00060ab0   0x00000018   Data   RW         1505    .data               userdrv.o
    0x00060ac8   0x00000184   Data   RW         1546    .data               interface.o
    0x00060c4c   0x00000011   Data   RW         1757    .data               buzzerdrv.o
    0x00060c5d   0x00000003   PAD
    0x00060c60   0x00000018   Data   RW         1775    .data               batterydrv.o
    0x00060c78   0x00000010   Data   RW         1792    .data               dipdrv.o
    0x00060c88   0x00000004   Data   RW         1806    .data               rs232commdrv.o
    0x00060c8c   0x00000014   Data   RW         1822    .data               flashdrvex.o
    0x00060ca0   0x00000008   Data   RW         1857    .data               sr04tdrv.o
    0x00060ca8   0x00000028   Data   RW         1874    .data               nt066edrv.o
    0x00060cd0   0x00000003   Data   RW         1936    .data               ff.o
    0x00060cd3   0x00000001   PAD
    0x00060cd4   0x0000000c   Data   RW         1961    .data               cjson.o
    0x00060ce0   0x0000017c   Data   RW         2014    .data               atcmdparser.o
    0x00060e5c   0x000004fa   Data   RW         2035    .data               quentelmodemlib.o
    0x00061356   0x00000002   PAD
    0x00061358   0x00000008   Data   RW         2117    .data               mtdpart.o
    0x00061360   0x00000010   Data   RW         2167    .data               nand.o
    0x00061370   0x00000010   Data   RW         2274    .data               nand_bbt.o
    0x00061380   0x00000020   Data   RW         2560    .data               yaffs_malloc.o
    0x000613a0   0x00000008   Data   RW         2821    .data               yaffs_tagscompat.o
    0x000613a8   0x00000004   Data   RW         2839    .data               yaffs_verify.o
    0x000613ac   0x00000008   Data   RW         2879    .data               yaffs_yaffs2.o
    0x000613b4   0x0000001c   Data   RW         2907    .data               yaffsfs.o
    0x000613d0   0x00000004   Data   RW         2928    .data               fmi_nand.o
    0x000613d4   0x0000003c   Data   RW         3051    .data               freertos.lib(tasks.o)
    0x00061410   0x00000018   Data   RW         3077    .data               freertos.lib(heap_4.o)
    0x00061428   0x00000004   Data   RW         3106    .data               freertos.lib(port.o)
    0x0006142c   0x00000140   Zero   RW          229    .bss                sys_timer.o
    0x0006156c   0x00002a94   PAD
    0x00064000   0x00024000   Zero   RW          270    .bss                system_nuc970.o
    0x00088000   0x0000023c   Zero   RW          293    .bss                uart.o
    0x0008823c   0x000000a4   Zero   RW          334    .bss                gpio.o
    0x000882e0   0x00000010   Zero   RW          370    .bss                spi.o
    0x000882f0   0x000003d0   Zero   RW          387    .bss                i2c.o
    0x000886c0   0x00000940   PAD
    0x00089000   0x00000230   Zero   RW          408    .bss                sdh.o
    0x00089230   0x00000488   Zero   RW          445    .bss                adc.o
    0x000896b8   0x00000c13   Zero   RW          604    .bss                meterdata.o
    0x0008a2cb   0x00000273   Zero   RW          801    .bss                paralib.o
    0x0008a53e   0x00000002   PAD
    0x0008a540   0x00000028   Zero   RW          944    .bss                powerdrv.o
    0x0008a568   0x0000000c   Zero   RW          974    .bss                timerdrv.o
    0x0008a574   0x000003d0   Zero   RW         1006    .bss                epddrv.o
    0x0008a944   0x00000058   Zero   RW         1050    .bss                timelib.o
    0x0008a99c   0x000004cc   Zero   RW         1066    .bss                ts2000drv.o
    0x0008ae68   0x000030b4   Zero   RW         1118    .bss                fatfslib.o
    0x0008df1c   0x00001035   Zero   RW         1268    .bss                tarifflib.o
    0x0008ef51   0x000000ff   Zero   RW         1415    .bss                loglib.o
    0x0008f050   0x00010600   Zero   RW         1462    .bss                fileagent.o
    0x0009f650   0x00000010   Zero   RW         1611    .bss                uart1drv.o
    0x0009f660   0x00000010   Zero   RW         1628    .bss                uart2drv.o
    0x0009f670   0x00000010   Zero   RW         1642    .bss                uart3drv.o
    0x0009f680   0x00000010   Zero   RW         1659    .bss                uart4drv.o
    0x0009f690   0x00000010   Zero   RW         1676    .bss                uart7drv.o
    0x0009f6a0   0x00000010   Zero   RW         1693    .bss                uart8drv.o
    0x0009f6b0   0x00000010   Zero   RW         1707    .bss                uart10drv.o
    0x0009f6c0   0x00000038   Zero   RW         1774    .bss                batterydrv.o
    0x0009f6f8   0x00006038   Zero   RW         1820    .bss                flashdrvex.o
    0x000a5730   0x00000010   PAD
    0x000a5740   0x0000300c   Zero   RW         1917    .bss                diskio.o
    0x000a874c   0x0000000c   Zero   RW         1934    .bss                ff.o
    0x000a8758   0x0000000f   Zero   RW         1959    .bss                cjson.o
    0x000a8767   0x00202000   Zero   RW         2012    .bss                atcmdparser.o
    0x002aa767   0x00001000   Zero   RW         2032    .bss                quentelmodemlib.o
    0x002ab767   0x00000001   PAD
    0x002ab768   0x00000080   Zero   RW         2071    .bss                mtdcore.o
    0x002ab7e8   0x000001d8   Zero   RW         2166    .bss                nand.o
    0x002ab9c0   0x00000920   Zero   RW         2198    .bss                nand_base.o
    0x002ac2e0   0x000000b4   Zero   RW         2272    .bss                nand_bbt.o
    0x002ac394   0x0000006c   PAD
    0x002ac400   0x00400000   Zero   RW         2558    .bss                yaffs_malloc.o
    0x006ac400   0x00000020   Zero   RW         2820    .bss                yaffs_tagscompat.o
    0x006ac420   0x00003610   Zero   RW         2906    .bss                yaffsfs.o
    0x006afa30   0x00000430   Zero   RW         2926    .bss                fmi_nand.o
    0x006afe60   0x000001a4   Zero   RW         3050    .bss                freertos.lib(tasks.o)
    0x006b0004   0x01000000   Zero   RW         3076    .bss                freertos.lib(heap_4.o)
    0x016b0004   0x00000004   Zero   RW         3377    .bss                c_5.l(rt_heap_descriptor.o)
    0x016b0008   0x00000004   Zero   RW         3382    .bss                c_5.l(rt_errno_addr.o)
    0x016b000c   0x00000014   Zero   RW         3458    .bss                c_5.l(rt_locale.o)


==============================================================================

Image component sizes


      Code (inc. data)   RO Data    RW Data    ZI Data      Debug   Object Name

      4072         28          0          4       1160       7130   adc.o
      1740        136        336        380    2105344       7483   atcmdparser.o
      1972        184          0         24         56       4701   batterydrv.o
       804        168          0         17          0       1691   buzzerdrv.o
      1000        352          0         16          0       2699   cardreader.o
       248         12       1216          0          0       4565   ccsbcs.o
     12748        160          5         12         15      26960   cjson.o
      8464       2984        453        172          0      12735   dataprocesslib.o
      1932        736          0         16          0       2526   dipdrv.o
       764         48          0          0      12300       2502   diskio.o
     15500       1432        146         72        976      25940   epddrv.o
      1480         44          0          0          0       2363   etimer.o
      1828        800        149         19      12468       4275   fatfslib.o
     22156        544        186          3         12      34211   ff.o
     10260       2384        751         72      67072      20962   fileagent.o
      3348        556         79         20      24632       7340   flashdrvex.o
      4580        236        100          4       1072      22059   fmi_nand.o
      3020         32          0         40        164      10540   gpio.o
      1472        152        330         13          0       3673   guideposit.o
       784        128         94         13          0       2785   guidepositfail.o
       784        128         92         16          0       2789   guidepositok.o
      1132        284         11         40          0       8614   guidrv.o
       768        128         95         13          0       3029   guifiledownload.o
       688        112         87         13          0       2837   guifree.o
       988        304          0        380          0       3402   guimanager.o
       688        112         86         13          0       2821   guioff.o
       912        132         93         13          0       3073   guireaderinit.o
      1312        168         92         13          0       3525   guireplacebp.o
      1444        148        366         20          0       3241   guiselspace.o
      1364        184         90         20          0       3133   guiseltime.o
      2004        516        285         14          0       4190   guistandby.o
       992        164         89         13          0       3061   guitester.o
      1004        176         95         13          0       3145   guitesterkeypad.o
        76         16          0         68          0       5357   halinterface.o
      3096        188          0         12        976       5892   i2c.o
       344         36          0          0          0       2053   i2c1drv.o
       268         28          0        388          0       3132   interface.o
      1892        236          0         20          0       5475   jsoncmdlib.o
       520        112          0         17          0       2001   keydrv.o
      1236          0          0          0          0       3401   ledcmdlib.o
      2964        720          0         24          0       5618   leddrv.o
       880        276          0          4        255       2220   loglib.o
      3976        796         78         28          0      71638   main.o
      4740        700        488        136       3091      10999   meterdata.o
      1584        544        159         40          0       8309   modemagent.o
       716        128          0          0        128      12300   mtdcore.o
      4320        388        242          8          0      24416   mtdpart.o
       408         48          0         16        472      15111   nand.o
     20452        876        268          0       2336      55401   nand_base.o
     10288        804         97         16        180      31424   nand_bbt.o
         0          0       3049          0          0      17224   nand_ids.o
      2880        928          0         40          0       8132   nt066edrv.o
      3540       1224         91          8        627       8963   paralib.o
       536        172         15         36          0       1926   photoagent.o
      2796        748         83         56         40       5458   powerdrv.o
      6480       1772        847       1274       4096      18979   quentelmodemlib.o
       480        184          0          4          0       2127   rs232commdrv.o
      6632        116          0         88          0      16354   rtc.o
       932         88          0          0          0       3153   sddrv.o
      7068        328        152         32        560      16061   sdh.o
      1872        796         13         52          0       3524   spacedrv.o
      1632         28          0          0         16       3345   spi.o
       576         20          0          0          0       1390   spi0drv.o
       540         20          0          0          0       1390   spi1drv.o
      3028        184          0          8          0       5992   sr04tdrv.o
        64          4          0          0          0       1364   standalone.o
       172         60          0          0          0        352   startup_nuc970.o
      2356         60          0        500          0       6647   sys.o
        48          0          0          0          0        260   sys_nuc970.o
      3436        104          0         96        320      61062   sys_timer.o
      1428          4          0          0          0       4167   sys_uart.o
      2352         40          0         12     147456       5768   system_nuc970.o
      6292       1672        186         16       4149       9132   tarifflib.o
      1384        100        198          4         88       3618   timelib.o
       616         88          0         32         12       2390   timerdrv.o
      6688       1900         71         60       1228       8692   ts2000drv.o
     10004        640          0        134        572      30028   uart.o
       960        148          0          0         16       2564   uart10drv.o
       956        144          0          0         16       2543   uart1drv.o
       812        124          0          0         16       2234   uart2drv.o
       824        144          0          0         16       2531   uart3drv.o
       868        144          0          0         16       2543   uart4drv.o
       828        144          0          0         16       2535   uart7drv.o
       720        124          0          0         16       2230   uart8drv.o
         0          0          0          0          0      23792   user.o
       304        136         21         24          0       5550   userdrv.o
      2948       1020         67          2          0      38592   yaffs2drv.o
      2016        268          0          0          0      19256   yaffs_allocator.o
       656          0          0          0          0      13110   yaffs_attribs.o
       924        160          0          0          0       4246   yaffs_bitmap.o
      3364        608        148          0          0       5942   yaffs_checkptrw.o
      1248         24        256          0          0       3580   yaffs_ecc.o
     32008       3092        592          0          0      68926   yaffs_guts.o
      1476        328        152         32    4194304       4126   yaffs_malloc.o
      1060          0          0          0          0      26869   yaffs_mtdif.o
      1784        344          0          0          0      25167   yaffs_mtdif2.o
      1368          0          0          0          0       3282   yaffs_nameval.o
      1064        268          0          0          0       3450   yaffs_nand.o
      1068         60         91          0          0       2990   yaffs_packedtags2.o
      1584          0          0          0          0       2570   yaffs_qsort.o
      2024        152          0          0          0      15840   yaffs_summary.o
      3436        684          0          8         32       6525   yaffs_tagscompat.o
      5324       1484        407          4          0       7227   yaffs_verify.o
      2744        412         98          0          0      15334   yaffs_yaffs1.o
     11340       1356        753          8          0      28635   yaffs_yaffs2.o
     20168        124          0         28      13840      43768   yaffsfs.o

    ----------------------------------------------------------------------
    347744      42352      14052       4856    6613556    1152202   Object Totals
        24         12         48          0          0          0   (incl. Generated)
         0          0         56         43      13395          0   (incl. Padding)

    ----------------------------------------------------------------------

      Code (inc. data)   RO Data    RW Data    ZI Data      Debug   Library Member Name

        44          4          0          0          0         84   __2sprintf.o
        92          0          0          0          0          0   __dczerorl2.o
         8          0          0          0          0         68   __main.o
       392          6         17          0          0         76   __printf_flags_ss_wp.o
        14          0          0          0          0         60   __printf_wp.o
        60          8          0          0          0          0   __scatter.o
        40          0          0          0          0          0   __scatter_copy.o
        44          0          0          0          0          0   __scatter_zi.o
        30          0          0          0          0         60   _chval.o
         0          0         12          0          0          0   _monlen.o
         8          0          0          0          0          0   _printf_c.o
        54          0          0          0          0        100   _printf_char.o
        48          6          0          0          0         88   _printf_char_common.o
         8          0          0          0          0          0   _printf_d.o
       116         18          0          0          0         76   _printf_dec.o
         8          0          0          0          0          0   _printf_e.o
         8          0          0          0          0          0   _printf_f.o
      1044         14          0          0          0        176   _printf_fp_dec.o
       136         16          0          0          0         76   _printf_fp_infnan.o
        96          4         40          0          0         72   _printf_hex_int.o
       176          0          0          0          0         84   _printf_intcommon.o
        78          0          0          0          0        100   _printf_pad.o
         0          0          0          0          0          0   _printf_percent.o
         8          0          0          0          0          0   _printf_percent_end.o
         8          0          0          0          0          0   _printf_s.o
        82          0          0          0          0         72   _printf_str.o
         8          0          0          0          0          0   _printf_u.o
         8          0          0          0          0          0   _printf_x.o
        30          0          0          0          0         92   _rserrno.o
        68          0          0          0          0         76   _sgetc.o
        10          0          0          0          0         60   _sputc.o
        16          0          0          0          0         68   aeabi_memset.o
       416          0          0          0          0        144   aeabi_sdiv.o
       212          6        148          0          0         80   bigflt0.o
      2200        132          0          0          0        940   btod.o
        12          0          0          0          0         64   exit.o
        76          0          0          0          0         72   h1_free.o
        18          0          0          0          0         68   isspace.o
        72          8        272          0          0         76   lc_ctype_c.o
        72          8         28          0          0         76   lc_numeric_c.o
         2          0          0          0          0          0   libinit.o
        30          0          0          0          0          0   libinit2.o
         2          0          0          0          0          0   libshutdown.o
         2          0          0          0          0          0   libshutdown2.o
        24          0          0          0          0         76   llmul.o
        80          0          0          0          0         76   llsdiv.o
        40          0          0          0          0         68   llshl.o
        40          0          0          0          0         68   llsshr.o
       152          0          0          0          0         80   lludiv10.o
       752         64          0          0          0         84   lludiv5.o
        40          0          0          0          0         68   llushr.o
       116          0          0          0          0         68   memcmp.o
       432         14          0          0          0        112   mktime.o
       648          0          0          0          0        120   qsortnoex.o
        20          4          0          0          0         76   rt_ctype_table.o
        12          4          0          0          4         68   rt_errno_addr.o
        12          4          0          0          4         68   rt_heap_descriptor.o
        12          4          0          0         20         68   rt_locale.o
        64          0          0          0          0         68   rt_memclr.o
        84          0          0          0          0         80   rt_memclr_w.o
       212          0          0          0          0         68   rt_memcpy.o
       100          0          0          0          0         80   rt_memcpy_w.o
         0          0          0          0          0          0   rtentry.o
        44          4          0          0          0          0   rtentry2.o
         8          0          0          0          0          0   rtentry4.o
         4          0          0          0          0          0   rtexit.o
        12          0          0          0          0          0   rtexit2.o
        44          0          0          0          0         68   rtudiv10.o
      1240         26          0          0          0        124   scanf_fp.o
       816         14          0          0          0         84   scanf_hexfp.o
       328         18          0          0          0         84   scanf_infnan.o
        24          0          0          0          0         60   strcat.o
        22          0          0          0          0         60   strchr.o
       160          4          0          0          0         80   strcmp.o
        76          4          0          0          0         72   strcpy.o
        68          6          0          0          0         72   strlen.o
       148          4          0          0          0         76   strncmp.o
       108          4          0          0          0         76   strncpy.o
       168         16          0          0          0        120   strtod.o
        26          0          0          0          0         68   tolower.o
        32          0          0          0          0         68   uread4.o
        32          0          0          0          0         68   uwrite4.o
       888         24          0         24   16777216       3072   heap_4.o
       276          0          0          0          0       1734   list.o
      1232        428        484          0          0      14033   osmisc.o
       380         24          0          4          0       1663   port.o
       336         12          0          0          0        284   portasm.o
      2812          0          0          0          0      11741   queue.o
      7704        112          0         60        420      20980   tasks.o
       108          4          0          0          0         92   d2f.o
       876         16          0          0          0        352   daddsub_clz.o
        16          4          0          0          0         68   dcheck1.o
        28          0          0          0          0         68   dcmpi.o
       720        140          0          0          0        208   ddiv.o
       148          4          0          0          0         92   deqf.o
       112          4          0          0          0         92   dfix.o
        96          0          0          0          0        136   dflt_clz.o
       148          4          0          0          0         92   dleqf.o
       376         16          0          0          0        104   dmul.o
       184          0          0          0          0         92   dnaninf.o
        16          0          0          0          0         68   dretinf.o
       140          0          0          0          0         80   drleqf.o
       100          4          0          0          0         84   f2d.o
        84          4          0          0          0         84   ffixu.o
        40          0          0          0          0         68   fflt_clz.o
       256          4          0          0          0         84   fmul.o
       160          0          0          0          0         84   fnaninf.o
         0          0          8          0          0          0   fpconst.o
        16          0          0          0          0         68   fretinf.o
         8          0          0          0          0         68   istatus.o
         4          0          0          0          0         68   printf1.o
       116          0          0          0          0         68   retnan.o
       104          0          0          0          0         68   scalbn.o
         4          0          0          0          0         68   scanf1.o
         8          0          0          0          0         84   scanf2.o
        60          0          0          0          0         68   trapv.o
         0          0          0          0          0          0   usenofp.o
        20          4          0          0          0         68   dunder.o
       304         20          0          0          0         84   floor.o
        48          4          0          0          0         68   fpclassify.o
       116          8          0          0          0         76   frexp.o
       232          8          0          0          0        156   ldexp.o
       232         12          0          0          0        160   narrow.o
        48          0          0          0          0         80   strtod.o

    ----------------------------------------------------------------------
     30628       1284       1012         88   16777664      62291   Library Totals
        16          0          3          0          0          0   (incl. Padding)

    ----------------------------------------------------------------------

      Code (inc. data)   RO Data    RW Data    ZI Data      Debug   Library Name

     12056        424        517          0         28       5584   c_5.l
     13628        600        484         88   16777636      53507   freertos.lib
      3928        204          8          0          0       2508   fz_5s.l
      1000         56          0          0          0        692   m_5s.l

    ----------------------------------------------------------------------
     30628       1284       1012         88   16777664      62291   Library Totals

    ----------------------------------------------------------------------

==============================================================================


      Code (inc. data)   RO Data    RW Data    ZI Data      Debug   

    378372      43636      15064       4944   23391220    1198629   Grand Totals
    378372      43636      15064       1716   23391220    1198629   ELF Image Totals (compressed)
    378372      43636      15064       1716          0          0   ROM Totals

==============================================================================

    Total RO  Size (Code + RO Data)               393436 ( 384.21kB)
    Total RW  Size (RW Data + ZI Data)          23396164 (22847.82kB)
    Total ROM Size (Code + RO Data + RW Data)     395152 ( 385.89kB)

==============================================================================

