ARM Linker, 5.03 [Build 76] [MDK-ARM Professional]

==============================================================================

Section Cross References

    main.o(.text) refers to _printf_pad.o(.text) for _printf_pre_padding
    main.o(.text) refers to _printf_percent.o(.ARM.Collect$$_printf_percent$$00000000) for _printf_percent
    main.o(.text) refers to _printf_x.o(.ARM.Collect$$_printf_percent$$0000000C) for _printf_x
    main.o(.text) refers to _printf_hex_int.o(.text) for _printf_longlong_hex
    main.o(.text) refers to sys_uart.o(.text) for sysprintf
    main.o(.text) refers to sys.o(.text) for sysGetClock
    main.o(.text) refers to main.o(.constdata) for .constdata
    main.o(.text) refers to batterydrv.o(.text) for BatteryGetValue
    main.o(.text) refers to quentelmodemlib.o(.text) for QModemFtpStageIndex
    main.o(.text) refers to flashdrvex.o(.text) for FlashDrvExGetErrorTimes
    main.o(.text) refers to fileagent.o(.text) for FileAgentGetFatFsAutoFormatCounter
    main.o(.text) refers to paralib.o(.text) for GetMeterPara
    main.o(.text) refers to tarifflib.o(.text) for TariffGetCurrentTariffType
    main.o(.text) refers to osmisc.o(.text) for _showFreeHeapSize
    main.o(.text) refers to timelib.o(.text) for PrintRTC
    main.o(.text) refers to meterdata.o(.text) for MeterUpdateLedHeartbeat
    main.o(.text) refers to leddrv.o(.text) for LedSetStatus
    main.o(.text) refers to atcmdparser.o(.text) for ATCmdSetReceiveDebugFlag
    main.o(.text) refers to photoagent.o(.text) for PhotoAgentStartTakePhoto
    main.o(.text) refers to powerdrv.o(.text) for PowerDrvSetEnable
    main.o(.text) refers to rtc.o(.text) for RTC_EnableClock
    main.o(.text) refers to main.o(.data) for mInitFunctionList
    main.o(.text) refers to loglib.o(.text) for LoglibPrintf
    main.o(.text) refers to dataprocesslib.o(.text) for DataProcessSendStatusData
    main.o(.text) refers to __2sprintf.o(.text) for __2sprintf
    main.o(.text) refers to modemagent.o(.text) for ModemAgentStartSend
    main.o(.text) refers to epddrv.o(.text) for EPDShowBGScreen
    main.o(.text) refers to buzzerdrv.o(.text) for BuzzerPlay
    main.o(.text) refers to tasks.o(.text) for vTaskDelay
    main.o(.text) refers to hwtester.o(.text) for HWTesterInit
    main.o(.text) refers to system_nuc970.o(.text) for sysDisableCache
    main.o(.text) refers to adc.o(.text) for adcOpen
    main.o(.text) refers to gpio.o(.text) for GPIO_ReadPort
    main.o(.data) refers to main.o(.conststring) for .conststring
    main.o(.data) refers to userdrv.o(.text) for UserDrvInit
    main.o(.data) refers to epddrv.o(.text) for EpdDrvInit
    main.o(.data) refers to fatfslib.o(.text) for FatfsInit
    main.o(.data) refers to guidrv.o(.text) for GUIDrvInit
    main.o(.data) refers to cardreader.o(.text) for CardReaderInit
    main.o(.data) refers to spacedrv.o(.text) for SpaceDrvInit
    main.o(.data) refers to powerdrv.o(.text) for PowerDrvInit
    main.o(.data) refers to modemagent.o(.text) for ModemAgentInit
    main.o(.data) refers to pct08drv.o(.text) for PCT08DrvInit
    main.o(.data) refers to photoagent.o(.text) for PhotoAgentInit
    main.o(.data) refers to user.o(.text) for UserInit
    sys.o(.text) refers to sys_uart.o(.text) for sysprintf
    sys.o(.text) refers to sys.o(.data) for sysIrqHandlerTable
    sys.o(.text) refers to aeabi_sdiv.o(.text_udiv) for __aeabi_uidivmod
    sys.o(.data) refers to sys.o(.text) for SYS_Interrupt_Shell
    sys_timer.o(.text) refers to sys.o(.text) for sysInstallISR
    sys_timer.o(.text) refers to aeabi_sdiv.o(.text_udiv) for __aeabi_uidivmod
    sys_timer.o(.text) refers to sys_timer.o(.data) for _sys_uTimer0Count
    sys_timer.o(.text) refers to sys_timer.o(.bss) for tTime0Event
    sys_uart.o(.text) refers to aeabi_sdiv.o(.text_udiv) for __aeabi_uidivmod
    sys_uart.o(.text) refers to strlen.o(.text) for strlen
    sys_uart.o(.text) refers to sys_uart.o(.data) for justTerminalPrintfFlag
    system_nuc970.o(.text) refers to sys_nuc970.o(SYS_INIT) for sysSetupCP15
    system_nuc970.o(.text) refers to system_nuc970.o(.data) for _sys_IsCacheOn
    system_nuc970.o(.text) refers to system_nuc970.o(.bss) for _mmuCoarsePageTable_NonCache
    startup_nuc970.o(NUC_INIT) refers to portasm.o(PORT_ASM) for vPortYieldProcessor
    startup_nuc970.o(NUC_INIT) refers to __main.o(!!!main) for __main
    uart.o(.text) refers to queue.o(.text) for xQueueGiveFromISR
    uart.o(.text) refers to tasks.o(.text) for vTaskSwitchContext
    uart.o(.text) refers to uart.o(.data) for UARTRXBUFSIZE
    uart.o(.text) refers to uart.o(.bss) for UART_DEV
    uart.o(.text) refers to aeabi_sdiv.o(.text_udiv) for __aeabi_uidivmod
    uart.o(.text) refers to sys.o(.text) for sysInstallISR
    uart.o(.text) refers to heap_4.o(.text) for pvPortMalloc
    uart.o(.text) refers to h1_free.o(.text) for free
    uart.o(.text) refers to rt_memclr.o(.text) for __aeabi_memclr
    uart.o(.text) refers to rt_memclr_w.o(.text) for __aeabi_memclr4
[...]
    _ll_sshift_r                             0x00061d54   ARM Code      40  llsshr.o(.text)
    __aeabi_ldivmod                          0x00061d7c   ARM Code       0  llsdiv.o(.text)
    _ll_sdiv                                 0x00061d7c   ARM Code      80  llsdiv.o(.text)
    tolower                                  0x00061dcd   Thumb Code    26  tolower.o(.text)
    __2sprintf                               0x00061de9   Thumb Code    40  __2sprintf.o(.text)
    _printf_pre_padding                      0x00061e15   Thumb Code    44  _printf_pad.o(.text)
    _printf_post_padding                     0x00061e41   Thumb Code    34  _printf_pad.o(.text)
    _printf_str                              0x00061e63   Thumb Code    82  _printf_str.o(.text)
    Inline ARM to Thumb Veneer to _printf_int_dec 0x00061eb4   ARM Code       8  _printf_dec.o(.text)
    _printf_int_dec                          0x00061ebd   Thumb Code    90  _printf_dec.o(.text)
    Inline ARM to Thumb Veneer to _printf_int_hex 0x00061f28   ARM Code       8  _printf_hex_int.o(.text)
    _printf_int_hex                          0x00061f31   Thumb Code    84  _printf_hex_int.o(.text)
    _printf_longlong_hex                     0x00061f31   Thumb Code     0  _printf_hex_int.o(.text)
    __printf                                 0x00061f89   Thumb Code   386  __printf_flags_ss_wp.o(.text)
    qsort                                    0x0006230f   Thumb Code   138  qsortnoex.o(.text)
    strchr                                   0x00062399   Thumb Code    22  strchr.o(.text)
    memcmp                                   0x000623af   Thumb Code   116  memcmp.o(.text)
    strcpy                                   0x00062425   Thumb Code    72  strcpy.o(.text)
    strlen                                   0x00062471   Thumb Code    62  strlen.o(.text)
    strncmp                                  0x000624b5   Thumb Code   144  strncmp.o(.text)
    strcat                                   0x00062549   Thumb Code    24  strcat.o(.text)
    __aeabi_memcpy                           0x00062560   ARM Code       0  rt_memcpy.o(.text)
    __rt_memcpy                              0x00062560   ARM Code     212  rt_memcpy.o(.text)
    _memcpy_lastbytes                        0x00062614   ARM Code       0  rt_memcpy.o(.text)
    __aeabi_memcpy4                          0x00062634   ARM Code       0  rt_memcpy_w.o(.text)
    __aeabi_memcpy8                          0x00062634   ARM Code       0  rt_memcpy_w.o(.text)
    __rt_memcpy_w                            0x00062634   ARM Code     100  rt_memcpy_w.o(.text)
    _memcpy_lastbytes_aligned                0x00062680   ARM Code       0  rt_memcpy_w.o(.text)
    __aeabi_memset                           0x00062698   ARM Code      16  aeabi_memset.o(.text)
    __aeabi_memclr                           0x000626a8   ARM Code       0  rt_memclr.o(.text)
    __rt_memclr                              0x000626a8   ARM Code      64  rt_memclr.o(.text)
    _memset                                  0x000626ac   ARM Code       0  rt_memclr.o(.text)
    __aeabi_memclr4                          0x000626e8   ARM Code       0  rt_memclr_w.o(.text)
    __aeabi_memclr8                          0x000626e8   ARM Code       0  rt_memclr_w.o(.text)
    __rt_memclr_w                            0x000626e8   ARM Code      84  rt_memclr_w.o(.text)
    _memset_w                                0x000626ec   ARM Code       0  rt_memclr_w.o(.text)
    strncpy                                  0x0006273c   ARM Code     104  strncpy.o(.text)
    strcmp                                   0x000627a8   ARM Code     156  strcmp.o(.text)
    __aeabi_uread4                           0x00062848   ARM Code       0  uread4.o(.text)
    __rt_uread4                              0x00062848   ARM Code      32  uread4.o(.text)
    __aeabi_uwrite4                          0x00062868   ARM Code       0  uwrite4.o(.text)
    __rt_uwrite4                             0x00062868   ARM Code      32  uwrite4.o(.text)
    mktime                                   0x000628c9   Thumb Code   354  mktime.o(.text)
    __aeabi_idiv                             0x00062a38   ARM Code       0  aeabi_sdiv.o(.text)
    __aeabi_idivmod                          0x00062a38   ARM Code     380  aeabi_sdiv.o(.text)
    __rt_ctype_table                         0x00062bb4   ARM Code      20  rt_ctype_table.o(.text)
    __rt_heap_descriptor                     0x00062bc8   ARM Code      12  rt_heap_descriptor.o(.text)
    __aeabi_errno_addr                       0x00062bd4   ARM Code      12  rt_errno_addr.o(.text)
    __errno                                  0x00062bd4   ARM Code       0  rt_errno_addr.o(.text)
    __rt_errno_addr                          0x00062bd4   ARM Code       0  rt_errno_addr.o(.text)
    _printf_int_common                       0x00062be1   Thumb Code   176  _printf_intcommon.o(.text)
    __lib_sel_fp_printf                      0x00062c91   Thumb Code     2  _printf_fp_dec.o(.text)
    _printf_fp_dec_real                      0x00062e2d   Thumb Code   618  _printf_fp_dec.o(.text)
    _printf_char_common                      0x000630af   Thumb Code    32  _printf_char_common.o(.text)
    _sputc                                   0x000630d5   Thumb Code    10  _sputc.o(.text)
    Inline ARM to Thumb Veneer to _printf_char 0x000630e0   ARM Code       8  _printf_char.o(.text)
    _printf_cs_common                        0x000630e9   Thumb Code    22  _printf_char.o(.text)
    _printf_char                             0x000630ff   Thumb Code    16  _printf_char.o(.text)
    _printf_string                           0x0006310f   Thumb Code     8  _printf_char.o(.text)
    __strtod_int                             0x00063155   Thumb Code    92  strtod.o(.text)
    __rt_udiv10                              0x000631c0   ARM Code      44  rtudiv10.o(.text)
    __rt_locale                              0x000631ec   ARM Code      12  rt_locale.o(.text)
    _ll_udiv10                               0x000631f8   ARM Code     152  lludiv10.o(.text)
    isspace                                  0x00063291   Thumb Code    18  isspace.o(.text)
    _printf_fp_infnan                        0x000632a5   Thumb Code   120  _printf_fp_infnan.o(.text)
    _sgetc                                   0x0006332d   Thumb Code    32  _sgetc.o(.text)
    _sbackspace                              0x0006334d   Thumb Code    36  _sgetc.o(.text)
    _btod_etento                             0x00063371   Thumb Code   206  bigflt0.o(.text)
    _chval                                   0x00063445   Thumb Code    30  _chval.o(.text)
    _scanf_really_real                       0x00063675   Thumb Code   712  scanf_fp.o(.text)
    exit                                     0x0006393d   Thumb Code    12  exit.o(.text)
    __aeabi_lmul                             0x00063948   ARM Code       0  llmul.o(.text)
    _ll_mul                                  0x00063948   ARM Code      24  llmul.o(.text)
    Inline ARM to Thumb Veneer to __set_errno 0x00063960   ARM Code       8  _rserrno.o(.text)
    __read_errno                             0x00063969   Thumb Code    10  _rserrno.o(.text)
    __set_errno                              0x00063973   Thumb Code    12  _rserrno.o(.text)
    Inline ARM to Thumb Veneer to _scanf_really_hex_real 0x00063980   ARM Code       8  scanf_hexfp.o(.text)
    _scanf_really_hex_real                   0x00063989   Thumb Code   794  scanf_hexfp.o(.text)
    Inline ARM to Thumb Veneer to _scanf_really_infnan 0x00063cb0   ARM Code       8  scanf_infnan.o(.text)
    _scanf_really_infnan                     0x00063cb9   Thumb Code   302  scanf_infnan.o(.text)
    __aeabi_uidiv                            0x00063df8   ARM Code       0  aeabi_sdiv.o(.text_udiv)
    __aeabi_uidivmod                         0x00063df8   ARM Code      36  aeabi_sdiv.o(.text_udiv)
    _btod_d2e                                0x00063e1c   ARM Code      56  btod.o(CL$$btod_d2e)
    _d2e_denorm_low                          0x00063e54   ARM Code      84  btod.o(CL$$btod_d2e_denorm_low)
    _d2e_norm_op1                            0x00063ea8   ARM Code     104  btod.o(CL$$btod_d2e_norm_op1)
    __btod_div_common                        0x00063f10   ARM Code     712  btod.o(CL$$btod_div_common)
    _e2d                                     0x00064258   ARM Code      88  btod.o(CL$$btod_e2d)
    _e2e                                     0x000642b4   ARM Code     220  btod.o(CL$$btod_e2e)
    _btod_ediv                               0x00064390   ARM Code      48  btod.o(CL$$btod_ediv)
    _btod_edivd                              0x000643c0   ARM Code      48  btod.o(CL$$btod_edivd)
    _btod_emul                               0x000643f0   ARM Code      48  btod.o(CL$$btod_emul)
    _btod_emuld                              0x00064420   ARM Code      48  btod.o(CL$$btod_emuld)
    __btod_mult_common                       0x00064450   ARM Code     612  btod.o(CL$$btod_mult_common)
    vPortStartFirstTask                      0x000646b4   ARM Code       0  portasm.o(PORT_ASM)
    vPortYield2                              0x000646e4   ARM Code       0  portasm.o(PORT_ASM)
    vPortYieldProcessor                      0x000646ec   ARM Code       0  portasm.o(PORT_ASM)
    vFreeRTOS_ISR                            0x00064778   ARM Code       0  portasm.o(PORT_ASM)
    sysSetupCP15                             0x00064804   ARM Code       0  sys_nuc970.o(SYS_INIT)
    sys_flush_and_clean_dcache               0x00064828   ARM Code       0  sys_nuc970.o(SYS_INIT)
    Long ARM to Thumb Veneer to _printf_string 0x00064834   ARM Code       8  anon$$obj.o(Veneer$$Code)
    Long ARM to Thumb Veneer to _printf_fp_dec_real 0x0006483c   ARM Code       8  anon$$obj.o(Veneer$$Code)
    Long ARM to Thumb Veneer to _scanf_really_real 0x00064844   ARM Code       8  anon$$obj.o(Veneer$$Code)
    __ARM_fpclassify                         0x0006484c   ARM Code      44  fpclassify.o(i.__ARM_fpclassify)
    __mathlib_dbl_underflow                  0x0006487c   ARM Code      16  dunder.o(i.__mathlib_dbl_underflow)
    __mathlib_narrow                         0x00064890   ARM Code      24  narrow.o(i.__mathlib_narrow)
    __mathlib_tofloat                        0x000648a8   ARM Code     196  narrow.o(i.__mathlib_tofloat)
    __support_ldexp                          0x00064978   ARM Code      32  ldexp.o(i.__support_ldexp)
    _is_digit                                0x00064999   Thumb Code    14  __printf_wp.o(i._is_digit)
    floor                                    0x000649a8   ARM Code     284  floor.o(i.floor)
    frexp                                    0x00064ad8   ARM Code     108  frexp.o(i.frexp)
    ldexp                                    0x00064b4c   ARM Code     192  ldexp.o(i.ldexp)
    strtod                                   0x00064c14   ARM Code      48  strtod.o(i.strtod)
    _get_lc_ctype                            0x00064c44   ARM Code      72  lc_ctype_c.o(locale$$code)
    _get_lc_numeric                          0x00064c8c   ARM Code      72  lc_numeric_c.o(locale$$code)
    __aeabi_d2f                              0x00064cd4   ARM Code       0  d2f.o(x$fpl$d2f)
    _d2f                                     0x00064cd4   ARM Code     108  d2f.o(x$fpl$d2f)
    __aeabi_dadd                             0x00064d40   ARM Code       0  daddsub_clz.o(x$fpl$dadd)
    _dadd                                    0x00064d40   ARM Code     336  daddsub_clz.o(x$fpl$dadd)
    __fpl_dcheck_NaN1                        0x00064e94   ARM Code      12  dcheck1.o(x$fpl$dcheck1)
    __fpl_dcmp_Inf                           0x00064ea4   ARM Code      28  dcmpi.o(x$fpl$dcmpinf)
    __aeabi_ddiv                             0x00064ec0   ARM Code       0  ddiv.o(x$fpl$ddiv)
    _ddiv                                    0x00064ec0   ARM Code     584  ddiv.o(x$fpl$ddiv)
    __aeabi_cdcmpeq                          0x00065190   ARM Code       0  deqf.o(x$fpl$deqf)
    _dcmpeq                                  0x00065190   ARM Code     148  deqf.o(x$fpl$deqf)
    __aeabi_d2iz                             0x00065224   ARM Code       0  dfix.o(x$fpl$dfix)
    _dfix                                    0x00065224   ARM Code     112  dfix.o(x$fpl$dfix)
    __aeabi_i2d                              0x00065294   ARM Code       0  dflt_clz.o(x$fpl$dflt)
    _dflt                                    0x00065294   ARM Code      52  dflt_clz.o(x$fpl$dflt)
    __aeabi_ui2d                             0x000652c8   ARM Code       0  dflt_clz.o(x$fpl$dfltu)
    _dfltu                                   0x000652c8   ARM Code      44  dflt_clz.o(x$fpl$dfltu)
    __aeabi_cdcmple                          0x000652f4   ARM Code       0  dleqf.o(x$fpl$dleqf)
    _dcmple                                  0x000652f4   ARM Code     148  dleqf.o(x$fpl$dleqf)
    __fpl_dcmple_InfNaN                      0x00065370   ARM Code       0  dleqf.o(x$fpl$dleqf)
    __aeabi_dmul                             0x00065388   ARM Code       0  dmul.o(x$fpl$dmul)
    _dmul                                    0x00065388   ARM Code     364  dmul.o(x$fpl$dmul)
    __fpl_dnaninf                            0x00065500   ARM Code     184  dnaninf.o(x$fpl$dnaninf)
    __fpl_dretinf                            0x000655b8   ARM Code      16  dretinf.o(x$fpl$dretinf)
    __aeabi_cdrcmple                         0x000655c8   ARM Code       0  drleqf.o(x$fpl$drleqf)
    _drcmple                                 0x000655c8   ARM Code     140  drleqf.o(x$fpl$drleqf)
    __aeabi_drsub                            0x00065654   ARM Code       0  daddsub_clz.o(x$fpl$drsb)
    _drsb                                    0x00065654   ARM Code      24  daddsub_clz.o(x$fpl$drsb)
    __aeabi_dsub                             0x0006566c   ARM Code       0  daddsub_clz.o(x$fpl$dsub)
    _dsub                                    0x0006566c   ARM Code     508  daddsub_clz.o(x$fpl$dsub)
    __aeabi_f2d                              0x0006586c   ARM Code       0  f2d.o(x$fpl$f2d)
    _f2d                                     0x0006586c   ARM Code     100  f2d.o(x$fpl$f2d)
    __aeabi_f2uiz                            0x000658d0   ARM Code       0  ffixu.o(x$fpl$ffixu)
    _ffixu                                   0x000658d0   ARM Code      84  ffixu.o(x$fpl$ffixu)
    __aeabi_ui2f                             0x00065924   ARM Code       0  fflt_clz.o(x$fpl$ffltu)
    _ffltu                                   0x00065924   ARM Code      40  fflt_clz.o(x$fpl$ffltu)
    __aeabi_fmul                             0x0006594c   ARM Code       0  fmul.o(x$fpl$fmul)
    _fmul                                    0x0006594c   ARM Code     256  fmul.o(x$fpl$fmul)
    __fpl_fnaninf                            0x00065a4c   ARM Code     160  fnaninf.o(x$fpl$fnaninf)
    __fpl_fretinf                            0x00065aec   ARM Code      16  fretinf.o(x$fpl$fretinf)
    __ieee_status                            0x00065afc   ARM Code       8  istatus.o(x$fpl$ieeestatus)
    _printf_fp_dec                           0x00065b04   ARM Code       4  printf1.o(x$fpl$printf1)
    __fpl_return_NaN                         0x00065b08   ARM Code     116  retnan.o(x$fpl$retnan)
    __ARM_scalbn                             0x00065b7c   ARM Code     104  scalbn.o(x$fpl$scalbn)
    _scanf_real                              0x00065be4   ARM Code       4  scanf1.o(x$fpl$scanf1)
    _scanf_hex_real                          0x00065be8   ARM Code       4  scanf2.o(x$fpl$scanf2)
    _scanf_infnan                            0x00065bec   ARM Code       4  scanf2.o(x$fpl$scanf2)
    __fpl_cmpreturn                          0x00065bf0   ARM Code      60  trapv.o(x$fpl$trapveneer)
    __I$use$fp                               0x00065c2c   Number         0  usenofp.o(x$fpl$usenofp)
    nand_flash_ids                           0x00067dec   Data        1728  nand_ids.o(.constdata)
    nand_manuf_ids                           0x000684ac   Data          80  nand_ids.o(.constdata)
    crc16a                                   0x000690c0   Data          32  sclib_t1protocol.o(.constdata)
    crc16b                                   0x000690e0   Data          32  sclib_t1protocol.o(.constdata)
    _monlen                                  0x00069139   Data          12  _monlen.o(.constdata)
    Region$$Table$$Base                      0x00069cc8   Number         0  anon$$obj.o(Region$$Table)
    Region$$Table$$Limit                     0x00069cf8   Number         0  anon$$obj.o(Region$$Table)
    __aeabi_HUGE_VAL                         0x00069cf8   Data           0  fpconst.o(c$$dinf)
    __aeabi_HUGE_VALL                        0x00069cf8   Data           0  fpconst.o(c$$dinf)
    __aeabi_INFINITY                         0x00069cf8   Data           0  fpconst.o(c$$dinf)
    __dInf                                   0x00069cf8   Data           0  fpconst.o(c$$dinf)
    __huge_val                               0x00069cf8   Data           0  fpconst.o(c$$dinf)
    __ctype                                  0x00069d0d   Data           0  lc_ctype_c.o(locale$$data)
    sysRunDebug                              0x00069e2d   Data           1  main.o(.data)
    _sys_bIsAICInitial                       0x00069ec0   Data           1  sys.o(.data)
    sysIrqHandlerTable                       0x00069ec4   Data         248  sys.o(.data)
    sysFiqHandlerTable                       0x00069fbc   Data         248  sys.o(.data)
    _sys_uTimer0ClockRate                    0x0006a0b4   Data           4  sys_timer.o(.data)
    _sys_uTimer1ClockRate                    0x0006a0b8   Data           4  sys_timer.o(.data)
    _sys_uTimer0Count                        0x0006a0bc   Data           4  sys_timer.o(.data)
    _sys_uTimer1Count                        0x0006a0c0   Data           4  sys_timer.o(.data)
    _sys_uTime0EventCount                    0x0006a0c4   Data           4  sys_timer.o(.data)
    _sys_uTime1EventCount                    0x0006a0c8   Data           4  sys_timer.o(.data)
    _sys_bIsSetTime0Event                    0x0006a0cc   Data           1  sys_timer.o(.data)
    _sys_bIsSetTime1Event                    0x0006a0cd   Data           1  sys_timer.o(.data)
    _sys_bIsTimer0Initial                    0x0006a0ce   Data           1  sys_timer.o(.data)
    _sys_ReferenceTime_Clock                 0x0006a0d0   Data           4  sys_timer.o(.data)
    _sys_pvOldTimer0Vect                     0x0006a104   Data           4  sys_timer.o(.data)
    _sys_pvOldTimer1Vect                     0x0006a108   Data           4  sys_timer.o(.data)
    _sys_uTimer0TickPerSecond                0x0006a10c   Data           4  sys_timer.o(.data)
    _sys_ReferenceTime_UTC                   0x0006a110   Data           4  sys_timer.o(.data)
    _sys_IsCacheOn                           0x0006a118   Data           1  system_nuc970.o(.data)
    _sys_CacheMode                           0x0006a120   Data           4  system_nuc970.o(.data)
    i                                        0x0006a224   Data           4  rtc.o(.data)
    Wait                                     0x0006a228   Data           4  rtc.o(.data)
    _sd_uR3_CMD                              0x0006a238   Data           4  sdh.o(.data)
    _sd_uR7_CMD                              0x0006a23c   Data           4  sdh.o(.data)
    _sd_SDDataReady                          0x0006a240   Data           1  sdh.o(.data)
    sd0_ok                                   0x0006a244   Data           4  sdh.o(.data)
    sd1_ok                                   0x0006a248   Data           4  sdh.o(.data)
    pSD0_offset                              0x0006a24c   Data           1  sdh.o(.data)
    pSD1_offset                              0x0006a24d   Data           1  sdh.o(.data)
    _sd_pSDHCBuffer                          0x0006a250   Data           4  sdh.o(.data)
    gSDHReferenceClock                       0x0006a254   Data           4  sdh.o(.data)
    mst_complete                             0x0006a258   Data           4  adc.o(.data)
    g_bAlarm                                 0x0006a834   Data           1  powerdrv.o(.data)
    enableReceiveDebug                       0x0006adc8   Data           4  atcmdparser.o(.data)
    mtd_partitions                           0x0006b460   Data           8  mtdpart.o(.data)
    nand_curr_device                         0x0006b468   Data           4  nand.o(.data)
    yaffs_trace_mask                         0x0006b488   Data           4  yaffs_malloc.o(.data)
    _YAFFS_pCurrent                          0x0006b48c   Data           4  yaffs_malloc.o(.data)
    _AllocatedMemorySize                     0x0006b498   Data           4  yaffs_malloc.o(.data)
    hard_list                                0x0006b4b4   Data           8  yaffs_yaffs2.o(.data)
    yaffsfs_deviceList                       0x0006b4bc   Data           8  yaffsfs.o(.data)
    yaffs_wr_attempts                        0x0006b4c4   Data           4  yaffsfs.o(.data)
    nuc970_nand                              0x0006b4d8   Data           4  fmi_nand.o(.data)
    pxCurrentTCB                             0x0006b4dc   Data           4  tasks.o(.data)
    vccDelay                                 0x0006b530   Data           8  sclib_api.o(.data)
    ulCriticalNesting                        0x0006b538   Data           4  port.o(.data)
    atr_len                                  0x0006b53c   Data           4  sclib_util.o(.data)
    atr_remain                               0x0006b540   Data           4  sclib_util.o(.data)
    ifbyte_flag                              0x0006b544   Data           4  sclib_util.o(.data)
    tck                                      0x0006b548   Data           4  sclib_util.o(.data)
    ifcount                                  0x0006b54c   Data           4  sclib_util.o(.data)
    atr_time                                 0x0006b550   Data           4  sclib_util.o(.data)
    atr_check_time                           0x0006b554   Data           4  sclib_util.o(.data)
    atr_total_time_start_flag                0x0006b558   Data           4  sclib_util.o(.data)
    atr_final_chk                            0x0006b55c   Data           4  sclib_util.o(.data)
    tTime0Event                              0x0006b760   Data         160  sys_timer.o(.bss)
    tTime1Event                              0x0006b800   Data         160  sys_timer.o(.bss)
    _mmuSectionTable                         0x0006c000   Data       16384  system_nuc970.o(.bss)
    _sd_ucSDHCBuffer                         0x00091000   Data         512  sdh.o(.bss)
    SD0                                      0x00091200   Data          24  sdh.o(.bss)
    SD1                                      0x00091218   Data          24  sdh.o(.bss)
    _FatfsVolSFlash                          0x001a7b08   Data        4152  flashdrvex.o(.bss)
    serialFlashBuff                          0x001a8b40   Data       20480  flashdrvex.o(.bss)
    readBuff                                 0x003b2b67   Data        4096  quentelmodemlib.o(.bss)
    mtd_table                                0x003b3b68   Data         128  mtdcore.o(.bss)
    nand_info                                0x003b3be8   Data         176  nand.o(.bss)
    _YAFFSMemoryPool                         0x003b4800   Data       4194304  yaffs_malloc.o(.bss)
    g_nuc970_nand                            0x007b7e30   Data         488  fmi_nand.o(.bss)
    _scDev                                   0x017b8404   Data         304  sclib_api.o(.bss)
    g_RxBUF                                  0x017b8534   Data         271  sclib_util.o(.bss)
    g_TxBUF                                  0x017b8643   Data         271  sclib_util.o(.bss)
    Image$$RW_RAM1$$ZI$$Limit                0x017b8770   Number         0  rt_locale.o(.bss)



==============================================================================

Memory Map of the image

  Image Entry point : 0x00000000

  Load Region LR_IROM1 (Base: 0x00000000, Size: 0x0006b760, Max: 0x04000000, ABSOLUTE, COMPRESSED[0x0006a728])

    Execution Region ER_IROM1 (Base: 0x00000000, Size: 0x00069e2c, Max: 0x04000000, ABSOLUTE)

    Base Addr    Size         Type   Attr      Idx    E Section Name        Object

    0x00000000   0x000000ac   Code   RO          296  * NUC_INIT            startup_nuc970.o
    0x000000ac   0x00000008   Code   RO         3408  * !!!main             c_5.l(__main.o)
    0x000000b4   0x0000003c   Code   RO         3822    !!!scatter          c_5.l(__scatter.o)
    0x000000f0   0x0000005c   Code   RO         3820    !!dczerorl2         c_5.l(__dczerorl2.o)
    0x0000014c   0x00000028   Code   RO         3824    !!handler_copy      c_5.l(__scatter_copy.o)
    0x00000174   0x0000002c   Code   RO         3826    !!handler_zi        c_5.l(__scatter_zi.o)
    0x000001a0   0x00000000   Code   RO         3351    .ARM.Collect$$_printf_percent$$00000000  c_5.l(_printf_percent.o)
    0x000001a0   0x00000008   Code   RO         3349    .ARM.Collect$$_printf_percent$$00000003  c_5.l(_printf_f.o)
    0x000001a8   0x00000008   Code   RO         3350    .ARM.Collect$$_printf_percent$$00000004  c_5.l(_printf_e.o)
    0x000001b0   0x00000008   Code   RO         3347    .ARM.Collect$$_printf_percent$$00000009  c_5.l(_printf_d.o)
    0x000001b8   0x00000008   Code   RO         3348    .ARM.Collect$$_printf_percent$$0000000A  c_5.l(_printf_u.o)
    0x000001c0   0x00000008   Code   RO         3346    .ARM.Collect$$_printf_percent$$0000000C  c_5.l(_printf_x.o)
    0x000001c8   0x00000008   Code   RO         3344    .ARM.Collect$$_printf_percent$$00000013  c_5.l(_printf_c.o)
    0x000001d0   0x00000008   Code   RO         3345    .ARM.Collect$$_printf_percent$$00000014  c_5.l(_printf_s.o)
    0x000001d8   0x00000008   Code   RO         3519    .ARM.Collect$$_printf_percent$$00000017  c_5.l(_printf_percent_end.o)
    0x000001e0   0x00000002   Code   RO         3705    .ARM.Collect$$libinit$$00000000  c_5.l(libinit.o)
    0x000001e2   0x00000000   Code   RO         3628    .ARM.Collect$$libinit$$00000002  c_5.l(libinit2.o)
    0x000001e2   0x00000000   Code   RO         3631    .ARM.Collect$$libinit$$00000008  c_5.l(libinit2.o)
    0x000001e2   0x00000000   Code   RO         3633    .ARM.Collect$$libinit$$0000000A  c_5.l(libinit2.o)
    0x000001e2   0x00000000   Code   RO         3635    .ARM.Collect$$libinit$$0000000C  c_5.l(libinit2.o)
    0x000001e2   0x00000006   Code   RO         3636    .ARM.Collect$$libinit$$0000000D  c_5.l(libinit2.o)
    0x000001e8   0x00000000   Code   RO         3638    .ARM.Collect$$libinit$$0000000F  c_5.l(libinit2.o)
    0x000001e8   0x0000000c   Code   RO         3639    .ARM.Collect$$libinit$$00000010  c_5.l(libinit2.o)
    0x000001f4   0x00000000   Code   RO         3640    .ARM.Collect$$libinit$$00000011  c_5.l(libinit2.o)
    0x000001f4   0x00000000   Code   RO         3642    .ARM.Collect$$libinit$$00000013  c_5.l(libinit2.o)
    0x000001f4   0x0000000a   Code   RO         3643    .ARM.Collect$$libinit$$00000014  c_5.l(libinit2.o)
    0x000001fe   0x00000000   Code   RO         3644    .ARM.Collect$$libinit$$00000015  c_5.l(libinit2.o)
    0x000001fe   0x00000000   Code   RO         3646    .ARM.Collect$$libinit$$00000017  c_5.l(libinit2.o)
    0x000001fe   0x00000000   Code   RO         3648    .ARM.Collect$$libinit$$00000019  c_5.l(libinit2.o)
    0x000001fe   0x00000000   Code   RO         3650    .ARM.Collect$$libinit$$0000001B  c_5.l(libinit2.o)
    0x000001fe   0x00000000   Code   RO         3652    .ARM.Collect$$libinit$$0000001D  c_5.l(libinit2.o)
    0x000001fe   0x00000000   Code   RO         3654    .ARM.Collect$$libinit$$0000001F  c_5.l(libinit2.o)
    0x000001fe   0x00000000   Code   RO         3656    .ARM.Collect$$libinit$$00000021  c_5.l(libinit2.o)
    0x000001fe   0x00000000   Code   RO         3658    .ARM.Collect$$libinit$$00000023  c_5.l(libinit2.o)
    0x000001fe   0x00000000   Code   RO         3662    .ARM.Collect$$libinit$$0000002A  c_5.l(libinit2.o)
    0x000001fe   0x00000000   Code   RO         3664    .ARM.Collect$$libinit$$0000002C  c_5.l(libinit2.o)
    0x000001fe   0x00000000   Code   RO         3666    .ARM.Collect$$libinit$$0000002E  c_5.l(libinit2.o)
    0x000001fe   0x00000000   Code   RO         3668    .ARM.Collect$$libinit$$00000030  c_5.l(libinit2.o)
    0x000001fe   0x00000002   Code   RO         3669    .ARM.Collect$$libinit$$00000031  c_5.l(libinit2.o)
    0x00000200   0x00000002   Code   RO         3794    .ARM.Collect$$libshutdown$$00000000  c_5.l(libshutdown.o)
    0x00000202   0x00000000   Code   RO         3731    .ARM.Collect$$libshutdown$$00000003  c_5.l(libshutdown2.o)
    0x00000202   0x00000000   Code   RO         3734    .ARM.Collect$$libshutdown$$00000006  c_5.l(libshutdown2.o)
    0x00000202   0x00000000   Code   RO         3737    .ARM.Collect$$libshutdown$$00000009  c_5.l(libshutdown2.o)
    0x00000202   0x00000000   Code   RO         3739    .ARM.Collect$$libshutdown$$0000000B  c_5.l(libshutdown2.o)
    0x00000202   0x00000000   Code   RO         3742    .ARM.Collect$$libshutdown$$0000000E  c_5.l(libshutdown2.o)
    0x00000202   0x00000002   Code   RO         3743    .ARM.Collect$$libshutdown$$0000000F  c_5.l(libshutdown2.o)
    0x00000204   0x00000000   Code   RO         3466    .ARM.Collect$$rtentry$$00000000  c_5.l(rtentry.o)
    0x00000204   0x00000000   Code   RO         3542    .ARM.Collect$$rtentry$$00000002  c_5.l(rtentry2.o)
    0x00000204   0x00000008   Code   RO         3554    .ARM.Collect$$rtentry$$00000004  c_5.l(rtentry4.o)
    0x0000020c   0x00000000   Code   RO         3544    .ARM.Collect$$rtentry$$00000009  c_5.l(rtentry2.o)
    0x0000020c   0x00000004   Code   RO         3545    .ARM.Collect$$rtentry$$0000000A  c_5.l(rtentry2.o)
    0x00000210   0x00000000   Code   RO         3547    .ARM.Collect$$rtentry$$0000000C  c_5.l(rtentry2.o)
    0x00000210   0x00000028   Code   RO         3548    .ARM.Collect$$rtentry$$0000000D  c_5.l(rtentry2.o)
    0x00000238   0x00000004   Code   RO         3711    .ARM.Collect$$rtexit$$00000000  c_5.l(rtexit.o)
    0x0000023c   0x00000000   Code   RO         3760    .ARM.Collect$$rtexit$$00000002  c_5.l(rtexit2.o)
    0x0000023c   0x00000004   Code   RO         3761    .ARM.Collect$$rtexit$$00000003  c_5.l(rtexit2.o)
    0x00000240   0x00000008   Code   RO         3762    .ARM.Collect$$rtexit$$00000004  c_5.l(rtexit2.o)
    0x00000248   0x00000008   Code   RO         3044    .emb_text           freertos.lib(osmisc.o)
    0x00000250   0x00001190   Code   RO            1    .text               main.o
    0x000013e0   0x00000934   Code   RO          222    .text               sys.o
    0x00001d14   0x00000d6c   Code   RO          237    .text               sys_timer.o
    0x00002a80   0x0000062c   Code   RO          263    .text               sys_uart.o
    0x000030ac   0x00000930   Code   RO          280    .text               system_nuc970.o
    0x000039dc   0x00002760   Code   RO          303    .text               uart.o
    0x0000613c   0x00000040   Code   RO          333    .text               standalone.o
    0x0000617c   0x00000bcc   Code   RO          344    .text               gpio.o
    0x00006d48   0x000019e8   Code   RO          359    .text               rtc.o
    0x00008730   0x00000660   Code   RO          377    .text               spi.o
    0x00008d90   0x00000c18   Code   RO          394    .text               i2c.o
    0x000099a8   0x00001b9c   Code   RO          415    .text               sdh.o
    0x0000b544   0x00000fe8   Code   RO          452    .text               adc.o
    0x0000c52c   0x000005c8   Code   RO          468    .text               etimer.o
    0x0000caf4   0x00000608   Code   RO          480    .text               sc.o
    0x0000d0fc   0x00000128   Code   RO          500    .text               user.o
    0x0000d224   0x000007ec   Code   RO          560    .text               guistandby.o
    0x0000da10   0x000003dc   Code   RO          581    .text               guimanager.o
    0x0000ddec   0x0000128c   Code   RO          631    .text               meterdata.o
    0x0000f078   0x000005a4   Code   RO          693    .text               guiselspace.o
    0x0000f61c   0x00000554   Code   RO          708    .text               guiseltime.o
    0x0000fb70   0x00000390   Code   RO          723    .text               guireaderinit.o
    0x0000ff00   0x000005c0   Code   RO          738    .text               guideposit.o
    0x000104c0   0x00000310   Code   RO          753    .text               guidepositfail.o
    0x000107d0   0x00000310   Code   RO          768    .text               guidepositok.o
    0x00010ae0   0x000005e4   Code   RO          783    .text               guireplacebp.o
    0x000110c4   0x000003a8   Code   RO          798    .text               guitester.o
    0x0001146c   0x000003cc   Code   RO          813    .text               guitesterkeypad.o
    0x00011838   0x00000dd4   Code   RO          828    .text               paralib.o
    0x0001260c   0x00000300   Code   RO          853    .text               guifiledownload.o
    0x0001290c   0x00000354   Code   RO          874    .text               guifree.o
    0x00012c60   0x00000354   Code   RO          889    .text               guioff.o
    0x00012fb4   0x000027c4   Code   RO          904    .text               hwtester.o
    0x00015778   0x0000004c   Code   RO          938    .text               halinterface.o
    0x000157c4   0x00000538   Code   RO          970    .text               guidrv.o
    0x00015cfc   0x00000220   Code   RO          991    .text               keydrv.o
    0x00015f1c   0x0000146c   Code   RO         1005    .text               powerdrv.o
    0x00017388   0x00000268   Code   RO         1041    .text               timerdrv.o
    0x000175f0   0x00000414   Code   RO         1056    .text               cardreader.o
    0x00017a04   0x00003e64   Code   RO         1073    .text               epddrv.o
    0x0001b868   0x000007c4   Code   RO         1099    .text               spacedrv.o
    0x0001c02c   0x000005cc   Code   RO         1117    .text               timelib.o
    0x0001c5f8   0x00001b2c   Code   RO         1133    .text               ts2000drv.o
    0x0001e124   0x00000648   Code   RO         1149    .text               pct08cmdlib.o
    0x0001e76c   0x000001e4   Code   RO         1171    .text               pct08drv.o
    0x0001e950   0x00000728   Code   RO         1185    .text               fatfslib.o
    0x0001f078   0x000004d8   Code   RO         1205    .text               photoagent.o
    0x0001f550   0x00000810   Code   RO         1232    .text               jsoncmdlib.o
    0x0001fd60   0x000006ac   Code   RO         1268    .text               modemagent.o
    0x0002040c   0x00001894   Code   RO         1332    .text               tarifflib.o
    0x00021ca0   0x00000b84   Code   RO         1351    .text               yaffs2drv.o
    0x00022824   0x00002160   Code   RO         1457    .text               dataprocesslib.o
    0x00024984   0x00000390   Code   RO         1476    .text               loglib.o
    0x00024d14   0x000004d4   Code   RO         1492    .text               ledcmdlib.o
    0x000251e8   0x00000d60   Code   RO         1507    .text               leddrv.o
    0x00025f48   0x00002940   Code   RO         1524    .text               fileagent.o
    0x00028888   0x00000260   Code   RO         1566    .text               userdrv.o
    0x00028ae8   0x00000110   Code   RO         1608    .text               interface.o
    0x00028bf8   0x00000394   Code   RO         1673    .text               uart1drv.o
    0x00028f8c   0x00000354   Code   RO         1690    .text               uart2drv.o
    0x000292e0   0x00000338   Code   RO         1704    .text               uart3drv.o
    0x00029618   0x0000038c   Code   RO         1721    .text               uart4drv.o
    0x000299a4   0x0000033c   Code   RO         1738    .text               uart7drv.o
    0x00029ce0   0x000002f8   Code   RO         1755    .text               uart8drv.o
    0x00029fd8   0x000003e8   Code   RO         1769    .text               uart10drv.o
    0x0002a3c0   0x00000240   Code   RO         1783    .text               spi0drv.o
    0x0002a600   0x0000021c   Code   RO         1795    .text               spi1drv.o
    0x0002a81c   0x00000204   Code   RO         1807    .text               i2c1drv.o
    0x0002aa20   0x00000350   Code   RO         1819    .text               buzzerdrv.o
    0x0002ad70   0x000008cc   Code   RO         1836    .text               batterydrv.o
    0x0002b63c   0x000007b8   Code   RO         1855    .text               dipdrv.o
    0x0002bdf4   0x000001e0   Code   RO         1869    .text               rs232commdrv.o
    0x0002bfd4   0x00001008   Code   RO         1883    .text               flashdrvex.o
    0x0002cfdc   0x000003a4   Code   RO         1903    .text               sddrv.o
    0x0002d380   0x00000c80   Code   RO         1920    .text               sr04tdrv.o
    0x0002e000   0x000010e8   Code   RO         1937    .text               nt066edrv.o
    0x0002f0e8   0x00000200   Code   RO         1960    .text               smartcarddrv.o
    0x0002f2e8   0x000000f8   Code   RO         1981    .text               ccsbcs.o
    0x0002f3e0   0x000002fc   Code   RO         2001    .text               diskio.o
    0x0002f6dc   0x0000568c   Code   RO         2018    .text               ff.o
    0x00034d68   0x000031cc   Code   RO         2043    .text               cjson.o
    0x00037f34   0x000006cc   Code   RO         2096    .text               atcmdparser.o
    0x00038600   0x00001b84   Code   RO         2116    .text               quentelmodemlib.o
    0x0003a184   0x000002cc   Code   RO         2155    .text               mtdcore.o
    0x0003a450   0x000010e0   Code   RO         2200    .text               mtdpart.o
    0x0003b530   0x00000198   Code   RO         2250    .text               nand.o
    0x0003b6c8   0x00004fe4   Code   RO         2282    .text               nand_base.o
    0x000406ac   0x00002830   Code   RO         2356    .text               nand_bbt.o
    0x00042edc   0x000007e0   Code   RO         2446    .text               yaffs_allocator.o
    0x000436bc   0x00000290   Code   RO         2496    .text               yaffs_attribs.o
    0x0004394c   0x0000039c   Code   RO         2517    .text               yaffs_bitmap.o
    0x00043ce8   0x00000d24   Code   RO         2535    .text               yaffs_checkptrw.o
    0x00044a0c   0x000004e0   Code   RO         2554    .text               yaffs_ecc.o
    0x00044eec   0x00007d08   Code   RO         2586    .text               yaffs_guts.o
    0x0004cbf4   0x000005c4   Code   RO         2642    .text               yaffs_malloc.o
    0x0004d1b8   0x00000424   Code   RO         2659    .text               yaffs_mtdif.o
    0x0004d5dc   0x000006f8   Code   RO         2746    .text               yaffs_mtdif2.o
    0x0004dcd4   0x00000558   Code   RO         2814    .text               yaffs_nameval.o
    0x0004e22c   0x00000428   Code   RO         2826    .text               yaffs_nand.o
    0x0004e654   0x0000042c   Code   RO         2858    .text               yaffs_packedtags2.o
    0x0004ea80   0x00000630   Code   RO         2871    .text               yaffs_qsort.o
    0x0004f0b0   0x000007e8   Code   RO         2883    .text               yaffs_summary.o
    0x0004f898   0x00000d6c   Code   RO         2904    .text               yaffs_tagscompat.o
    0x00050604   0x000014cc   Code   RO         2921    .text               yaffs_verify.o
    0x00051ad0   0x00000ab8   Code   RO         2937    .text               yaffs_yaffs1.o
    0x00052588   0x00002c4c   Code   RO         2962    .text               yaffs_yaffs2.o
    0x000551d4   0x00004ec8   Code   RO         2990    .text               yaffsfs.o
    0x0005a09c   0x000011e4   Code   RO         3010    .text               fmi_nand.o
    0x0005b280   0x000004c8   Code   RO         3045    .text               freertos.lib(osmisc.o)
    0x0005b748   0x00000afc   Code   RO         3110    .text               freertos.lib(queue.o)
    0x0005c244   0x00001e18   Code   RO         3134    .text               freertos.lib(tasks.o)
    0x0005e05c   0x00000378   Code   RO         3160    .text               freertos.lib(heap_4.o)
    0x0005e3d4   0x00000e98   Code   RO         3178    .text               SmartCardLib_Keil.lib(sclib_api.o)
    0x0005f26c   0x00000114   Code   RO         3182    .text               freertos.lib(list.o)
    0x0005f380   0x0000017c   Code   RO         3194    .text               freertos.lib(port.o)
    0x0005f4fc   0x000010e8   Code   RO         3209    .text               SmartCardLib_Keil.lib(sclib_util.o)
    0x000605e4   0x00000538   Code   RO         3214    .text               SmartCardLib_Keil.lib(sclib_t0protocol.o)
    0x00060b1c   0x00000eac   Code   RO         3217    .text               SmartCardLib_Keil.lib(sclib_t1protocol.o)
    0x000619c8   0x0000004c   Code   RO         3225    .text               c_5.l(h1_free.o)
    0x00061a14   0x000002f0   Code   RO         3279    .text               c_5.l(lludiv5.o)
    0x00061d04   0x00000028   Code   RO         3281    .text               c_5.l(llshl.o)
    0x00061d2c   0x00000028   Code   RO         3283    .text               c_5.l(llushr.o)
    0x00061d54   0x00000028   Code   RO         3285    .text               c_5.l(llsshr.o)
    0x00061d7c   0x00000050   Code   RO         3287    .text               c_5.l(llsdiv.o)
    0x00061dcc   0x0000001a   Code   RO         3289    .text               c_5.l(tolower.o)
    0x00061de6   0x00000002   PAD
    0x00061de8   0x0000002c   Code   RO         3291    .text               c_5.l(__2sprintf.o)
    0x00061e14   0x0000004e   Code   RO         3297    .text               c_5.l(_printf_pad.o)
    0x00061e62   0x00000052   Code   RO         3299    .text               c_5.l(_printf_str.o)
    0x00061eb4   0x00000008   Ven    RO         3301    .text               c_5.l(_printf_dec.o)
    0x00061ebc   0x0000006c   Code   RO         3301    .text               c_5.l(_printf_dec.o)
    0x00061f28   0x00000008   Ven    RO         3306    .text               c_5.l(_printf_hex_int.o)
    0x00061f30   0x00000058   Code   RO         3306    .text               c_5.l(_printf_hex_int.o)
    0x00061f88   0x00000188   Code   RO         3341    .text               c_5.l(__printf_flags_ss_wp.o)
    0x00062110   0x00000288   Code   RO         3356    .text               c_5.l(qsortnoex.o)
    0x00062398   0x00000016   Code   RO         3358    .text               c_5.l(strchr.o)
    0x000623ae   0x00000074   Code   RO         3360    .text               c_5.l(memcmp.o)
    0x00062422   0x00000002   PAD
    0x00062424   0x0000004c   Code   RO         3362    .text               c_5.l(strcpy.o)
    0x00062470   0x00000044   Code   RO         3366    .text               c_5.l(strlen.o)
    0x000624b4   0x00000094   Code   RO         3368    .text               c_5.l(strncmp.o)
    0x00062548   0x00000018   Code   RO         3370    .text               c_5.l(strcat.o)
    0x00062560   0x000000d4   Code   RO         3372    .text               c_5.l(rt_memcpy.o)
    0x00062634   0x00000064   Code   RO         3374    .text               c_5.l(rt_memcpy_w.o)
    0x00062698   0x00000010   Code   RO         3376    .text               c_5.l(aeabi_memset.o)
    0x000626a8   0x00000040   Code   RO         3378    .text               c_5.l(rt_memclr.o)
    0x000626e8   0x00000054   Code   RO         3380    .text               c_5.l(rt_memclr_w.o)
    0x0006273c   0x0000006c   Code   RO         3382    .text               c_5.l(strncpy.o)
    0x000627a8   0x000000a0   Code   RO         3384    .text               c_5.l(strcmp.o)
    0x00062848   0x00000020   Code   RO         3386    .text               c_5.l(uread4.o)
    0x00062868   0x00000020   Code   RO         3388    .text               c_5.l(uwrite4.o)
    0x00062888   0x000001b0   Code   RO         3390    .text               c_5.l(mktime.o)
    0x00062a38   0x0000017c   Code   RO         3392    .text               c_5.l(aeabi_sdiv.o)
    0x00062bb4   0x00000014   Code   RO         3467    .text               c_5.l(rt_ctype_table.o)
    0x00062bc8   0x0000000c   Code   RO         3477    .text               c_5.l(rt_heap_descriptor.o)
    0x00062bd4   0x0000000c   Code   RO         3482    .text               c_5.l(rt_errno_addr.o)
    0x00062be0   0x000000b0   Code   RO         3509    .text               c_5.l(_printf_intcommon.o)
    0x00062c90   0x00000414   Code   RO         3511    .text               c_5.l(_printf_fp_dec.o)
    0x000630a4   0x00000030   Code   RO         3513    .text               c_5.l(_printf_char_common.o)
    0x000630d4   0x0000000a   Code   RO         3515    .text               c_5.l(_sputc.o)
    0x000630de   0x00000002   PAD
    0x000630e0   0x00000008   Ven    RO         3517    .text               c_5.l(_printf_char.o)
    0x000630e8   0x0000002e   Code   RO         3517    .text               c_5.l(_printf_char.o)
    0x00063116   0x00000002   PAD
    0x00063118   0x000000a8   Code   RO         3520    .text               c_5.l(strtod.o)
    0x000631c0   0x0000002c   Code   RO         3525    .text               c_5.l(rtudiv10.o)
    0x000631ec   0x0000000c   Code   RO         3558    .text               c_5.l(rt_locale.o)
    0x000631f8   0x00000098   Code   RO         3573    .text               c_5.l(lludiv10.o)
    0x00063290   0x00000012   Code   RO         3575    .text               c_5.l(isspace.o)
    0x000632a2   0x00000002   PAD
    0x000632a4   0x00000088   Code   RO         3577    .text               c_5.l(_printf_fp_infnan.o)
    0x0006332c   0x00000044   Code   RO         3581    .text               c_5.l(_sgetc.o)
    0x00063370   0x000000d4   Code   RO         3585    .text               c_5.l(bigflt0.o)
    0x00063444   0x0000001e   Code   RO         3684    .text               c_5.l(_chval.o)
    0x00063462   0x00000002   PAD
    0x00063464   0x000004d8   Code   RO         3686    .text               c_5.l(scanf_fp.o)
    0x0006393c   0x0000000c   Code   RO         3688    .text               c_5.l(exit.o)
    0x00063948   0x00000018   Code   RO         3717    .text               c_5.l(llmul.o)
    0x00063960   0x00000008   Ven    RO         3766    .text               c_5.l(_rserrno.o)
    0x00063968   0x00000016   Code   RO         3766    .text               c_5.l(_rserrno.o)
    0x0006397e   0x00000002   PAD
    0x00063980   0x00000008   Ven    RO         3768    .text               c_5.l(scanf_hexfp.o)
    0x00063988   0x00000328   Code   RO         3768    .text               c_5.l(scanf_hexfp.o)
    0x00063cb0   0x00000008   Ven    RO         3770    .text               c_5.l(scanf_infnan.o)
    0x00063cb8   0x00000140   Code   RO         3770    .text               c_5.l(scanf_infnan.o)
    0x00063df8   0x00000024   Code   RO         3393    .text_udiv          c_5.l(aeabi_sdiv.o)
    0x00063e1c   0x00000038   Code   RO         3588    CL$$btod_d2e        c_5.l(btod.o)
    0x00063e54   0x00000054   Code   RO         3590    CL$$btod_d2e_denorm_low  c_5.l(btod.o)
    0x00063ea8   0x00000068   Code   RO         3589    CL$$btod_d2e_norm_op1  c_5.l(btod.o)
    0x00063f10   0x00000348   Code   RO         3598    CL$$btod_div_common  c_5.l(btod.o)
    0x00064258   0x0000005c   Code   RO         3596    CL$$btod_e2d        c_5.l(btod.o)
    0x000642b4   0x000000dc   Code   RO         3595    CL$$btod_e2e        c_5.l(btod.o)
    0x00064390   0x00000030   Code   RO         3592    CL$$btod_ediv       c_5.l(btod.o)
    0x000643c0   0x00000030   Code   RO         3594    CL$$btod_edivd      c_5.l(btod.o)
    0x000643f0   0x00000030   Code   RO         3591    CL$$btod_emul       c_5.l(btod.o)
    0x00064420   0x00000030   Code   RO         3593    CL$$btod_emuld      c_5.l(btod.o)
    0x00064450   0x00000264   Code   RO         3597    CL$$btod_mult_common  c_5.l(btod.o)
    0x000646b4   0x00000150   Code   RO         3175    PORT_ASM            freertos.lib(portasm.o)
    0x00064804   0x00000030   Code   RO          300    SYS_INIT            sys_nuc970.o
    0x00064834   0x00000008   Ven    RO         3834    Veneer$$Code        anon$$obj.o
    0x0006483c   0x00000008   Ven    RO         3835    Veneer$$Code        anon$$obj.o
    0x00064844   0x00000008   Ven    RO         3836    Veneer$$Code        anon$$obj.o
    0x0006484c   0x00000030   Code   RO         3674    i.__ARM_fpclassify  m_5s.l(fpclassify.o)
    0x0006487c   0x00000014   Code   RO         3811    i.__mathlib_dbl_underflow  m_5s.l(dunder.o)
    0x00064890   0x00000018   Code   RO         3753    i.__mathlib_narrow  m_5s.l(narrow.o)
    0x000648a8   0x000000d0   Code   RO         3754    i.__mathlib_tofloat  m_5s.l(narrow.o)
    0x00064978   0x00000020   Code   RO         3798    i.__support_ldexp   m_5s.l(ldexp.o)
    0x00064998   0x0000000e   Code   RO         3334    i._is_digit         c_5.l(__printf_wp.o)
    0x000649a6   0x00000002   PAD
    0x000649a8   0x00000130   Code   RO         3457    i.floor             m_5s.l(floor.o)
    0x00064ad8   0x00000074   Code   RO         3775    i.frexp             m_5s.l(frexp.o)
    0x00064b4c   0x000000c8   Code   RO         3799    i.ldexp             m_5s.l(ldexp.o)
    0x00064c14   0x00000030   Code   RO         3461    i.strtod            m_5s.l(strtod.o)
    0x00064c44   0x00000048   Code   RO         3611    locale$$code        c_5.l(lc_ctype_c.o)
    0x00064c8c   0x00000048   Code   RO         3614    locale$$code        c_5.l(lc_numeric_c.o)
    0x00064cd4   0x0000006c   Code   RO         3410    x$fpl$d2f           fz_5s.l(d2f.o)
    0x00064d40   0x00000154   Code   RO         3412    x$fpl$dadd          fz_5s.l(daddsub_clz.o)
    0x00064e94   0x00000010   Code   RO         3809    x$fpl$dcheck1       fz_5s.l(dcheck1.o)
    0x00064ea4   0x0000001c   Code   RO         3527    x$fpl$dcmpinf       fz_5s.l(dcmpi.o)
    0x00064ec0   0x000002d0   Code   RO         3419    x$fpl$ddiv          fz_5s.l(ddiv.o)
    0x00065190   0x00000094   Code   RO         3422    x$fpl$deqf          fz_5s.l(deqf.o)
    0x00065224   0x00000070   Code   RO         3424    x$fpl$dfix          fz_5s.l(dfix.o)
    0x00065294   0x00000034   Code   RO         3429    x$fpl$dflt          fz_5s.l(dflt_clz.o)
    0x000652c8   0x0000002c   Code   RO         3428    x$fpl$dfltu         fz_5s.l(dflt_clz.o)
    0x000652f4   0x00000094   Code   RO         3434    x$fpl$dleqf         fz_5s.l(dleqf.o)
    0x00065388   0x00000178   Code   RO         3436    x$fpl$dmul          fz_5s.l(dmul.o)
    0x00065500   0x000000b8   Code   RO         3529    x$fpl$dnaninf       fz_5s.l(dnaninf.o)
    0x000655b8   0x00000010   Code   RO         3531    x$fpl$dretinf       fz_5s.l(dretinf.o)
    0x000655c8   0x0000008c   Code   RO         3438    x$fpl$drleqf        fz_5s.l(drleqf.o)
    0x00065654   0x00000018   Code   RO         3413    x$fpl$drsb          fz_5s.l(daddsub_clz.o)
    0x0006566c   0x00000200   Code   RO         3414    x$fpl$dsub          fz_5s.l(daddsub_clz.o)
    0x0006586c   0x00000064   Code   RO         3440    x$fpl$f2d           fz_5s.l(f2d.o)
    0x000658d0   0x00000054   Code   RO         3442    x$fpl$ffixu         fz_5s.l(ffixu.o)
    0x00065924   0x00000028   Code   RO         3446    x$fpl$ffltu         fz_5s.l(fflt_clz.o)
    0x0006594c   0x00000100   Code   RO         3452    x$fpl$fmul          fz_5s.l(fmul.o)
    0x00065a4c   0x000000a0   Code   RO         3533    x$fpl$fnaninf       fz_5s.l(fnaninf.o)
    0x00065aec   0x00000010   Code   RO         3535    x$fpl$fretinf       fz_5s.l(fretinf.o)
    0x00065afc   0x00000008   Code   RO         3670    x$fpl$ieeestatus    fz_5s.l(istatus.o)
    0x00065b04   0x00000004   Code   RO         3454    x$fpl$printf1       fz_5s.l(printf1.o)
    0x00065b08   0x00000074   Code   RO         3814    x$fpl$retnan        fz_5s.l(retnan.o)
    0x00065b7c   0x00000068   Code   RO         3795    x$fpl$scalbn        fz_5s.l(scalbn.o)
    0x00065be4   0x00000004   Code   RO         3672    x$fpl$scanf1        fz_5s.l(scanf1.o)
    0x00065be8   0x00000008   Code   RO         3747    x$fpl$scanf2        fz_5s.l(scanf2.o)
    0x00065bf0   0x0000003c   Code   RO         3816    x$fpl$trapveneer    fz_5s.l(trapv.o)
    0x00065c2c   0x00000000   Code   RO         3537    x$fpl$usenofp       fz_5s.l(usenofp.o)
    0x00065c2c   0x0000009a   Data   RO            2    .constdata          main.o
    0x00065cc6   0x00000002   PAD
    0x00065cc8   0x00000098   Data   RO          417    .constdata          sdh.o
    0x00065d60   0x0000011d   Data   RO          561    .constdata          guistandby.o
    0x00065e7d   0x00000003   PAD
    0x00065e80   0x000001c2   Data   RO          633    .constdata          meterdata.o
    0x00066042   0x00000002   PAD
    0x00066044   0x0000016e   Data   RO          694    .constdata          guiselspace.o
    0x000661b2   0x00000002   PAD
    0x000661b4   0x0000005a   Data   RO          709    .constdata          guiseltime.o
    0x0006620e   0x00000002   PAD
    0x00066210   0x0000005d   Data   RO          724    .constdata          guireaderinit.o
    0x0006626d   0x00000003   PAD
    0x00066270   0x0000014a   Data   RO          739    .constdata          guideposit.o
    0x000663ba   0x00000002   PAD
    0x000663bc   0x0000005e   Data   RO          754    .constdata          guidepositfail.o
    0x0006641a   0x00000002   PAD
    0x0006641c   0x0000005c   Data   RO          769    .constdata          guidepositok.o
    0x00066478   0x0000005c   Data   RO          784    .constdata          guireplacebp.o
    0x000664d4   0x00000059   Data   RO          799    .constdata          guitester.o
    0x0006652d   0x00000003   PAD
    0x00066530   0x0000005f   Data   RO          814    .constdata          guitesterkeypad.o
    0x0006658f   0x00000001   PAD
    0x00066590   0x0000005b   Data   RO          830    .constdata          paralib.o
    0x000665eb   0x00000001   PAD
    0x000665ec   0x0000005f   Data   RO          854    .constdata          guifiledownload.o
    0x0006664b   0x00000001   PAD
    0x0006664c   0x00000057   Data   RO          875    .constdata          guifree.o
    0x000666a3   0x00000001   PAD
    0x000666a4   0x00000056   Data   RO          890    .constdata          guioff.o
    0x000666fa   0x00000002   PAD
    0x000666fc   0x00000196   Data   RO          905    .constdata          hwtester.o
    0x00066892   0x00000002   PAD
    0x00066894   0x0000008a   Data   RO         1007    .constdata          powerdrv.o
    0x0006691e   0x00000002   PAD
    0x00066920   0x00000087   Data   RO         1075    .constdata          epddrv.o
    0x000669a7   0x00000001   PAD
    0x000669a8   0x00000124   Data   RO         1119    .constdata          timelib.o
    0x00066acc   0x00000047   Data   RO         1135    .constdata          ts2000drv.o
    0x00066b13   0x00000001   PAD
    0x00066b14   0x00000063   Data   RO         1151    .constdata          pct08cmdlib.o
    0x00066b77   0x00000001   PAD
    0x00066b78   0x0000008c   Data   RO         1187    .constdata          fatfslib.o
    0x00066c04   0x00000090   Data   RO         1269    .constdata          modemagent.o
    0x00066c94   0x000000ba   Data   RO         1334    .constdata          tarifflib.o
    0x00066d4e   0x00000002   PAD
    0x00066d50   0x00000043   Data   RO         1352    .constdata          yaffs2drv.o
    0x00066d93   0x00000001   PAD
    0x00066d94   0x000001ff   Data   RO         1458    .constdata          dataprocesslib.o
    0x00066f93   0x00000001   PAD
    0x00066f94   0x00000047   Data   RO         1478    .constdata          loglib.o
    0x00066fdb   0x00000001   PAD
    0x00066fdc   0x000002e1   Data   RO         1526    .constdata          fileagent.o
    0x000672bd   0x00000003   PAD
    0x000672c0   0x000000af   Data   RO         1885    .constdata          flashdrvex.o
    0x0006736f   0x00000001   PAD
    0x00067370   0x000004c0   Data   RO         1982    .constdata          ccsbcs.o
    0x00067830   0x000000ba   Data   RO         2020    .constdata          ff.o
    0x000678ea   0x00000005   Data   RO         2045    .constdata          cjson.o
    0x000678ef   0x00000001   PAD
    0x000678f0   0x00000295   Data   RO         2118    .constdata          quentelmodemlib.o
    0x00067b85   0x00000003   PAD
    0x00067b88   0x000000f2   Data   RO         2201    .constdata          mtdpart.o
    0x00067c7a   0x00000002   PAD
    0x00067c7c   0x0000010c   Data   RO         2284    .constdata          nand_base.o
    0x00067d88   0x00000061   Data   RO         2358    .constdata          nand_bbt.o
    0x00067de9   0x00000003   PAD
    0x00067dec   0x00000710   Data   RO         2395    .constdata          nand_ids.o
    0x000684fc   0x00000094   Data   RO         2536    .constdata          yaffs_checkptrw.o
    0x00068590   0x00000100   Data   RO         2555    .constdata          yaffs_ecc.o
    0x00068690   0x00000250   Data   RO         2587    .constdata          yaffs_guts.o
    0x000688e0   0x00000098   Data   RO         2644    .constdata          yaffs_malloc.o
    0x00068978   0x0000005b   Data   RO         2859    .constdata          yaffs_packedtags2.o
    0x000689d3   0x00000001   PAD
    0x000689d4   0x0000014c   Data   RO         2922    .constdata          yaffs_verify.o
    0x00068b20   0x00000062   Data   RO         2938    .constdata          yaffs_yaffs1.o
    0x00068b82   0x00000002   PAD
    0x00068b84   0x000002f1   Data   RO         2963    .constdata          yaffs_yaffs2.o
    0x00068e75   0x00000003   PAD
    0x00068e78   0x00000064   Data   RO         3012    .constdata          fmi_nand.o
    0x00068edc   0x000001e4   Data   RO         3046    .constdata          freertos.lib(osmisc.o)
    0x000690c0   0x00000040   Data   RO         3218    .constdata          SmartCardLib_Keil.lib(sclib_t1protocol.o)
    0x00069100   0x00000028   Data   RO         3307    .constdata          c_5.l(_printf_hex_int.o)
    0x00069128   0x00000011   Data   RO         3342    .constdata          c_5.l(__printf_flags_ss_wp.o)
    0x00069139   0x0000000c   Data   RO         3524    .constdata          c_5.l(_monlen.o)
    0x00069145   0x00000003   PAD
    0x00069148   0x00000094   Data   RO         3586    .constdata          c_5.l(bigflt0.o)
    0x000691dc   0x0000006c   Data   RO            3    .conststring        main.o
    0x00069248   0x0000001d   Data   RO          501    .conststring        user.o
    0x00069265   0x00000077   Data   RO          634    .conststring        meterdata.o
    0x000692dc   0x00000122   Data   RO          906    .conststring        hwtester.o
    0x000693fe   0x0000000b   Data   RO          971    .conststring        guidrv.o
    0x00069409   0x0000000d   Data   RO         1008    .conststring        powerdrv.o
    0x00069416   0x0000000b   Data   RO         1076    .conststring        epddrv.o
    0x00069421   0x0000000d   Data   RO         1100    .conststring        spacedrv.o
    0x0006942e   0x00000009   Data   RO         1188    .conststring        fatfslib.o
    0x00069437   0x0000000f   Data   RO         1206    .conststring        photoagent.o
    0x00069446   0x0000000f   Data   RO         1270    .conststring        modemagent.o
    0x00069455   0x00000056   Data   RO         1459    .conststring        dataprocesslib.o
    0x000694ab   0x0000000e   Data   RO         1527    .conststring        fileagent.o
    0x000694b9   0x00000028   Data   RO         1567    .conststring        userdrv.o
    0x000694e1   0x0000000f   Data   RO         1838    .conststring        batterydrv.o
    0x000694f0   0x00000150   Data   RO         2098    .conststring        atcmdparser.o
    0x00069640   0x00000163   Data   RO         2119    .conststring        quentelmodemlib.o
    0x000697a3   0x000004d9   Data   RO         2396    .conststring        nand_ids.o
    0x00069c7c   0x0000004b   Data   RO         2923    .conststring        yaffs_verify.o
    0x00069cc7   0x00000001   PAD
    0x00069cc8   0x00000030   Data   RO         3818    Region$$Table       anon$$obj.o
    0x00069cf8   0x00000008   Data   RO         3744    c$$dinf             fz_5s.l(fpconst.o)
    0x00069d00   0x00000110   Data   RO         3610    locale$$data        c_5.l(lc_ctype_c.o)
    0x00069e10   0x0000001c   Data   RO         3613    locale$$data        c_5.l(lc_numeric_c.o)


    Execution Region RW_RAM1 (Base: 0x00069e2c, Size: 0x0174e944, Max: 0xffffffff, ABSOLUTE, COMPRESSED[0x000008fc])

    Base Addr    Size         Type   Attr      Idx    E Section Name        Object

    0x00069e2c   0x00000094   Data   RW            4    .data               main.o
    0x00069ec0   0x000001f4   Data   RW          223    .data               sys.o
    0x0006a0b4   0x00000060   Data   RW          239    .data               sys_timer.o
    0x0006a114   0x00000001   Data   RW          264    .data               sys_uart.o
    0x0006a115   0x00000003   PAD
    0x0006a118   0x0000000c   Data   RW          282    .data               system_nuc970.o
    0x0006a124   0x00000086   Data   RW          305    .data               uart.o
    0x0006a1aa   0x00000002   PAD
    0x0006a1ac   0x00000028   Data   RW          346    .data               gpio.o
    0x0006a1d4   0x00000058   Data   RW          360    .data               rtc.o
    0x0006a22c   0x0000000c   Data   RW          396    .data               i2c.o
    0x0006a238   0x00000020   Data   RW          418    .data               sdh.o
    0x0006a258   0x00000004   Data   RW          454    .data               adc.o
    0x0006a25c   0x00000008   Data   RW          481    .data               sc.o
    0x0006a264   0x00000020   Data   RW          502    .data               user.o
    0x0006a284   0x0000000e   Data   RW          562    .data               guistandby.o
    0x0006a292   0x00000002   PAD
    0x0006a294   0x0000017c   Data   RW          582    .data               guimanager.o
    0x0006a410   0x0000009c   Data   RW          635    .data               meterdata.o
    0x0006a4ac   0x00000014   Data   RW          695    .data               guiselspace.o
    0x0006a4c0   0x00000014   Data   RW          710    .data               guiseltime.o
    0x0006a4d4   0x0000000d   Data   RW          725    .data               guireaderinit.o
    0x0006a4e1   0x00000003   PAD
    0x0006a4e4   0x0000000d   Data   RW          740    .data               guideposit.o
    0x0006a4f1   0x00000003   PAD
    0x0006a4f4   0x0000000d   Data   RW          755    .data               guidepositfail.o
    0x0006a501   0x00000003   PAD
    0x0006a504   0x00000010   Data   RW          770    .data               guidepositok.o
    0x0006a514   0x00000013   Data   RW          785    .data               guireplacebp.o
    0x0006a527   0x00000001   PAD
    0x0006a528   0x0000000d   Data   RW          800    .data               guitester.o
    0x0006a535   0x00000003   PAD
    0x0006a538   0x0000000d   Data   RW          815    .data               guitesterkeypad.o
    0x0006a545   0x00000003   PAD
    0x0006a548   0x00000008   Data   RW          831    .data               paralib.o
    0x0006a550   0x0000000d   Data   RW          855    .data               guifiledownload.o
    0x0006a55d   0x00000003   PAD
    0x0006a560   0x0000000d   Data   RW          876    .data               guifree.o
    0x0006a56d   0x00000003   PAD
    0x0006a570   0x0000000d   Data   RW          891    .data               guioff.o
    0x0006a57d   0x00000003   PAD
    0x0006a580   0x0000022a   Data   RW          907    .data               hwtester.o
    0x0006a7aa   0x00000002   PAD
    0x0006a7ac   0x00000048   Data   RW          939    .data               halinterface.o
    0x0006a7f4   0x0000002c   Data   RW          972    .data               guidrv.o
    0x0006a820   0x00000011   Data   RW          992    .data               keydrv.o
    0x0006a831   0x00000003   PAD
    0x0006a834   0x0000003c   Data   RW         1009    .data               powerdrv.o
    0x0006a870   0x00000020   Data   RW         1043    .data               timerdrv.o
    0x0006a890   0x00000010   Data   RW         1057    .data               cardreader.o
    0x0006a8a0   0x0000004c   Data   RW         1077    .data               epddrv.o
    0x0006a8ec   0x00000034   Data   RW         1101    .data               spacedrv.o
    0x0006a920   0x00000004   Data   RW         1120    .data               timelib.o
    0x0006a924   0x0000003c   Data   RW         1136    .data               ts2000drv.o
    0x0006a960   0x00000048   Data   RW         1152    .data               pct08cmdlib.o
    0x0006a9a8   0x00000004   Data   RW         1172    .data               pct08drv.o
    0x0006a9ac   0x00000013   Data   RW         1189    .data               fatfslib.o
    0x0006a9bf   0x00000001   PAD
    0x0006a9c0   0x00000024   Data   RW         1207    .data               photoagent.o
    0x0006a9e4   0x00000014   Data   RW         1233    .data               jsoncmdlib.o
    0x0006a9f8   0x00000028   Data   RW         1271    .data               modemagent.o
    0x0006aa20   0x00000010   Data   RW         1335    .data               tarifflib.o
    0x0006aa30   0x00000002   Data   RW         1353    .data               yaffs2drv.o
    0x0006aa32   0x00000002   PAD
    0x0006aa34   0x000000ac   Data   RW         1460    .data               dataprocesslib.o
    0x0006aae0   0x00000004   Data   RW         1479    .data               loglib.o
    0x0006aae4   0x0000001c   Data   RW         1508    .data               leddrv.o
    0x0006ab00   0x0000004c   Data   RW         1528    .data               fileagent.o
    0x0006ab4c   0x0000002c   Data   RW         1568    .data               userdrv.o
    0x0006ab78   0x00000194   Data   RW         1609    .data               interface.o
    0x0006ad0c   0x00000015   Data   RW         1820    .data               buzzerdrv.o
    0x0006ad21   0x00000003   PAD
    0x0006ad24   0x00000030   Data   RW         1839    .data               batterydrv.o
    0x0006ad54   0x00000014   Data   RW         1856    .data               dipdrv.o
    0x0006ad68   0x00000004   Data   RW         1870    .data               rs232commdrv.o
    0x0006ad6c   0x00000018   Data   RW         1886    .data               flashdrvex.o
    0x0006ad84   0x0000000c   Data   RW         1921    .data               sr04tdrv.o
    0x0006ad90   0x00000028   Data   RW         1938    .data               nt066edrv.o
    0x0006adb8   0x00000003   Data   RW         2021    .data               ff.o
    0x0006adbb   0x00000001   PAD
    0x0006adbc   0x0000000c   Data   RW         2046    .data               cjson.o
    0x0006adc8   0x0000017c   Data   RW         2099    .data               atcmdparser.o
    0x0006af44   0x0000051a   Data   RW         2120    .data               quentelmodemlib.o
    0x0006b45e   0x00000002   PAD
    0x0006b460   0x00000008   Data   RW         2202    .data               mtdpart.o
    0x0006b468   0x00000010   Data   RW         2252    .data               nand.o
    0x0006b478   0x00000010   Data   RW         2359    .data               nand_bbt.o
    0x0006b488   0x00000020   Data   RW         2645    .data               yaffs_malloc.o
    0x0006b4a8   0x00000008   Data   RW         2906    .data               yaffs_tagscompat.o
    0x0006b4b0   0x00000004   Data   RW         2924    .data               yaffs_verify.o
    0x0006b4b4   0x00000008   Data   RW         2964    .data               yaffs_yaffs2.o
    0x0006b4bc   0x0000001c   Data   RW         2992    .data               yaffsfs.o
    0x0006b4d8   0x00000004   Data   RW         3013    .data               fmi_nand.o
    0x0006b4dc   0x0000003c   Data   RW         3136    .data               freertos.lib(tasks.o)
    0x0006b518   0x00000018   Data   RW         3162    .data               freertos.lib(heap_4.o)
    0x0006b530   0x00000008   Data   RW         3180    .data               SmartCardLib_Keil.lib(sclib_api.o)
    0x0006b538   0x00000004   Data   RW         3195    .data               freertos.lib(port.o)
    0x0006b53c   0x00000124   Data   RW         3212    .data               SmartCardLib_Keil.lib(sclib_util.o)
    0x0006b660   0x00000080   Data   RW         3215    .data               SmartCardLib_Keil.lib(sclib_t0protocol.o)
    0x0006b6e0   0x00000080   Data   RW         3219    .data               SmartCardLib_Keil.lib(sclib_t1protocol.o)
    0x0006b760   0x00000140   Zero   RW          238    .bss                sys_timer.o
    0x0006b8a0   0x00000760   PAD
    0x0006c000   0x00024000   Zero   RW          281    .bss                system_nuc970.o
    0x00090000   0x0000023c   Zero   RW          304    .bss                uart.o
    0x0009023c   0x000000a4   Zero   RW          345    .bss                gpio.o
    0x000902e0   0x00000010   Zero   RW          378    .bss                spi.o
    0x000902f0   0x000003d0   Zero   RW          395    .bss                i2c.o
    0x000906c0   0x00000940   PAD
    0x00091000   0x00000230   Zero   RW          416    .bss                sdh.o
    0x00091230   0x00000488   Zero   RW          453    .bss                adc.o
    0x000916b8   0x00000c13   Zero   RW          632    .bss                meterdata.o
    0x000922cb   0x00000273   Zero   RW          829    .bss                paralib.o
    0x0009253e   0x00000002   PAD
    0x00092540   0x00000028   Zero   RW         1006    .bss                powerdrv.o
    0x00092568   0x0000000c   Zero   RW         1042    .bss                timerdrv.o
    0x00092574   0x000003d0   Zero   RW         1074    .bss                epddrv.o
    0x00092944   0x00000058   Zero   RW         1118    .bss                timelib.o
    0x0009299c   0x000004cc   Zero   RW         1134    .bss                ts2000drv.o
    0x00092e68   0x00100410   Zero   RW         1150    .bss                pct08cmdlib.o
    0x00193278   0x000030b4   Zero   RW         1186    .bss                fatfslib.o
    0x0019632c   0x00001035   Zero   RW         1333    .bss                tarifflib.o
    0x00197361   0x000000ff   Zero   RW         1477    .bss                loglib.o
    0x00197460   0x00010600   Zero   RW         1525    .bss                fileagent.o
    0x001a7a60   0x00000010   Zero   RW         1674    .bss                uart1drv.o
    0x001a7a70   0x00000010   Zero   RW         1691    .bss                uart2drv.o
    0x001a7a80   0x00000010   Zero   RW         1705    .bss                uart3drv.o
    0x001a7a90   0x00000010   Zero   RW         1722    .bss                uart4drv.o
    0x001a7aa0   0x00000010   Zero   RW         1739    .bss                uart7drv.o
    0x001a7ab0   0x00000010   Zero   RW         1756    .bss                uart8drv.o
    0x001a7ac0   0x00000010   Zero   RW         1770    .bss                uart10drv.o
    0x001a7ad0   0x00000038   Zero   RW         1837    .bss                batterydrv.o
    0x001a7b08   0x00006038   Zero   RW         1884    .bss                flashdrvex.o
    0x001adb40   0x0000300c   Zero   RW         2002    .bss                diskio.o
    0x001b0b4c   0x0000000c   Zero   RW         2019    .bss                ff.o
    0x001b0b58   0x0000000f   Zero   RW         2044    .bss                cjson.o
    0x001b0b67   0x00202000   Zero   RW         2097    .bss                atcmdparser.o
    0x003b2b67   0x00001000   Zero   RW         2117    .bss                quentelmodemlib.o
    0x003b3b67   0x00000001   PAD
    0x003b3b68   0x00000080   Zero   RW         2156    .bss                mtdcore.o
    0x003b3be8   0x000001d8   Zero   RW         2251    .bss                nand.o
    0x003b3dc0   0x00000920   Zero   RW         2283    .bss                nand_base.o
    0x003b46e0   0x000000b4   Zero   RW         2357    .bss                nand_bbt.o
    0x003b4794   0x0000006c   PAD
    0x003b4800   0x00400000   Zero   RW         2643    .bss                yaffs_malloc.o
    0x007b4800   0x00000020   Zero   RW         2905    .bss                yaffs_tagscompat.o
    0x007b4820   0x00003610   Zero   RW         2991    .bss                yaffsfs.o
    0x007b7e30   0x00000430   Zero   RW         3011    .bss                fmi_nand.o
    0x007b8260   0x000001a4   Zero   RW         3135    .bss                freertos.lib(tasks.o)
    0x007b8404   0x01000000   Zero   RW         3161    .bss                freertos.lib(heap_4.o)
    0x017b8404   0x00000130   Zero   RW         3179    .bss                SmartCardLib_Keil.lib(sclib_api.o)
    0x017b8534   0x0000010f   Zero   RW         3210    .bss                SmartCardLib_Keil.lib(sclib_util.o)
    0x017b8643   0x0000010f   Zero   RW         3211    .bss                SmartCardLib_Keil.lib(sclib_util.o)
    0x017b8752   0x00000002   PAD
    0x017b8754   0x00000004   Zero   RW         3478    .bss                c_5.l(rt_heap_descriptor.o)
    0x017b8758   0x00000004   Zero   RW         3483    .bss                c_5.l(rt_errno_addr.o)
    0x017b875c   0x00000014   Zero   RW         3559    .bss                c_5.l(rt_locale.o)


==============================================================================

Image component sizes


      Code (inc. data)   RO Data    RW Data    ZI Data      Debug   Object Name

      4072         28          0          4       1160       7294   adc.o
      1740        136        336        380    2105344       7727   atcmdparser.o
      2252        360         15         48         56       7249   batterydrv.o
       848        172          0         21          0       1871   buzzerdrv.o
      1044        356          0         16          0       2951   cardreader.o
       248         12       1216          0          0       4837   ccsbcs.o
     12748        160          5         12         15      27184   cjson.o
      8544       3028        597        172          0      12791   dataprocesslib.o
      1976        740          0         20          0       2722   dipdrv.o
       764         48          0          0      12300       2662   diskio.o
     15972       1404        146         76        976      27058   epddrv.o
      1480         44          0          0          0       2419   etimer.o
      1832        800        149         19      12468       4551   fatfslib.o
     22156        544        186          3         12      34427   ff.o
     10560       2548        751         76      67072      21546   fileagent.o
      4104        836        175         24      24632       8538   flashdrvex.o
      4580        236        100          4       1072      22435   fmi_nand.o
      3020         32          0         40        164       9408   gpio.o
      1472        152        330         13          0       3837   guideposit.o
       784        128         94         13          0       2949   guidepositfail.o
       784        128         92         16          0       2949   guidepositok.o
      1336        324         11         44          0       9066   guidrv.o
       768        128         95         13          0       3193   guifiledownload.o
       852        112         87         13          0       3073   guifree.o
       988        304          0        380          0       3562   guimanager.o
       852        112         86         13          0       3053   guioff.o
       912        132         93         13          0       3229   guireaderinit.o
      1508        172         92         19          0       3813   guireplacebp.o
      1444        148        366         20          0       3405   guiselspace.o
      1364        184         90         20          0       3301   guiseltime.o
      2028        516        285         14          0       4450   guistandby.o
       936        164         89         13          0       3201   guitester.o
       972        176         95         13          0       3305   guitesterkeypad.o
        76         16          0         72          0       5685   halinterface.o
     10180       2376        696        554          0      17835   hwtester.o
      3096        188          0         12        976       6052   i2c.o
       516         68          0          0          0       2437   i2c1drv.o
       272         28          0        404          0       3296   interface.o
      2064        364          0         20          0       5727   jsoncmdlib.o
       544        112          0         17          0       2356   keydrv.o
      1236          0          0          0          0       3505   ledcmdlib.o
      3424        972          0         28          0       6601   leddrv.o
       912        280         71          4        255       2440   loglib.o
      4496        920        262        148          0      73882   main.o
      4748        644        569        156       3091      11111   meterdata.o
      1708        588        159         40          0       8921   modemagent.o
       716        128          0          0        128      12628   mtdcore.o
      4320        388        242          8          0      24852   mtdpart.o
       408         48          0         16        472      15483   nand.o
     20452        876        268          0       2336      56109   nand_base.o
     10288        804         97         16        180      31808   nand_bbt.o
         0          0       3049          0          0      17660   nand_ids.o
      4328       1344          0         40          0       9981   nt066edrv.o
      3540       1224         91          8        627       9235   paralib.o
      1608        432         99         72    1049616       3298   pct08cmdlib.o
       484        148          0          4          0       2273   pct08drv.o
      1240        432         15         36          0       3502   photoagent.o
      5228       2144        151         60         40       7974   powerdrv.o
      7044       2012       1016       1306       4096      19747   quentelmodemlib.o
       480        184          0          4          0       2283   rs232commdrv.o
      6632        116          0         88          0      16574   rtc.o
      1544         60          0          8          0      52825   sc.o
       932         88          0          0          0       3265   sddrv.o
      7068        328        152         32        560      16281   sdh.o
       512        184          0          0          0       2562   smartcarddrv.o
      1988        832         13         52          0       3856   spacedrv.o
      1632         28          0          0         16       3505   spi.o
       576         20          0          0          0       1442   spi0drv.o
       540         20          0          0          0       1442   spi1drv.o
      3200        272          0         12          0       6232   sr04tdrv.o
        64          4          0          0          0       1472   standalone.o
       172         60          0          0          0        404   startup_nuc970.o
      2356         60          0        500          0       6811   sys.o
        48          0          0          0          0        312   sys_nuc970.o
      3436        104          0         96        320      61330   sys_timer.o
      1580          8          0          1          0       4900   sys_uart.o
      2352         40          0         12     147456       5932   system_nuc970.o
      6292       1672        186         16       4149       9368   tarifflib.o
      1484        104        292          4         88       3943   timelib.o
       616         88          0         32         12       2550   timerdrv.o
      6956       2088         71         60       1228       9024   ts2000drv.o
     10080        684          0        134        572      30420   uart.o
      1000        148          0          0         16       2676   uart10drv.o
       916        144          0          0         16       2663   uart1drv.o
       852        124          0          0         16       2350   uart2drv.o
       824        144          0          0         16       2639   uart3drv.o
       908        144          0          0         16       2659   uart4drv.o
       828        144          0          0         16       2643   uart7drv.o
       760        124          0          0         16       2342   uart8drv.o
       296        124         29         32          0      26439   user.o
       608        140         40         44          0       6366   userdrv.o
      2948       1020         67          2          0      39576   yaffs2drv.o
      2016        268          0          0          0      19628   yaffs_allocator.o
       656          0          0          0          0      13322   yaffs_attribs.o
       924        160          0          0          0       4402   yaffs_bitmap.o
      3364        608        148          0          0       6102   yaffs_checkptrw.o
      1248         24        256          0          0       3744   yaffs_ecc.o
     32008       3092        592          0          0      69246   yaffs_guts.o
      1476        328        152         32    4194304       4290   yaffs_malloc.o
      1060          0          0          0          0      27405   yaffs_mtdif.o
      1784        344          0          0          0      25591   yaffs_mtdif2.o
      1368          0          0          0          0       3338   yaffs_nameval.o
      1064        268          0          0          0       3618   yaffs_nand.o
      1068         60         91          0          0       3094   yaffs_packedtags2.o
      1584          0          0          0          0       2626   yaffs_qsort.o
      2024        152          0          0          0      16108   yaffs_summary.o
      3436        684          0          8         32       6637   yaffs_tagscompat.o
      5324       1484        407          4          0       7387   yaffs_verify.o
      2744        412         98          0          0      15658   yaffs_yaffs1.o
     11340       1356        753          8          0      29007   yaffs_yaffs2.o
     20168        124          0         28      13840      43932   yaffsfs.o

    ----------------------------------------------------------------------
    373028      49576      15820       5808    7654144    1270675   Object Totals
        24         12         48          0          0          0   (incl. Generated)
         0          0         59         46       4367          0   (incl. Padding)

    ----------------------------------------------------------------------

      Code (inc. data)   RO Data    RW Data    ZI Data      Debug   Library Member Name

      3736        116          0          8        304        456   sclib_api.o
      1336         24          0        128          0        124   sclib_t0protocol.o
      3756         68         64        128          0        592   sclib_t1protocol.o
      4328         92          0        292        542        444   sclib_util.o
        44          4          0          0          0         84   __2sprintf.o
        92          0          0          0          0          0   __dczerorl2.o
         8          0          0          0          0         68   __main.o
       392          6         17          0          0         76   __printf_flags_ss_wp.o
        14          0          0          0          0         60   __printf_wp.o
        60          8          0          0          0          0   __scatter.o
        40          0          0          0          0          0   __scatter_copy.o
        44          0          0          0          0          0   __scatter_zi.o
        30          0          0          0          0         60   _chval.o
         0          0         12          0          0          0   _monlen.o
         8          0          0          0          0          0   _printf_c.o
        54          0          0          0          0        100   _printf_char.o
        48          6          0          0          0         88   _printf_char_common.o
         8          0          0          0          0          0   _printf_d.o
       116         18          0          0          0         76   _printf_dec.o
         8          0          0          0          0          0   _printf_e.o
         8          0          0          0          0          0   _printf_f.o
      1044         14          0          0          0        176   _printf_fp_dec.o
       136         16          0          0          0         76   _printf_fp_infnan.o
        96          4         40          0          0         72   _printf_hex_int.o
       176          0          0          0          0         84   _printf_intcommon.o
        78          0          0          0          0        100   _printf_pad.o
         0          0          0          0          0          0   _printf_percent.o
         8          0          0          0          0          0   _printf_percent_end.o
         8          0          0          0          0          0   _printf_s.o
        82          0          0          0          0         72   _printf_str.o
         8          0          0          0          0          0   _printf_u.o
         8          0          0          0          0          0   _printf_x.o
        30          0          0          0          0         92   _rserrno.o
        68          0          0          0          0         76   _sgetc.o
        10          0          0          0          0         60   _sputc.o
        16          0          0          0          0         68   aeabi_memset.o
       416          0          0          0          0        144   aeabi_sdiv.o
       212          6        148          0          0         80   bigflt0.o
      2200        132          0          0          0        940   btod.o
        12          0          0          0          0         64   exit.o
        76          0          0          0          0         72   h1_free.o
        18          0          0          0          0         68   isspace.o
        72          8        272          0          0         76   lc_ctype_c.o
        72          8         28          0          0         76   lc_numeric_c.o
         2          0          0          0          0          0   libinit.o
        30          0          0          0          0          0   libinit2.o
         2          0          0          0          0          0   libshutdown.o
         2          0          0          0          0          0   libshutdown2.o
        24          0          0          0          0         76   llmul.o
        80          0          0          0          0         76   llsdiv.o
        40          0          0          0          0         68   llshl.o
        40          0          0          0          0         68   llsshr.o
       152          0          0          0          0         80   lludiv10.o
       752         64          0          0          0         84   lludiv5.o
        40          0          0          0          0         68   llushr.o
       116          0          0          0          0         68   memcmp.o
       432         14          0          0          0        112   mktime.o
       648          0          0          0          0        120   qsortnoex.o
        20          4          0          0          0         76   rt_ctype_table.o
        12          4          0          0          4         68   rt_errno_addr.o
        12          4          0          0          4         68   rt_heap_descriptor.o
        12          4          0          0         20         68   rt_locale.o
        64          0          0          0          0         68   rt_memclr.o
        84          0          0          0          0         80   rt_memclr_w.o
       212          0          0          0          0         68   rt_memcpy.o
       100          0          0          0          0         80   rt_memcpy_w.o
         0          0          0          0          0          0   rtentry.o
        44          4          0          0          0          0   rtentry2.o
         8          0          0          0          0          0   rtentry4.o
         4          0          0          0          0          0   rtexit.o
        12          0          0          0          0          0   rtexit2.o
        44          0          0          0          0         68   rtudiv10.o
      1240         26          0          0          0        124   scanf_fp.o
       816         14          0          0          0         84   scanf_hexfp.o
       328         18          0          0          0         84   scanf_infnan.o
        24          0          0          0          0         60   strcat.o
        22          0          0          0          0         60   strchr.o
       160          4          0          0          0         80   strcmp.o
        76          4          0          0          0         72   strcpy.o
        68          6          0          0          0         72   strlen.o
       148          4          0          0          0         76   strncmp.o
       108          4          0          0          0         76   strncpy.o
       168         16          0          0          0        120   strtod.o
        26          0          0          0          0         68   tolower.o
        32          0          0          0          0         68   uread4.o
        32          0          0          0          0         68   uwrite4.o
       888         24          0         24   16777216       3080   heap_4.o
       276          0          0          0          0       1734   list.o
      1232        428        484          0          0      14041   osmisc.o
       380         24          0          4          0       1663   port.o
       336         12          0          0          0        284   portasm.o
      2812          0          0          0          0      11741   queue.o
      7704        112          0         60        420      20984   tasks.o
       108          4          0          0          0         92   d2f.o
       876         16          0          0          0        352   daddsub_clz.o
        16          4          0          0          0         68   dcheck1.o
        28          0          0          0          0         68   dcmpi.o
       720        140          0          0          0        208   ddiv.o
       148          4          0          0          0         92   deqf.o
       112          4          0          0          0         92   dfix.o
        96          0          0          0          0        136   dflt_clz.o
       148          4          0          0          0         92   dleqf.o
       376         16          0          0          0        104   dmul.o
       184          0          0          0          0         92   dnaninf.o
        16          0          0          0          0         68   dretinf.o
       140          0          0          0          0         80   drleqf.o
       100          4          0          0          0         84   f2d.o
        84          4          0          0          0         84   ffixu.o
        40          0          0          0          0         68   fflt_clz.o
       256          4          0          0          0         84   fmul.o
       160          0          0          0          0         84   fnaninf.o
         0          0          8          0          0          0   fpconst.o
        16          0          0          0          0         68   fretinf.o
         8          0          0          0          0         68   istatus.o
         4          0          0          0          0         68   printf1.o
       116          0          0          0          0         68   retnan.o
       104          0          0          0          0         68   scalbn.o
         4          0          0          0          0         68   scanf1.o
         8          0          0          0          0         84   scanf2.o
        60          0          0          0          0         68   trapv.o
         0          0          0          0          0          0   usenofp.o
        20          4          0          0          0         68   dunder.o
       304         20          0          0          0         84   floor.o
        48          4          0          0          0         68   fpclassify.o
       116          8          0          0          0         76   frexp.o
       232          8          0          0          0        156   ldexp.o
       232         12          0          0          0        160   narrow.o
        48          0          0          0          0         80   strtod.o

    ----------------------------------------------------------------------
     43784       1584       1076        644   16778512      63927   Library Totals
        16          0          3          0          2          0   (incl. Padding)

    ----------------------------------------------------------------------

      Code (inc. data)   RO Data    RW Data    ZI Data      Debug   Library Name

     13156        300         64        556        846       1616   SmartCardLib_Keil.lib
     12056        424        517          0         28       5584   c_5.l
     13628        600        484         88   16777636      53527   freertos.lib
      3928        204          8          0          0       2508   fz_5s.l
      1000         56          0          0          0        692   m_5s.l

    ----------------------------------------------------------------------
     43784       1584       1076        644   16778512      63927   Library Totals

    ----------------------------------------------------------------------

==============================================================================


      Code (inc. data)   RO Data    RW Data    ZI Data      Debug   

    416812      51160      16896       6452   24432656    1318114   Grand Totals
    416812      51160      16896       2300   24432656    1318114   ELF Image Totals (compressed)
    416812      51160      16896       2300          0          0   ROM Totals

==============================================================================

    Total RO  Size (Code + RO Data)               433708 ( 423.54kB)
    Total RW  Size (RW Data + ZI Data)          24439108 (23866.32kB)
    Total ROM Size (Code + RO Data + RW Data)     436008 ( 425.79kB)

==============================================================================

