ARM Linker, 5.03 [Build 76] [MDK-ARM Professional]

==============================================================================

Section Cross References

    main.o(.text) refers to _printf_pad.o(.text) for _printf_pre_padding
    main.o(.text) refers to _printf_percent.o(.ARM.Collect$$_printf_percent$$00000000) for _printf_percent
    main.o(.text) refers to _printf_x.o(.ARM.Collect$$_printf_percent$$0000000C) for _printf_x
    main.o(.text) refers to _printf_hex_int.o(.text) for _printf_longlong_hex
    main.o(.text) refers to sys_uart.o(.text) for sysprintf
    main.o(.text) refers to main.o(.constdata) for .constdata
    main.o(.text) refers to epddrv.o(.text) for setdataCode
    main.o(.text) refers to sys.o(.text) for sysGetClock
    main.o(.text) refers to batterydrv.o(.text) for BatteryGetValue
    main.o(.text) refers to quentelmodemlib.o(.text) for QModemFtpStageIndex
    main.o(.text) refers to flashdrvex.o(.text) for FlashDrvExGetErrorTimes
    main.o(.text) refers to fileagent.o(.text) for FileAgentGetFatFsAutoFormatCounter
    main.o(.text) refers to paralib.o(.text) for GetMeterPara
    main.o(.text) refers to tarifflib.o(.text) for TariffGetCurrentTariffType
    main.o(.text) refers to osmisc.o(.text) for _showFreeHeapSize
    main.o(.text) refers to timelib.o(.text) for PrintRTC
    main.o(.text) refers to meterdata.o(.text) for MeterUpdateLedHeartbeat
    main.o(.text) refers to leddrv.o(.text) for LedSetStatus
    main.o(.text) refers to atcmdparser.o(.text) for ATCmdSetReceiveDebugFlag
    main.o(.text) refers to photoagent.o(.text) for PhotoAgentStartTakePhoto
    main.o(.text) refers to powerdrv.o(.text) for PowerDrvSetEnable
    main.o(.text) refers to rtc.o(.text) for RTC_EnableClock
    main.o(.text) refers to main.o(.data) for mInitFunctionList
    main.o(.text) refers to loglib.o(.text) for LoglibPrintf
    main.o(.text) refers to dataprocesslib.o(.text) for DataProcessSendStatusData
    main.o(.text) refers to __2sprintf.o(.text) for __2sprintf
    main.o(.text) refers to modemagent.o(.text) for ModemAgentStartSend
    main.o(.text) refers to buzzerdrv.o(.text) for BuzzerPlay
    main.o(.text) refers to tasks.o(.text) for vTaskDelay
    main.o(.text) refers to gpio.o(.text) for GPIO_OpenBit
    main.o(.text) refers to fwremoteota.o(.text) for FWremoteOTAFunc
    main.o(.text) refers to hwtester.o(.text) for MTPTesterInit
    main.o(.text) refers to burnintester.o(.text) for CalibRTCviaNTP
    main.o(.text) refers to system_nuc970.o(.text) for sysDisableCache
    main.o(.text) refers to adc.o(.text) for adcOpen
    main.o(.data) refers to main.o(.conststring) for .conststring
    main.o(.data) refers to userdrv.o(.text) for UserDrvInit
    main.o(.data) refers to epddrv.o(.text) for EpdDrvInit
    main.o(.data) refers to fatfslib.o(.text) for FatfsInit
    main.o(.data) refers to guidrv.o(.text) for GUIDrvInit
    main.o(.data) refers to cardreader.o(.text) for CardReaderInit
    main.o(.data) refers to spacedrv.o(.text) for SpaceDrvInit
    main.o(.data) refers to powerdrv.o(.text) for PowerDrvInit
    main.o(.data) refers to modemagent.o(.text) for ModemAgentInit
    main.o(.data) refers to pct08drv.o(.text) for PCT08DrvInit
    main.o(.data) refers to photoagent.o(.text) for PhotoAgentInit
    main.o(.data) refers to user.o(.text) for UserInit
    sys.o(.text) refers to sys_uart.o(.text) for sysprintf
    sys.o(.text) refers to sys.o(.data) for sysIrqHandlerTable
    sys.o(.text) refers to aeabi_sdiv.o(.text_udiv) for __aeabi_uidivmod
    sys.o(.data) refers to sys.o(.text) for SYS_Interrupt_Shell
    sys_timer.o(.text) refers to sys.o(.text) for sysInstallISR
    sys_timer.o(.text) refers to aeabi_sdiv.o(.text_udiv) for __aeabi_uidivmod
    sys_timer.o(.text) refers to sys_timer.o(.data) for _sys_uTimer0Count
    sys_timer.o(.text) refers to sys_timer.o(.bss) for tTime0Event
    sys_uart.o(.text) refers to aeabi_sdiv.o(.text_udiv) for __aeabi_uidivmod
    sys_uart.o(.text) refers to strlen.o(.text) for strlen
    sys_uart.o(.text) refers to sys_uart.o(.data) for justTerminalPrintfFlag
    system_nuc970.o(.text) refers to sys_nuc970.o(SYS_INIT) for sysSetupCP15
    system_nuc970.o(.text) refers to system_nuc970.o(.data) for _sys_IsCacheOn
    system_nuc970.o(.text) refers to system_nuc970.o(.bss) for _mmuCoarsePageTable_NonCache
    startup_nuc970.o(NUC_INIT) refers to portasm.o(PORT_ASM) for vPortYieldProcessor
    startup_nuc970.o(NUC_INIT) refers to __main.o(!!!main) for __main
    uart.o(.text) refers to queue.o(.text) for xQueueGiveFromISR
    uart.o(.text) refers to tasks.o(.text) for vTaskSwitchContext
    uart.o(.text) refers to uart.o(.data) for UARTRXBUFSIZE
    uart.o(.text) refers to uart.o(.bss) for UART_DEV
    uart.o(.text) refers to aeabi_sdiv.o(.text_udiv) for __aeabi_uidivmod
    uart.o(.text) refers to sys.o(.text) for sysInstallISR
    uart.o(.text) refers to heap_4.o(.text) for pvPortMalloc
[...]
    ohci_driver                              0x000add90   Data          44  ohci.o(.data)
    _hcca                                    0x000addbc   Data           4  ohci.o(.data)
    _USB_pCurrent                            0x000addc4   Data           4  support.o(.data)
    _AllocatedMemorySize                     0x000addcc   Data           4  support.o(.data)
    _ohci                                    0x000adddc   Data           4  usb_core.o(.data)
    _ehci                                    0x000adde0   Data           4  usb_core.o(.data)
    f_encrypt                                0x000ade48   Data           4  csrw.o(.data)
    OTPData                                  0x000ade4c   Data           4  csrw.o(.data)
    g_AckExpired                             0x000ade50   Data           1  csrw.o(.data)
    g_RespExpired                            0x000ade51   Data           1  csrw.o(.data)
    ka                                       0x000ade6a   Data           8  csrw.o(.data)
    kb                                       0x000ade72   Data           8  csrw.o(.data)
    g_pmsg                                   0x000ade7c   Data           4  csrw.o(.data)
    msgkey                                   0x000ade80   Data           8  csrw.o(.data)
    initRecvCmd                              0x000ade88   Data           5  csrw.o(.data)
    initTranRsp                              0x000ade8d   Data           6  csrw.o(.data)
    contTranRsp                              0x000ade93   Data           8  csrw.o(.data)
    OTPDataLen                               0x000ade9c   Data           4  csrw.o(.data)
    OTPDataIndex                             0x000adea0   Data           4  csrw.o(.data)
    g_gettime                                0x000adea4   Data           4  csrw.o(.data)
    g_lastgettime                            0x000adea8   Data           4  csrw.o(.data)
    g_timeelapse                             0x000adeac   Data           4  csrw.o(.data)
    g_len                                    0x000adefc   Data           4  rwl.o(.data)
    pxCurrentTCB                             0x000adf00   Data           4  tasks.o(.data)
    vccDelay                                 0x000adf54   Data           8  sclib_api.o(.data)
    ulCriticalNesting                        0x000adf5c   Data           4  port.o(.data)
    atr_len                                  0x000adf60   Data           4  sclib_util.o(.data)
    atr_remain                               0x000adf64   Data           4  sclib_util.o(.data)
    ifbyte_flag                              0x000adf68   Data           4  sclib_util.o(.data)
    tck                                      0x000adf6c   Data           4  sclib_util.o(.data)
    ifcount                                  0x000adf70   Data           4  sclib_util.o(.data)
    atr_time                                 0x000adf74   Data           4  sclib_util.o(.data)
    atr_check_time                           0x000adf78   Data           4  sclib_util.o(.data)
    atr_total_time_start_flag                0x000adf7c   Data           4  sclib_util.o(.data)
    atr_final_chk                            0x000adf80   Data           4  sclib_util.o(.data)
    tTime0Event                              0x000ae188   Data         160  sys_timer.o(.bss)
    tTime1Event                              0x000ae228   Data         160  sys_timer.o(.bss)
    _mmuSectionTable                         0x000b0000   Data       16384  system_nuc970.o(.bss)
    _sd_ucSDHCBuffer                         0x000d5000   Data         512  sdh.o(.bss)
    SD0                                      0x000d5200   Data          24  sdh.o(.bss)
    SD1                                      0x000d5218   Data          24  sdh.o(.bss)
    filephoto                                0x000d66f8   Data        4132  hwtester.o(.bss)
    _ig                                      0x000ef720   Data          12  uvcdrv.o(.bss)
    _igTemp                                  0x000ef72c   Data          12  uvcdrv.o(.bss)
    image_buff_pool                          0x000ef740   Data       2457600  uvcdrv.o(.bss)
    image_buff_pool_Temp                     0x00347740   Data       2457600  uvcdrv.o(.bss)
    CryptoInputCipher_Pool                   0x0059fb00   Data          64  mtpprocedure.o(.bss)
    CryptoOutputCipher_Pool                  0x0059fb40   Data          64  mtpprocedure.o(.bss)
    _FatfsVolSFlash                          0x005a0060   Data        4152  flashdrvex.o(.bss)
    serialFlashBuff                          0x005a1098   Data       20480  flashdrvex.o(.bss)
    readBuff                                 0x008c25c7   Data       131072  quentelmodemlib.o(.bss)
    mtd_table                                0x008e262c   Data         128  mtdcore.o(.bss)
    nand_info                                0x008e26b0   Data         176  nand.o(.bss)
    _YAFFSMemoryPool                         0x008e3400   Data       4194304  yaffs_malloc.o(.bss)
    g_nuc970_nand                            0x00ce6a30   Data         488  fmi_nand.o(.bss)
    _PFList_mem                              0x00ce8000   Data        4096  ehci.o(.bss)
    _Iqh                                     0x00ce9000   Data          44  ehci.o(.bss)
    _mem_pool_buff                           0x00ce9400   Data       32768  mem_alloc.o(.bss)
    _dev_addr_pool                           0x00cf1900   Data         128  mem_alloc.o(.bss)
    _hcca_mem                                0x00cf1a00   Data         256  ohci.o(.bss)
    _Ied                                     0x00cf1b00   Data          24  ohci.o(.bss)
    _USBMemoryPool                           0x00cf1b80   Data       32768  support.o(.bss)
    g_uvc_buff_pool                          0x00cf9ba0   Data       98304  uvc_driver.o(.bss)
    g_msg                                    0x00d11ba0   Data        5000  csrw.o(.bss)
    szOutMsg                                 0x00d12f28   Data        5000  csrw.o(.bss)
    contRecvCmd                              0x00d142b0   Data          10  csrw.o(.bss)
    initRecvRsp                              0x00d142ba   Data          40  csrw.o(.bss)
    contRecvRsp                              0x00d142e2   Data        4008  csrw.o(.bss)
    initTranCmd                              0x00d1528a   Data          45  csrw.o(.bss)
    contTranCmd                              0x00d152b7   Data        4010  csrw.o(.bss)
    g_inbuff                                 0x00d162a1   Data        5000  rwl.o(.bss)
    theRWL                                   0x00d17629   Data         429  rwl.o(.bss)
    _scDev                                   0x01d1797c   Data         304  sclib_api.o(.bss)
    g_RxBUF                                  0x01d17aac   Data         271  sclib_util.o(.bss)
    g_TxBUF                                  0x01d17bbb   Data         271  sclib_util.o(.bss)
    _random_number_data                      0x01d17ccc   Data         228  rand.o(.bss)
    Image$$RW_RAM1$$ZI$$Limit                0x01d17dcc   Number         0  rt_locale.o(.bss)



==============================================================================

Memory Map of the image

  Image Entry point : 0x00000000

  Load Region LR_IROM1 (Base: 0x00000000, Size: 0x000ae188, Max: 0x04000000, ABSOLUTE, COMPRESSED[0x000ac348])

    Execution Region ER_IROM1 (Base: 0x00000000, Size: 0x000ab3b8, Max: 0x04000000, ABSOLUTE)

    Base Addr    Size         Type   Attr      Idx    E Section Name        Object

    0x00000000   0x000000ac   Code   RO          305  * NUC_INIT            startup_nuc970.o
    0x000000ac   0x00000008   Code   RO         4557  * !!!main             c_5.l(__main.o)
    0x000000b4   0x0000003c   Code   RO         4989    !!!scatter          c_5.l(__scatter.o)
    0x000000f0   0x0000005c   Code   RO         4987    !!dczerorl2         c_5.l(__dczerorl2.o)
    0x0000014c   0x00000028   Code   RO         4991    !!handler_copy      c_5.l(__scatter_copy.o)
    0x00000174   0x0000002c   Code   RO         4993    !!handler_zi        c_5.l(__scatter_zi.o)
    0x000001a0   0x00000000   Code   RO         4481    .ARM.Collect$$_printf_percent$$00000000  c_5.l(_printf_percent.o)
    0x000001a0   0x00000008   Code   RO         4479    .ARM.Collect$$_printf_percent$$00000003  c_5.l(_printf_f.o)
    0x000001a8   0x00000008   Code   RO         4480    .ARM.Collect$$_printf_percent$$00000004  c_5.l(_printf_e.o)
    0x000001b0   0x00000008   Code   RO         4477    .ARM.Collect$$_printf_percent$$00000009  c_5.l(_printf_d.o)
    0x000001b8   0x00000008   Code   RO         4478    .ARM.Collect$$_printf_percent$$0000000A  c_5.l(_printf_u.o)
    0x000001c0   0x00000008   Code   RO         4476    .ARM.Collect$$_printf_percent$$0000000C  c_5.l(_printf_x.o)
    0x000001c8   0x00000008   Code   RO         4474    .ARM.Collect$$_printf_percent$$00000013  c_5.l(_printf_c.o)
    0x000001d0   0x00000008   Code   RO         4475    .ARM.Collect$$_printf_percent$$00000014  c_5.l(_printf_s.o)
    0x000001d8   0x00000008   Code   RO         4685    .ARM.Collect$$_printf_percent$$00000017  c_5.l(_printf_percent_end.o)
    0x000001e0   0x00000002   Code   RO         4890    .ARM.Collect$$libinit$$00000000  c_5.l(libinit.o)
    0x000001e2   0x00000000   Code   RO         4696    .ARM.Collect$$libinit$$00000002  c_5.l(libinit2.o)
    0x000001e2   0x00000008   Code   RO         4697    .ARM.Collect$$libinit$$00000003  c_5.l(libinit2.o)
    0x000001ea   0x00000000   Code   RO         4699    .ARM.Collect$$libinit$$00000008  c_5.l(libinit2.o)
    0x000001ea   0x00000000   Code   RO         4701    .ARM.Collect$$libinit$$0000000A  c_5.l(libinit2.o)
    0x000001ea   0x00000004   Code   RO         4702    .ARM.Collect$$libinit$$0000000B  c_5.l(libinit2.o)
    0x000001ee   0x00000000   Code   RO         4703    .ARM.Collect$$libinit$$0000000C  c_5.l(libinit2.o)
    0x000001ee   0x00000006   Code   RO         4704    .ARM.Collect$$libinit$$0000000D  c_5.l(libinit2.o)
    0x000001f4   0x00000000   Code   RO         4706    .ARM.Collect$$libinit$$0000000F  c_5.l(libinit2.o)
    0x000001f4   0x0000000c   Code   RO         4707    .ARM.Collect$$libinit$$00000010  c_5.l(libinit2.o)
    0x00000200   0x00000000   Code   RO         4708    .ARM.Collect$$libinit$$00000011  c_5.l(libinit2.o)
    0x00000200   0x00000000   Code   RO         4710    .ARM.Collect$$libinit$$00000013  c_5.l(libinit2.o)
    0x00000200   0x0000000a   Code   RO         4711    .ARM.Collect$$libinit$$00000014  c_5.l(libinit2.o)
    0x0000020a   0x00000000   Code   RO         4712    .ARM.Collect$$libinit$$00000015  c_5.l(libinit2.o)
    0x0000020a   0x00000000   Code   RO         4714    .ARM.Collect$$libinit$$00000017  c_5.l(libinit2.o)
    0x0000020a   0x00000000   Code   RO         4716    .ARM.Collect$$libinit$$00000019  c_5.l(libinit2.o)
    0x0000020a   0x00000000   Code   RO         4718    .ARM.Collect$$libinit$$0000001B  c_5.l(libinit2.o)
    0x0000020a   0x00000000   Code   RO         4720    .ARM.Collect$$libinit$$0000001D  c_5.l(libinit2.o)
    0x0000020a   0x00000000   Code   RO         4722    .ARM.Collect$$libinit$$0000001F  c_5.l(libinit2.o)
    0x0000020a   0x00000000   Code   RO         4724    .ARM.Collect$$libinit$$00000021  c_5.l(libinit2.o)
    0x0000020a   0x00000000   Code   RO         4726    .ARM.Collect$$libinit$$00000023  c_5.l(libinit2.o)
    0x0000020a   0x00000000   Code   RO         4730    .ARM.Collect$$libinit$$0000002A  c_5.l(libinit2.o)
    0x0000020a   0x00000000   Code   RO         4732    .ARM.Collect$$libinit$$0000002C  c_5.l(libinit2.o)
    0x0000020a   0x00000000   Code   RO         4734    .ARM.Collect$$libinit$$0000002E  c_5.l(libinit2.o)
    0x0000020a   0x00000000   Code   RO         4736    .ARM.Collect$$libinit$$00000030  c_5.l(libinit2.o)
    0x0000020a   0x00000002   Code   RO         4737    .ARM.Collect$$libinit$$00000031  c_5.l(libinit2.o)
    0x0000020c   0x00000002   Code   RO         4972    .ARM.Collect$$libshutdown$$00000000  c_5.l(libshutdown.o)
    0x0000020e   0x00000000   Code   RO         4909    .ARM.Collect$$libshutdown$$00000003  c_5.l(libshutdown2.o)
    0x0000020e   0x00000000   Code   RO         4912    .ARM.Collect$$libshutdown$$00000006  c_5.l(libshutdown2.o)
    0x0000020e   0x00000000   Code   RO         4915    .ARM.Collect$$libshutdown$$00000009  c_5.l(libshutdown2.o)
    0x0000020e   0x00000000   Code   RO         4917    .ARM.Collect$$libshutdown$$0000000B  c_5.l(libshutdown2.o)
    0x0000020e   0x00000000   Code   RO         4920    .ARM.Collect$$libshutdown$$0000000E  c_5.l(libshutdown2.o)
    0x0000020e   0x00000002   Code   RO         4921    .ARM.Collect$$libshutdown$$0000000F  c_5.l(libshutdown2.o)
    0x00000210   0x00000000   Code   RO         4632    .ARM.Collect$$rtentry$$00000000  c_5.l(rtentry.o)
    0x00000210   0x00000000   Code   RO         4772    .ARM.Collect$$rtentry$$00000002  c_5.l(rtentry2.o)
    0x00000210   0x00000008   Code   RO         4784    .ARM.Collect$$rtentry$$00000004  c_5.l(rtentry4.o)
    0x00000218   0x00000000   Code   RO         4774    .ARM.Collect$$rtentry$$00000009  c_5.l(rtentry2.o)
    0x00000218   0x00000004   Code   RO         4775    .ARM.Collect$$rtentry$$0000000A  c_5.l(rtentry2.o)
    0x0000021c   0x00000000   Code   RO         4777    .ARM.Collect$$rtentry$$0000000C  c_5.l(rtentry2.o)
    0x0000021c   0x00000028   Code   RO         4778    .ARM.Collect$$rtentry$$0000000D  c_5.l(rtentry2.o)
    0x00000244   0x00000004   Code   RO         4893    .ARM.Collect$$rtexit$$00000000  c_5.l(rtexit.o)
    0x00000248   0x00000000   Code   RO         4940    .ARM.Collect$$rtexit$$00000002  c_5.l(rtexit2.o)
    0x00000248   0x00000004   Code   RO         4941    .ARM.Collect$$rtexit$$00000003  c_5.l(rtexit2.o)
    0x0000024c   0x00000008   Code   RO         4942    .ARM.Collect$$rtexit$$00000004  c_5.l(rtexit2.o)
    0x00000254   0x00000008   Code   RO         4167    .emb_text           freertos.lib(osmisc.o)
    0x0000025c   0x00000038   Code   RO         4490    .emb_text           c_5.l(rand.o)
    0x00000294   0x00000000   Code   RO         4795    .emb_text           c_5.l(maybetermalloc1.o)
    0x00000294   0x0000151c   Code   RO            1    .text               main.o
    0x000017b0   0x00000934   Code   RO          231    .text               sys.o
    0x000020e4   0x00000d6c   Code   RO          246    .text               sys_timer.o
    0x00002e50   0x0000062c   Code   RO          272    .text               sys_uart.o
    0x0000347c   0x00000930   Code   RO          289    .text               system_nuc970.o
    0x00003dac   0x000026dc   Code   RO          312    .text               uart.o
    0x00006488   0x00000040   Code   RO          342    .text               standalone.o
    0x000064c8   0x00000bcc   Code   RO          353    .text               gpio.o
    0x00007094   0x000019e8   Code   RO          368    .text               rtc.o
    0x00008a7c   0x00000660   Code   RO          386    .text               spi.o
    0x000090dc   0x00000c18   Code   RO          403    .text               i2c.o
    0x00009cf4   0x00001b9c   Code   RO          424    .text               sdh.o
    0x0000b890   0x00000fe8   Code   RO          461    .text               adc.o
    0x0000c878   0x000005c8   Code   RO          477    .text               etimer.o
    0x0000ce40   0x00000608   Code   RO          489    .text               sc.o
    0x0000d448   0x0000033c   Code   RO          509    .text               mtp.o
    0x0000d784   0x000003b4   Code   RO          524    .text               crypto.o
    0x0000db38   0x00000128   Code   RO          541    .text               user.o
    0x0000dc60   0x00000900   Code   RO          604    .text               guimanager.o
    0x0000e560   0x00001290   Code   RO          688    .text               meterdata.o
    0x0000f7f0   0x00000dd4   Code   RO          759    .text               paralib.o
    0x000105c4   0x00013a14   Code   RO          784    .text               hwtester.o
    0x00023fd8   0x000008e4   Code   RO          841    .text               guihardwaretest.o
    0x000248bc   0x00000fc0   Code   RO          858    .text               guisingletest.o
    0x0002587c   0x00000790   Code   RO          875    .text               guitool.o
    0x0002600c   0x000007d4   Code   RO          909    .text               guisettingid.o
    0x000267e0   0x00000580   Code   RO          927    .text               guishowcardid.o
    0x00026d60   0x00000914   Code   RO          945    .text               guiradar.o
    0x00027674   0x00000918   Code   RO          962    .text               guiusbcam.o
    0x00027f8c   0x000008b0   Code   RO          979    .text               guilidar.o
    0x0002883c   0x0000025c   Code   RO          996    .text               guinull.o
    0x00028a98   0x000006fc   Code   RO         1016    .text               guicalibration.o
    0x00029194   0x00000410   Code   RO         1034    .text               guiversion.o
    0x000295a4   0x0000099c   Code   RO         1051    .text               guiblank.o
    0x00029f40   0x00000c98   Code   RO         1072    .text               guiepdflashtool.o
    0x0002abd8   0x0000071c   Code   RO         1090    .text               guiradarotatool.o
    0x0002b2f4   0x00000cd4   Code   RO         1108    .text               guiburnintester.o
    0x0002bfc8   0x00001158   Code   RO         1134    .text               guirtctool.o
    0x0002d120   0x00000e98   Code   RO         1152    .text               guiradartool.o
    0x0002dfb8   0x00000070   Code   RO         1186    .text               halinterface.o
    0x0002e028   0x00000538   Code   RO         1218    .text               guidrv.o
    0x0002e560   0x00000220   Code   RO         1239    .text               keydrv.o
    0x0002e780   0x0000146c   Code   RO         1253    .text               powerdrv.o
    0x0002fbec   0x00000268   Code   RO         1286    .text               timerdrv.o
    0x0002fe54   0x000008b0   Code   RO         1301    .text               cardreader.o
    0x00030704   0x0000694c   Code   RO         1331    .text               epddrv.o
    0x00037050   0x000007c4   Code   RO         1354    .text               spacedrv.o
    0x00037814   0x00000674   Code   RO         1372    .text               timelib.o
    0x00037e88   0x000001e8   Code   RO         1410    .text               pct08drv.o
    0x00038070   0x0000071c   Code   RO         1424    .text               fatfslib.o
    0x0003878c   0x00000718   Code   RO         1444    .text               photoagent.o
    0x00038ea4   0x00000810   Code   RO         1472    .text               jsoncmdlib.o
    0x000396b4   0x00001640   Code   RO         1508    .text               modemagent.o
    0x0003acf4   0x00001894   Code   RO         1572    .text               tarifflib.o
    0x0003c588   0x00000b84   Code   RO         1591    .text               yaffs2drv.o
    0x0003d10c   0x0000216c   Code   RO         1697    .text               dataprocesslib.o
    0x0003f278   0x000003b0   Code   RO         1719    .text               loglib.o
    0x0003f628   0x000006f8   Code   RO         1735    .text               ledcmdlib.o
    0x0003fd20   0x00001b00   Code   RO         1750    .text               leddrv.o
    0x00041820   0x00002e50   Code   RO         1769    .text               fileagent.o
    0x00044670   0x00001200   Code   RO         1814    .text               sflashrecord.o
    0x00045870   0x00000ca8   Code   RO         1830    .text               spaceexdrv.o
    0x00046518   0x00000ce8   Code   RO         1852    .text               uvcdrv.o
    0x00047200   0x00000eb4   Code   RO         1894    .text               creditreaderdrv.o
    0x000480b4   0x000014b4   Code   RO         1912    .text               mtpprocedure.o
    0x00049568   0x00000260   Code   RO         1937    .text               userdrv.o
    0x000497c8   0x000003e8   Code   RO         1979    .text               uart0drv.o
    0x00049bb0   0x00000400   Code   RO         1996    .text               uart1drv.o
    0x00049fb0   0x00000774   Code   RO         2013    .text               uart2drv.o
    0x0004a724   0x00000440   Code   RO         2031    .text               uart3drv.o
    0x0004ab64   0x0000038c   Code   RO         2049    .text               uart4drv.o
    0x0004aef0   0x00000444   Code   RO         2066    .text               uart7drv.o
    0x0004b334   0x000002f8   Code   RO         2084    .text               uart8drv.o
    0x0004b62c   0x00000630   Code   RO         2101    .text               uart10drv.o
    0x0004bc5c   0x00000240   Code   RO         2115    .text               spi0drv.o
    0x0004be9c   0x0000021c   Code   RO         2130    .text               spi1drv.o
    0x0004c0b8   0x00000278   Code   RO         2145    .text               i2c1drv.o
    0x0004c330   0x00000350   Code   RO         2160    .text               buzzerdrv.o
    0x0004c680   0x00000f1c   Code   RO         2177    .text               batterydrv.o
    0x0004d59c   0x00000710   Code   RO         2196    .text               dipdrv.o
    0x0004dcac   0x000001e0   Code   RO         2210    .text               rs232commdrv.o
    0x0004de8c   0x000001e0   Code   RO         2227    .text               mtp232commdrv.o
    0x0004e06c   0x00001190   Code   RO         2250    .text               flashdrvex.o
    0x0004f1fc   0x000003a4   Code   RO         2273    .text               sddrv.o
    0x0004f5a0   0x00000ca0   Code   RO         2293    .text               sr04tdrv.o
    0x00050240   0x00001200   Code   RO         2313    .text               nt066edrv.o
    0x00051440   0x0000048c   Code   RO         2333    .text               smartcarddrv.o
    0x000518cc   0x00000138   Code   RO         2356    .text               interface.o
    0x00051a04   0x00003854   Code   RO         2427    .text               radardrv.o
    0x00055258   0x00001280   Code   RO         2447    .text               lidardrv.o
    0x000564d8   0x000020e8   Code   RO         2463    .text               burnintester.o
    0x000585c0   0x0000082c   Code   RO         2486    .text               fwremoteota.o
    0x00058dec   0x000017ac   Code   RO         2509    .text               rb60pota.o
    0x0005a598   0x000000f8   Code   RO         2526    .text               ccsbcs.o
    0x0005a690   0x000002fc   Code   RO         2546    .text               diskio.o
    0x0005a98c   0x00005cf0   Code   RO         2563    .text               ff.o
    0x0006067c   0x000031cc   Code   RO         2591    .text               cjson.o
    0x00063848   0x000009d0   Code   RO         2644    .text               atcmdparser.o
    0x00064218   0x00003ae8   Code   RO         2664    .text               quentelmodemlib.o
    0x00067d00   0x000002cc   Code   RO         2712    .text               mtdcore.o
    0x00067fcc   0x000010e0   Code   RO         2757    .text               mtdpart.o
    0x000690ac   0x00000198   Code   RO         2807    .text               nand.o
    0x00069244   0x00004fe4   Code   RO         2839    .text               nand_base.o
    0x0006e228   0x00002830   Code   RO         2913    .text               nand_bbt.o
    0x00070a58   0x000007e0   Code   RO         3003    .text               yaffs_allocator.o
    0x00071238   0x00000290   Code   RO         3053    .text               yaffs_attribs.o
    0x000714c8   0x0000039c   Code   RO         3074    .text               yaffs_bitmap.o
    0x00071864   0x00000d24   Code   RO         3092    .text               yaffs_checkptrw.o
    0x00072588   0x000004e0   Code   RO         3111    .text               yaffs_ecc.o
    0x00072a68   0x00007d08   Code   RO         3143    .text               yaffs_guts.o
    0x0007a770   0x000005c4   Code   RO         3199    .text               yaffs_malloc.o
    0x0007ad34   0x00000424   Code   RO         3216    .text               yaffs_mtdif.o
    0x0007b158   0x000006f8   Code   RO         3303    .text               yaffs_mtdif2.o
    0x0007b850   0x00000558   Code   RO         3371    .text               yaffs_nameval.o
    0x0007bda8   0x00000428   Code   RO         3383    .text               yaffs_nand.o
    0x0007c1d0   0x0000042c   Code   RO         3415    .text               yaffs_packedtags2.o
    0x0007c5fc   0x00000630   Code   RO         3428    .text               yaffs_qsort.o
    0x0007cc2c   0x000007e8   Code   RO         3440    .text               yaffs_summary.o
    0x0007d414   0x00000d6c   Code   RO         3461    .text               yaffs_tagscompat.o
    0x0007e180   0x000014cc   Code   RO         3478    .text               yaffs_verify.o
    0x0007f64c   0x00000ab8   Code   RO         3494    .text               yaffs_yaffs1.o
    0x00080104   0x00002c4c   Code   RO         3519    .text               yaffs_yaffs2.o
    0x00082d50   0x00004ec8   Code   RO         3547    .text               yaffsfs.o
    0x00087c18   0x000011e4   Code   RO         3567    .text               fmi_nand.o
    0x00088dfc   0x00001800   Code   RO         3635    .text               epmreader.o
    0x0008a5fc   0x00000218   Code   RO         3663    .text               cardlogcommon.o
    0x0008a814   0x00001798   Code   RO         3780    .text               ehci.o
    0x0008bfac   0x00001168   Code   RO         3813    .text               ehci_iso.o
    0x0008d114   0x00001260   Code   RO         3846    .text               hub.o
    0x0008e374   0x00000ba8   Code   RO         3862    .text               mem_alloc.o
    0x0008ef1c   0x00001830   Code   RO         3891    .text               ohci.o
    0x0009074c   0x000007a0   Code   RO         3923    .text               support.o
    0x00090eec   0x00001834   Code   RO         3943    .text               usb_core.o
    0x00092720   0x00000a18   Code   RO         3975    .text               uvc_core.o
    0x00093138   0x0000047c   Code   RO         3987    .text               uvc_driver.o
    0x000935b4   0x0000093c   Code   RO         4003    .text               uvc_parser.o
    0x00093ef0   0x00000910   Code   RO         4016    .text               csdes.o
    0x00094800   0x00002b8c   Code   RO         4037    .text               csrw.o
    0x0009738c   0x00000f4c   Code   RO         4088    .text               octopusreader.o
    0x000982d8   0x00000b48   Code   RO         4117    .text               rwl.o
    0x00098e20   0x00000a78   Code   RO         4150    .text               rwlfunc.o
    0x00099898   0x000004c8   Code   RO         4168    .text               freertos.lib(osmisc.o)
    0x00099d60   0x00000afc   Code   RO         4230    .text               freertos.lib(queue.o)
    0x0009a85c   0x00001e18   Code   RO         4254    .text               freertos.lib(tasks.o)
    0x0009c674   0x00000378   Code   RO         4280    .text               freertos.lib(heap_4.o)
    0x0009c9ec   0x00000e98   Code   RO         4298    .text               SmartCardLib_Keil.lib(sclib_api.o)
    0x0009d884   0x00000114   Code   RO         4302    .text               freertos.lib(list.o)
    0x0009d998   0x0000017c   Code   RO         4314    .text               freertos.lib(port.o)
    0x0009db14   0x000010e8   Code   RO         4329    .text               SmartCardLib_Keil.lib(sclib_util.o)
    0x0009ebfc   0x00000538   Code   RO         4334    .text               SmartCardLib_Keil.lib(sclib_t0protocol.o)
    0x0009f134   0x00000eac   Code   RO         4337    .text               SmartCardLib_Keil.lib(sclib_t1protocol.o)
    0x0009ffe0   0x00000012   Code   RO         4343    .text               c_5.l(sys_time.o)
    0x0009fff2   0x00000062   Code   RO         4349    .text               c_5.l(h1_alloc.o)
    0x000a0054   0x0000004c   Code   RO         4351    .text               c_5.l(h1_free.o)
    0x000a00a0   0x000002f0   Code   RO         4407    .text               c_5.l(lludiv5.o)
    0x000a0390   0x00000028   Code   RO         4409    .text               c_5.l(llshl.o)
    0x000a03b8   0x00000028   Code   RO         4411    .text               c_5.l(llushr.o)
    0x000a03e0   0x00000028   Code   RO         4413    .text               c_5.l(llsshr.o)
    0x000a0408   0x00000050   Code   RO         4415    .text               c_5.l(llsdiv.o)
    0x000a0458   0x0000001a   Code   RO         4417    .text               c_5.l(tolower.o)
    0x000a0472   0x0000001e   Code   RO         4419    .text               c_5.l(toupper.o)
    0x000a0490   0x0000002c   Code   RO         4421    .text               c_5.l(__2sprintf.o)
    0x000a04bc   0x0000004e   Code   RO         4427    .text               c_5.l(_printf_pad.o)
    0x000a050a   0x00000052   Code   RO         4429    .text               c_5.l(_printf_str.o)
    0x000a055c   0x00000008   Ven    RO         4431    .text               c_5.l(_printf_dec.o)
    0x000a0564   0x0000006c   Code   RO         4431    .text               c_5.l(_printf_dec.o)
    0x000a05d0   0x00000008   Ven    RO         4436    .text               c_5.l(_printf_hex_int.o)
    0x000a05d8   0x00000058   Code   RO         4436    .text               c_5.l(_printf_hex_int.o)
    0x000a0630   0x00000188   Code   RO         4471    .text               c_5.l(__printf_flags_ss_wp.o)
    0x000a07b8   0x0000001a   Code   RO         4482    .text               c_5.l(atoi.o)
    0x000a07d2   0x00000002   PAD
    0x000a07d4   0x00000070   Code   RO         4484    .text               c_5.l(strtol.o)
    0x000a0844   0x00000076   Code   RO         4486    .text               c_5.l(strtoul.o)
    0x000a08ba   0x00000002   PAD
    0x000a08bc   0x00000040   Code   RO         4491    .text               c_5.l(rand.o)
    0x000a08fc   0x00000288   Code   RO         4495    .text               c_5.l(qsortnoex.o)
    0x000a0b84   0x00000016   Code   RO         4497    .text               c_5.l(strchr.o)
    0x000a0b9a   0x00000074   Code   RO         4499    .text               c_5.l(memcmp.o)
    0x000a0c0e   0x00000002   PAD
    0x000a0c10   0x0000004c   Code   RO         4501    .text               c_5.l(strcpy.o)
    0x000a0c5c   0x00000018   Code   RO         4503    .text               c_5.l(strrchr.o)
    0x000a0c74   0x00000044   Code   RO         4505    .text               c_5.l(strlen.o)
    0x000a0cb8   0x00000018   Code   RO         4507    .text               c_5.l(memchr.o)
    0x000a0cd0   0x00000094   Code   RO         4509    .text               c_5.l(strncmp.o)
    0x000a0d64   0x00000018   Code   RO         4511    .text               c_5.l(strcat.o)
    0x000a0d7c   0x000000d4   Code   RO         4513    .text               c_5.l(rt_memcpy.o)
    0x000a0e50   0x00000064   Code   RO         4515    .text               c_5.l(rt_memcpy_w.o)
    0x000a0eb4   0x00000080   Code   RO         4517    .text               c_5.l(rt_memmove_w.o)
    0x000a0f34   0x00000010   Code   RO         4519    .text               c_5.l(aeabi_memset.o)
    0x000a0f44   0x00000040   Code   RO         4521    .text               c_5.l(rt_memclr.o)
    0x000a0f84   0x00000054   Code   RO         4523    .text               c_5.l(rt_memclr_w.o)
    0x000a0fd8   0x0000006c   Code   RO         4525    .text               c_5.l(strncpy.o)
    0x000a1044   0x000000a0   Code   RO         4527    .text               c_5.l(strcmp.o)
    0x000a10e4   0x00000020   Code   RO         4529    .text               c_5.l(uread4.o)
    0x000a1104   0x00000020   Code   RO         4531    .text               c_5.l(uwrite4.o)
    0x000a1124   0x000001b0   Code   RO         4539    .text               c_5.l(mktime.o)
    0x000a12d4   0x0000017c   Code   RO         4541    .text               c_5.l(aeabi_sdiv.o)
    0x000a1450   0x00000004   Code   RO         4627    .text               c_5.l(use_no_semi.o)
    0x000a1454   0x00000000   Code   RO         4631    .text               c_5.l(indicate_semi.o)
    0x000a1454   0x00000014   Code   RO         4633    .text               c_5.l(rt_ctype_table.o)
    0x000a1468   0x0000000c   Code   RO         4643    .text               c_5.l(rt_heap_descriptor.o)
    0x000a1474   0x0000000c   Code   RO         4648    .text               c_5.l(rt_errno_addr.o)
    0x000a1480   0x00000004   Code   RO         4653    .text               c_5.l(hguard.o)
    0x000a1484   0x00000088   Code   RO         4655    .text               c_5.l(init_alloc.o)
    0x000a150c   0x0000000e   Code   RO         4659    .text               c_5.l(h1_init.o)
    0x000a151a   0x00000002   PAD
    0x000a151c   0x00000008   Ven    RO         4673    .text               c_5.l(_rserrno.o)
    0x000a1524   0x00000016   Code   RO         4673    .text               c_5.l(_rserrno.o)
    0x000a153a   0x000000b0   Code   RO         4675    .text               c_5.l(_printf_intcommon.o)
    0x000a15ea   0x00000002   PAD
    0x000a15ec   0x00000414   Code   RO         4677    .text               c_5.l(_printf_fp_dec.o)
    0x000a1a00   0x00000030   Code   RO         4679    .text               c_5.l(_printf_char_common.o)
    0x000a1a30   0x0000000a   Code   RO         4681    .text               c_5.l(_sputc.o)
    0x000a1a3a   0x00000002   PAD
    0x000a1a3c   0x00000008   Ven    RO         4683    .text               c_5.l(_printf_char.o)
    0x000a1a44   0x0000002e   Code   RO         4683    .text               c_5.l(_printf_char.o)
    0x000a1a72   0x000000a8   Code   RO         4686    .text               c_5.l(_strtoul.o)
    0x000a1b1a   0x00000002   PAD
    0x000a1b1c   0x000000a8   Code   RO         4688    .text               c_5.l(strtod.o)
    0x000a1bc4   0x0000002c   Code   RO         4691    .text               c_5.l(rtudiv10.o)
    0x000a1bf0   0x0000000c   Code   RO         4788    .text               c_5.l(rt_locale.o)
    0x000a1bfc   0x00000034   Code   RO         4797    .text               c_5.l(h1_extend.o)
    0x000a1c30   0x00000098   Code   RO         4801    .text               c_5.l(lludiv10.o)
    0x000a1cc8   0x00000012   Code   RO         4803    .text               c_5.l(isspace.o)
    0x000a1cda   0x00000002   PAD
    0x000a1cdc   0x00000088   Code   RO         4805    .text               c_5.l(_printf_fp_infnan.o)
    0x000a1d64   0x0000001e   Code   RO         4809    .text               c_5.l(_chval.o)
    0x000a1d82   0x00000044   Code   RO         4811    .text               c_5.l(_sgetc.o)
    0x000a1dc6   0x00000002   PAD
    0x000a1dc8   0x000000d4   Code   RO         4813    .text               c_5.l(bigflt0.o)
    0x000a1e9c   0x0000000c   Code   RO         4844    .text               c_5.l(defsig_rtmem_outer.o)
    0x000a1ea8   0x00000050   Code   RO         4848    .text               c_5.l(heapauxa.o)
    0x000a1ef8   0x000004d8   Code   RO         4869    .text               c_5.l(scanf_fp.o)
    0x000a23d0   0x0000000c   Code   RO         4871    .text               c_5.l(exit.o)
    0x000a23dc   0x0000000c   Code   RO         4873    .text               c_5.l(defsig_exit.o)
    0x000a23e8   0x00000050   Code   RO         4879    .text               c_5.l(defsig_rtmem_inner.o)
    0x000a2438   0x00000018   Code   RO         4899    .text               c_5.l(llmul.o)
    0x000a2450   0x00000034   Code   RO         4903    .text               c_5.l(defsig_general.o)
    0x000a2484   0x00000008   Ven    RO         4946    .text               c_5.l(scanf_hexfp.o)
    0x000a248c   0x00000328   Code   RO         4946    .text               c_5.l(scanf_hexfp.o)
    0x000a27b4   0x00000008   Ven    RO         4948    .text               c_5.l(scanf_infnan.o)
    0x000a27bc   0x00000140   Code   RO         4948    .text               c_5.l(scanf_infnan.o)
    0x000a28fc   0x00000024   Code   RO         4542    .text_udiv          c_5.l(aeabi_sdiv.o)
    0x000a2920   0x00000038   Code   RO         4816    CL$$btod_d2e        c_5.l(btod.o)
    0x000a2958   0x00000054   Code   RO         4818    CL$$btod_d2e_denorm_low  c_5.l(btod.o)
    0x000a29ac   0x00000068   Code   RO         4817    CL$$btod_d2e_norm_op1  c_5.l(btod.o)
    0x000a2a14   0x00000348   Code   RO         4826    CL$$btod_div_common  c_5.l(btod.o)
    0x000a2d5c   0x0000005c   Code   RO         4824    CL$$btod_e2d        c_5.l(btod.o)
    0x000a2db8   0x000000dc   Code   RO         4823    CL$$btod_e2e        c_5.l(btod.o)
    0x000a2e94   0x00000030   Code   RO         4820    CL$$btod_ediv       c_5.l(btod.o)
    0x000a2ec4   0x00000030   Code   RO         4822    CL$$btod_edivd      c_5.l(btod.o)
    0x000a2ef4   0x00000030   Code   RO         4819    CL$$btod_emul       c_5.l(btod.o)
    0x000a2f24   0x00000030   Code   RO         4821    CL$$btod_emuld      c_5.l(btod.o)
    0x000a2f54   0x00000264   Code   RO         4825    CL$$btod_mult_common  c_5.l(btod.o)
    0x000a31b8   0x00000150   Code   RO         4295    PORT_ASM            freertos.lib(portasm.o)
    0x000a3308   0x00000030   Code   RO          309    SYS_INIT            sys_nuc970.o
    0x000a3338   0x00000008   Ven    RO         5001    Veneer$$Code        anon$$obj.o
    0x000a3340   0x00000008   Ven    RO         5002    Veneer$$Code        anon$$obj.o
    0x000a3348   0x00000008   Ven    RO         5003    Veneer$$Code        anon$$obj.o
    0x000a3350   0x00000030   Code   RO         4753    i.__ARM_fpclassify  m_5s.l(fpclassify.o)
    0x000a3380   0x00000014   Code   RO         4751    i.__mathlib_dbl_underflow  m_5s.l(dunder.o)
    0x000a3394   0x00000018   Code   RO         4933    i.__mathlib_narrow  m_5s.l(narrow.o)
    0x000a33ac   0x000000d0   Code   RO         4934    i.__mathlib_tofloat  m_5s.l(narrow.o)
    0x000a347c   0x00000020   Code   RO         4974    i.__support_ldexp   m_5s.l(ldexp.o)
    0x000a349c   0x0000000e   Code   RO         4464    i._is_digit         c_5.l(__printf_wp.o)
    0x000a34aa   0x00000002   PAD
    0x000a34ac   0x00000130   Code   RO         4610    i.floor             m_5s.l(floor.o)
    0x000a35dc   0x00000074   Code   RO         4953    i.frexp             m_5s.l(frexp.o)
    0x000a3650   0x000000c8   Code   RO         4975    i.ldexp             m_5s.l(ldexp.o)
    0x000a3718   0x00000030   Code   RO         4624    i.strtod            m_5s.l(strtod.o)
    0x000a3748   0x00000048   Code   RO         4839    locale$$code        c_5.l(lc_ctype_c.o)
    0x000a3790   0x00000048   Code   RO         4842    locale$$code        c_5.l(lc_numeric_c.o)
    0x000a37d8   0x0000006c   Code   RO         4559    x$fpl$d2f           fz_5s.l(d2f.o)
    0x000a3844   0x00000154   Code   RO         4561    x$fpl$dadd          fz_5s.l(daddsub_clz.o)
    0x000a3998   0x00000010   Code   RO         4855    x$fpl$dcheck1       fz_5s.l(dcheck1.o)
    0x000a39a8   0x0000001c   Code   RO         4738    x$fpl$dcmpinf       fz_5s.l(dcmpi.o)
    0x000a39c4   0x000002d0   Code   RO         4568    x$fpl$ddiv          fz_5s.l(ddiv.o)
    0x000a3c94   0x00000094   Code   RO         4571    x$fpl$deqf          fz_5s.l(deqf.o)
    0x000a3d28   0x00000070   Code   RO         4573    x$fpl$dfix          fz_5s.l(dfix.o)
    0x000a3d98   0x00000034   Code   RO         4578    x$fpl$dflt          fz_5s.l(dflt_clz.o)
    0x000a3dcc   0x0000002c   Code   RO         4577    x$fpl$dfltu         fz_5s.l(dflt_clz.o)
    0x000a3df8   0x00000094   Code   RO         4583    x$fpl$dleqf         fz_5s.l(dleqf.o)
    0x000a3e8c   0x00000178   Code   RO         4585    x$fpl$dmul          fz_5s.l(dmul.o)
    0x000a4004   0x000000b8   Code   RO         4740    x$fpl$dnaninf       fz_5s.l(dnaninf.o)
    0x000a40bc   0x00000010   Code   RO         4742    x$fpl$dretinf       fz_5s.l(dretinf.o)
    0x000a40cc   0x0000008c   Code   RO         4587    x$fpl$drleqf        fz_5s.l(drleqf.o)
    0x000a4158   0x00000018   Code   RO         4562    x$fpl$drsb          fz_5s.l(daddsub_clz.o)
    0x000a4170   0x00000200   Code   RO         4563    x$fpl$dsub          fz_5s.l(daddsub_clz.o)
    0x000a4370   0x00000064   Code   RO         4589    x$fpl$f2d           fz_5s.l(f2d.o)
    0x000a43d4   0x00000190   Code   RO         4592    x$fpl$fdiv          fz_5s.l(fdiv.o)
    0x000a4564   0x00000054   Code   RO         4595    x$fpl$ffixu         fz_5s.l(ffixu.o)
    0x000a45b8   0x00000028   Code   RO         4599    x$fpl$ffltu         fz_5s.l(fflt_clz.o)
    0x000a45e0   0x00000100   Code   RO         4605    x$fpl$fmul          fz_5s.l(fmul.o)
    0x000a46e0   0x000000a0   Code   RO         4744    x$fpl$fnaninf       fz_5s.l(fnaninf.o)
    0x000a4780   0x00000010   Code   RO         4746    x$fpl$fretinf       fz_5s.l(fretinf.o)
    0x000a4790   0x00000008   Code   RO         4861    x$fpl$ieeestatus    fz_5s.l(istatus.o)
    0x000a4798   0x00000004   Code   RO         4607    x$fpl$printf1       fz_5s.l(printf1.o)
    0x000a479c   0x00000074   Code   RO         4891    x$fpl$retnan        fz_5s.l(retnan.o)
    0x000a4810   0x00000068   Code   RO         4748    x$fpl$scalbn        fz_5s.l(scalbn.o)
    0x000a4878   0x00000004   Code   RO         4863    x$fpl$scanf1        fz_5s.l(scanf1.o)
    0x000a487c   0x00000008   Code   RO         4925    x$fpl$scanf2        fz_5s.l(scanf2.o)
    0x000a4884   0x0000003c   Code   RO         4931    x$fpl$trapveneer    fz_5s.l(trapv.o)
    0x000a48c0   0x00000000   Code   RO         4750    x$fpl$usenofp       fz_5s.l(usenofp.o)
    0x000a48c0   0x0000009a   Data   RO            2    .constdata          main.o
    0x000a495a   0x00000002   PAD
    0x000a495c   0x00000098   Data   RO          426    .constdata          sdh.o
    0x000a49f4   0x0000004d   Data   RO          605    .constdata          guimanager.o
    0x000a4a41   0x00000003   PAD
    0x000a4a44   0x000001c2   Data   RO          690    .constdata          meterdata.o
    0x000a4c06   0x00000002   PAD
    0x000a4c08   0x0000005b   Data   RO          761    .constdata          paralib.o
    0x000a4c63   0x00000001   PAD
    0x000a4c64   0x00000284   Data   RO          786    .constdata          hwtester.o
    0x000a4ee8   0x00000045   Data   RO          910    .constdata          guisettingid.o
    0x000a4f2d   0x00000003   PAD
    0x000a4f30   0x00000045   Data   RO          928    .constdata          guishowcardid.o
    0x000a4f75   0x00000003   PAD
    0x000a4f78   0x00000043   Data   RO         1017    .constdata          guicalibration.o
    0x000a4fbb   0x00000001   PAD
    0x000a4fbc   0x00000052   Data   RO         1052    .constdata          guiblank.o
    0x000a500e   0x00000002   PAD
    0x000a5010   0x00000044   Data   RO         1073    .constdata          guiepdflashtool.o
    0x000a5054   0x00000044   Data   RO         1091    .constdata          guiradarotatool.o
    0x000a5098   0x00000044   Data   RO         1154    .constdata          guiradartool.o
    0x000a50dc   0x0000008a   Data   RO         1255    .constdata          powerdrv.o
    0x000a5166   0x00000002   PAD
    0x000a5168   0x000000b4   Data   RO         1302    .constdata          cardreader.o
    0x000a521c   0x00000087   Data   RO         1333    .constdata          epddrv.o
    0x000a52a3   0x00000001   PAD
    0x000a52a4   0x00000124   Data   RO         1374    .constdata          timelib.o
    0x000a53c8   0x0000008c   Data   RO         1426    .constdata          fatfslib.o
    0x000a5454   0x00000089   Data   RO         1445    .constdata          photoagent.o
    0x000a54dd   0x00000003   PAD
    0x000a54e0   0x00000090   Data   RO         1509    .constdata          modemagent.o
    0x000a5570   0x000000ba   Data   RO         1574    .constdata          tarifflib.o
    0x000a562a   0x00000002   PAD
    0x000a562c   0x00000043   Data   RO         1592    .constdata          yaffs2drv.o
    0x000a566f   0x00000001   PAD
    0x000a5670   0x000001ff   Data   RO         1698    .constdata          dataprocesslib.o
    0x000a586f   0x00000001   PAD
    0x000a5870   0x00000047   Data   RO         1721    .constdata          loglib.o
    0x000a58b7   0x00000001   PAD
    0x000a58b8   0x000002e1   Data   RO         1771    .constdata          fileagent.o
    0x000a5b99   0x00000003   PAD
    0x000a5b9c   0x00000575   Data   RO         1816    .constdata          sflashrecord.o
    0x000a6111   0x00000003   PAD
    0x000a6114   0x00000140   Data   RO         1854    .constdata          uvcdrv.o
    0x000a6254   0x000000af   Data   RO         2252    .constdata          flashdrvex.o
    0x000a6303   0x00000001   PAD
    0x000a6304   0x000004d8   Data   RO         2429    .constdata          radardrv.o
    0x000a67dc   0x00000486   Data   RO         2449    .constdata          lidardrv.o
    0x000a6c62   0x00000002   PAD
    0x000a6c64   0x00000277   Data   RO         2465    .constdata          burnintester.o
    0x000a6edb   0x00000001   PAD
    0x000a6edc   0x00000056   Data   RO         2488    .constdata          fwremoteota.o
    0x000a6f32   0x00000002   PAD
    0x000a6f34   0x00000058   Data   RO         2511    .constdata          rb60pota.o
    0x000a6f8c   0x000004c0   Data   RO         2527    .constdata          ccsbcs.o
    0x000a744c   0x000000ba   Data   RO         2565    .constdata          ff.o
    0x000a7506   0x00000005   Data   RO         2593    .constdata          cjson.o
    0x000a750b   0x00000001   PAD
    0x000a750c   0x000003d9   Data   RO         2666    .constdata          quentelmodemlib.o
    0x000a78e5   0x00000003   PAD
    0x000a78e8   0x000000f2   Data   RO         2758    .constdata          mtdpart.o
    0x000a79da   0x00000002   PAD
    0x000a79dc   0x0000010c   Data   RO         2841    .constdata          nand_base.o
    0x000a7ae8   0x00000061   Data   RO         2915    .constdata          nand_bbt.o
    0x000a7b49   0x00000003   PAD
    0x000a7b4c   0x00000710   Data   RO         2952    .constdata          nand_ids.o
    0x000a825c   0x00000094   Data   RO         3093    .constdata          yaffs_checkptrw.o
    0x000a82f0   0x00000100   Data   RO         3112    .constdata          yaffs_ecc.o
    0x000a83f0   0x00000250   Data   RO         3144    .constdata          yaffs_guts.o
    0x000a8640   0x00000098   Data   RO         3201    .constdata          yaffs_malloc.o
    0x000a86d8   0x0000005b   Data   RO         3416    .constdata          yaffs_packedtags2.o
    0x000a8733   0x00000001   PAD
    0x000a8734   0x0000014c   Data   RO         3479    .constdata          yaffs_verify.o
    0x000a8880   0x00000062   Data   RO         3495    .constdata          yaffs_yaffs1.o
    0x000a88e2   0x00000002   PAD
    0x000a88e4   0x000002f1   Data   RO         3520    .constdata          yaffs_yaffs2.o
    0x000a8bd5   0x00000003   PAD
    0x000a8bd8   0x00000064   Data   RO         3569    .constdata          fmi_nand.o
    0x000a8c3c   0x0000020c   Data   RO         3637    .constdata          epmreader.o
    0x000a8e48   0x0000005b   Data   RO         3814    .constdata          ehci_iso.o
    0x000a8ea3   0x00000001   PAD
    0x000a8ea4   0x00000096   Data   RO         3925    .constdata          support.o
    0x000a8f3a   0x00000002   PAD
    0x000a8f3c   0x000000ce   Data   RO         4004    .constdata          uvc_parser.o
    0x000a900a   0x00000002   PAD
    0x000a900c   0x00001000   Data   RO         4017    .constdata          csdes.o
    0x000aa00c   0x000000cb   Data   RO         4039    .constdata          csrw.o
    0x000aa0d7   0x00000001   PAD
    0x000aa0d8   0x0000004a   Data   RO         4090    .constdata          octopusreader.o
    0x000aa122   0x00000002   PAD
    0x000aa124   0x00000068   Data   RO         4151    .constdata          rwlfunc.o
    0x000aa18c   0x000001e4   Data   RO         4169    .constdata          freertos.lib(osmisc.o)
    0x000aa370   0x00000040   Data   RO         4338    .constdata          SmartCardLib_Keil.lib(sclib_t1protocol.o)
    0x000aa3b0   0x00000028   Data   RO         4437    .constdata          c_5.l(_printf_hex_int.o)
    0x000aa3d8   0x00000011   Data   RO         4472    .constdata          c_5.l(__printf_flags_ss_wp.o)
    0x000aa3e9   0x0000000c   Data   RO         4690    .constdata          c_5.l(_monlen.o)
    0x000aa3f5   0x00000003   PAD
    0x000aa3f8   0x00000094   Data   RO         4814    .constdata          c_5.l(bigflt0.o)
    0x000aa48c   0x0000006c   Data   RO            3    .conststring        main.o
    0x000aa4f8   0x0000001d   Data   RO          542    .conststring        user.o
    0x000aa515   0x00000077   Data   RO          691    .conststring        meterdata.o
    0x000aa58c   0x000002ac   Data   RO          787    .conststring        hwtester.o
    0x000aa838   0x0000000b   Data   RO         1219    .conststring        guidrv.o
    0x000aa843   0x0000000d   Data   RO         1256    .conststring        powerdrv.o
    0x000aa850   0x0000000b   Data   RO         1334    .conststring        epddrv.o
    0x000aa85b   0x0000000d   Data   RO         1355    .conststring        spacedrv.o
    0x000aa868   0x00000009   Data   RO         1427    .conststring        fatfslib.o
    0x000aa871   0x0000000f   Data   RO         1446    .conststring        photoagent.o
    0x000aa880   0x0000000f   Data   RO         1510    .conststring        modemagent.o
    0x000aa88f   0x00000056   Data   RO         1699    .conststring        dataprocesslib.o
    0x000aa8e5   0x0000000e   Data   RO         1772    .conststring        fileagent.o
    0x000aa8f3   0x0000000f   Data   RO         1832    .conststring        spaceexdrv.o
    0x000aa902   0x0000001e   Data   RO         1938    .conststring        userdrv.o
    0x000aa920   0x0000000f   Data   RO         2179    .conststring        batterydrv.o
    0x000aa92f   0x0000000c   Data   RO         2430    .conststring        radardrv.o
    0x000aa93b   0x00000064   Data   RO         2466    .conststring        burnintester.o
    0x000aa99f   0x00000171   Data   RO         2646    .conststring        atcmdparser.o
    0x000aab10   0x0000021d   Data   RO         2667    .conststring        quentelmodemlib.o
    0x000aad2d   0x000004d9   Data   RO         2953    .conststring        nand_ids.o
    0x000ab206   0x0000004b   Data   RO         3480    .conststring        yaffs_verify.o
    0x000ab251   0x00000003   PAD
    0x000ab254   0x00000030   Data   RO         4985    Region$$Table       anon$$obj.o
    0x000ab284   0x00000008   Data   RO         4922    c$$dinf             fz_5s.l(fpconst.o)
    0x000ab28c   0x00000110   Data   RO         4838    locale$$data        c_5.l(lc_ctype_c.o)
    0x000ab39c   0x0000001c   Data   RO         4841    locale$$data        c_5.l(lc_numeric_c.o)


    Execution Region RW_RAM1 (Base: 0x000ab3b8, Size: 0x01c6ca14, Max: 0xffffffff, ABSOLUTE, COMPRESSED[0x00000f90])

    Base Addr    Size         Type   Attr      Idx    E Section Name        Object

    0x000ab3b8   0x00000094   Data   RW            4    .data               main.o
    0x000ab44c   0x000001f4   Data   RW          232    .data               sys.o
    0x000ab640   0x00000060   Data   RW          248    .data               sys_timer.o
    0x000ab6a0   0x00000001   Data   RW          273    .data               sys_uart.o
    0x000ab6a1   0x00000003   PAD
    0x000ab6a4   0x0000000c   Data   RW          291    .data               system_nuc970.o
    0x000ab6b0   0x00000086   Data   RW          314    .data               uart.o
    0x000ab736   0x00000002   PAD
    0x000ab738   0x00000028   Data   RW          355    .data               gpio.o
    0x000ab760   0x00000058   Data   RW          369    .data               rtc.o
    0x000ab7b8   0x0000000c   Data   RW          405    .data               i2c.o
    0x000ab7c4   0x00000020   Data   RW          427    .data               sdh.o
    0x000ab7e4   0x00000004   Data   RW          463    .data               adc.o
    0x000ab7e8   0x00000008   Data   RW          490    .data               sc.o
    0x000ab7f0   0x00000020   Data   RW          543    .data               user.o
    0x000ab810   0x00000205   Data   RW          606    .data               guimanager.o
    0x000aba15   0x00000003   PAD
    0x000aba18   0x0000009c   Data   RW          692    .data               meterdata.o
    0x000abab4   0x00000008   Data   RW          762    .data               paralib.o
    0x000ababc   0x000009d4   Data   RW          788    .data               hwtester.o
    0x000ac490   0x0000001c   Data   RW          842    .data               guihardwaretest.o
    0x000ac4ac   0x0000002c   Data   RW          859    .data               guisingletest.o
    0x000ac4d8   0x00000018   Data   RW          876    .data               guitool.o
    0x000ac4f0   0x00000025   Data   RW          911    .data               guisettingid.o
    0x000ac515   0x00000003   PAD
    0x000ac518   0x0000000e   Data   RW          929    .data               guishowcardid.o
    0x000ac526   0x00000002   PAD
    0x000ac528   0x0000003c   Data   RW          946    .data               guiradar.o
    0x000ac564   0x0000003c   Data   RW          963    .data               guiusbcam.o
    0x000ac5a0   0x00000030   Data   RW          980    .data               guilidar.o
    0x000ac5d0   0x00000006   Data   RW          997    .data               guinull.o
    0x000ac5d6   0x00000002   PAD
    0x000ac5d8   0x00000020   Data   RW         1018    .data               guicalibration.o
    0x000ac5f8   0x0000000c   Data   RW         1035    .data               guiversion.o
    0x000ac604   0x00000020   Data   RW         1053    .data               guiblank.o
    0x000ac624   0x00000030   Data   RW         1074    .data               guiepdflashtool.o
    0x000ac654   0x00000020   Data   RW         1092    .data               guiradarotatool.o
    0x000ac674   0x00000007   Data   RW         1109    .data               guiburnintester.o
    0x000ac67b   0x00000001   PAD
    0x000ac67c   0x000000e8   Data   RW         1136    .data               guirtctool.o
    0x000ac764   0x0000002c   Data   RW         1155    .data               guiradartool.o
    0x000ac790   0x00000068   Data   RW         1187    .data               halinterface.o
    0x000ac7f8   0x0000002c   Data   RW         1220    .data               guidrv.o
    0x000ac824   0x00000011   Data   RW         1240    .data               keydrv.o
    0x000ac835   0x00000003   PAD
    0x000ac838   0x0000003c   Data   RW         1257    .data               powerdrv.o
    0x000ac874   0x00000020   Data   RW         1288    .data               timerdrv.o
    0x000ac894   0x00000020   Data   RW         1303    .data               cardreader.o
    0x000ac8b4   0x00000060   Data   RW         1335    .data               epddrv.o
    0x000ac914   0x00000034   Data   RW         1356    .data               spacedrv.o
    0x000ac948   0x00000004   Data   RW         1375    .data               timelib.o
    0x000ac94c   0x00000004   Data   RW         1411    .data               pct08drv.o
    0x000ac950   0x00000013   Data   RW         1428    .data               fatfslib.o
    0x000ac963   0x00000001   PAD
    0x000ac964   0x00000040   Data   RW         1447    .data               photoagent.o
    0x000ac9a4   0x00000014   Data   RW         1473    .data               jsoncmdlib.o
    0x000ac9b8   0x0000004c   Data   RW         1511    .data               modemagent.o
    0x000aca04   0x00000010   Data   RW         1575    .data               tarifflib.o
    0x000aca14   0x00000002   Data   RW         1593    .data               yaffs2drv.o
    0x000aca16   0x00000002   PAD
    0x000aca18   0x000000ac   Data   RW         1700    .data               dataprocesslib.o
    0x000acac4   0x00000004   Data   RW         1722    .data               loglib.o
    0x000acac8   0x00000046   Data   RW         1752    .data               leddrv.o
    0x000acb0e   0x00000002   PAD
    0x000acb10   0x00000054   Data   RW         1773    .data               fileagent.o
    0x000acb64   0x0000000c   Data   RW         1817    .data               sflashrecord.o
    0x000acb70   0x00000084   Data   RW         1833    .data               spaceexdrv.o
    0x000acbf4   0x00000020   Data   RW         1855    .data               uvcdrv.o
    0x000acc14   0x0000000d   Data   RW         1896    .data               creditreaderdrv.o
    0x000acc21   0x00000003   PAD
    0x000acc24   0x00000104   Data   RW         1914    .data               mtpprocedure.o
    0x000acd28   0x0000002c   Data   RW         1939    .data               userdrv.o
    0x000acd54   0x00000001   Data   RW         2015    .data               uart2drv.o
    0x000acd55   0x00000003   PAD
    0x000acd58   0x00000005   Data   RW         2033    .data               uart3drv.o
    0x000acd5d   0x00000003   PAD
    0x000acd60   0x00000005   Data   RW         2068    .data               uart7drv.o
    0x000acd65   0x00000003   PAD
    0x000acd68   0x00000015   Data   RW         2161    .data               buzzerdrv.o
    0x000acd7d   0x00000003   PAD
    0x000acd80   0x00000032   Data   RW         2180    .data               batterydrv.o
    0x000acdb2   0x00000002   PAD
    0x000acdb4   0x00000014   Data   RW         2197    .data               dipdrv.o
    0x000acdc8   0x00000004   Data   RW         2211    .data               rs232commdrv.o
    0x000acdcc   0x00000004   Data   RW         2228    .data               mtp232commdrv.o
    0x000acdd0   0x00000018   Data   RW         2253    .data               flashdrvex.o
    0x000acde8   0x0000000c   Data   RW         2294    .data               sr04tdrv.o
    0x000acdf4   0x00000030   Data   RW         2314    .data               nt066edrv.o
    0x000ace24   0x00000008   Data   RW         2334    .data               smartcarddrv.o
    0x000ace2c   0x000002b0   Data   RW         2357    .data               interface.o
    0x000ad0dc   0x00000180   Data   RW         2431    .data               radardrv.o
    0x000ad25c   0x000000ac   Data   RW         2450    .data               lidardrv.o
    0x000ad308   0x000000e0   Data   RW         2467    .data               burnintester.o
    0x000ad3e8   0x00000064   Data   RW         2490    .data               fwremoteota.o
    0x000ad44c   0x00000018   Data   RW         2512    .data               rb60pota.o
    0x000ad464   0x00000003   Data   RW         2566    .data               ff.o
    0x000ad467   0x00000001   PAD
    0x000ad468   0x0000000c   Data   RW         2594    .data               cjson.o
    0x000ad474   0x00000194   Data   RW         2647    .data               atcmdparser.o
    0x000ad608   0x00000644   Data   RW         2668    .data               quentelmodemlib.o
    0x000adc4c   0x00000008   Data   RW         2759    .data               mtdpart.o
    0x000adc54   0x00000010   Data   RW         2809    .data               nand.o
    0x000adc64   0x00000010   Data   RW         2916    .data               nand_bbt.o
    0x000adc74   0x00000020   Data   RW         3202    .data               yaffs_malloc.o
    0x000adc94   0x00000008   Data   RW         3463    .data               yaffs_tagscompat.o
    0x000adc9c   0x00000004   Data   RW         3481    .data               yaffs_verify.o
    0x000adca0   0x00000008   Data   RW         3521    .data               yaffs_yaffs2.o
    0x000adca8   0x0000001c   Data   RW         3549    .data               yaffsfs.o
    0x000adcc4   0x00000004   Data   RW         3570    .data               fmi_nand.o
    0x000adcc8   0x00000054   Data   RW         3638    .data               epmreader.o
    0x000add1c   0x00000002   Data   RW         3664    .data               cardlogcommon.o
    0x000add1e   0x00000002   PAD
    0x000add20   0x0000003c   Data   RW         3782    .data               ehci.o
    0x000add5c   0x00000008   Data   RW         3815    .data               ehci_iso.o
    0x000add64   0x00000011   Data   RW         3848    .data               hub.o
    0x000add75   0x00000003   PAD
    0x000add78   0x00000018   Data   RW         3864    .data               mem_alloc.o
    0x000add90   0x00000034   Data   RW         3893    .data               ohci.o
    0x000addc4   0x00000018   Data   RW         3926    .data               support.o
    0x000adddc   0x00000014   Data   RW         3945    .data               usb_core.o
    0x000addf0   0x00000015   Data   RW         3989    .data               uvc_driver.o
    0x000ade05   0x00000003   PAD
    0x000ade08   0x00000040   Data   RW         4018    .data               csdes.o
    0x000ade48   0x00000068   Data   RW         4040    .data               csrw.o
    0x000adeb0   0x00000046   Data   RW         4091    .data               octopusreader.o
    0x000adef6   0x00000002   PAD
    0x000adef8   0x00000008   Data   RW         4119    .data               rwl.o
    0x000adf00   0x0000003c   Data   RW         4256    .data               freertos.lib(tasks.o)
    0x000adf3c   0x00000018   Data   RW         4282    .data               freertos.lib(heap_4.o)
    0x000adf54   0x00000008   Data   RW         4300    .data               SmartCardLib_Keil.lib(sclib_api.o)
    0x000adf5c   0x00000004   Data   RW         4315    .data               freertos.lib(port.o)
    0x000adf60   0x00000124   Data   RW         4332    .data               SmartCardLib_Keil.lib(sclib_util.o)
    0x000ae084   0x00000080   Data   RW         4335    .data               SmartCardLib_Keil.lib(sclib_t0protocol.o)
    0x000ae104   0x00000080   Data   RW         4339    .data               SmartCardLib_Keil.lib(sclib_t1protocol.o)
    0x000ae184   0x00000004   Data   RW         4849    .data               c_5.l(heapauxa.o)
    0x000ae188   0x00000140   Zero   RW          247    .bss                sys_timer.o
    0x000ae2c8   0x00001d38   PAD
    0x000b0000   0x00024000   Zero   RW          290    .bss                system_nuc970.o
    0x000d4000   0x0000023c   Zero   RW          313    .bss                uart.o
    0x000d423c   0x000000a4   Zero   RW          354    .bss                gpio.o
    0x000d42e0   0x00000010   Zero   RW          387    .bss                spi.o
    0x000d42f0   0x000003d0   Zero   RW          404    .bss                i2c.o
    0x000d46c0   0x00000940   PAD
    0x000d5000   0x00000230   Zero   RW          425    .bss                sdh.o
    0x000d5230   0x00000488   Zero   RW          462    .bss                adc.o
    0x000d56b8   0x00000020   Zero   RW          525    .bss                crypto.o
    0x000d56d8   0x00000c13   Zero   RW          689    .bss                meterdata.o
    0x000d62eb   0x0000027a   Zero   RW          760    .bss                paralib.o
    0x000d6565   0x00000003   PAD
    0x000d6568   0x000012c8   Zero   RW          785    .bss                hwtester.o
    0x000d7830   0x0000003c   Zero   RW         1135    .bss                guirtctool.o
    0x000d786c   0x00000032   Zero   RW         1153    .bss                guiradartool.o
    0x000d789e   0x00000002   PAD
    0x000d78a0   0x00000028   Zero   RW         1254    .bss                powerdrv.o
    0x000d78c8   0x0000000c   Zero   RW         1287    .bss                timerdrv.o
    0x000d78d4   0x000006f8   Zero   RW         1332    .bss                epddrv.o
    0x000d7fcc   0x00000058   Zero   RW         1373    .bss                timelib.o
    0x000d8024   0x000030b4   Zero   RW         1425    .bss                fatfslib.o
    0x000db0d8   0x00001035   Zero   RW         1573    .bss                tarifflib.o
    0x000dc10d   0x000000ff   Zero   RW         1720    .bss                loglib.o
    0x000dc20c   0x00000100   Zero   RW         1751    .bss                leddrv.o
    0x000dc30c   0x00012e80   Zero   RW         1770    .bss                fileagent.o
    0x000ef18c   0x00000400   Zero   RW         1815    .bss                sflashrecord.o
    0x000ef58c   0x00000014   PAD
    0x000ef5a0   0x004b01a0   Zero   RW         1853    .bss                uvcdrv.o
    0x0059f740   0x0000012c   Zero   RW         1895    .bss                creditreaderdrv.o
    0x0059f86c   0x00000014   PAD
    0x0059f880   0x00000700   Zero   RW         1913    .bss                mtpprocedure.o
    0x0059ff80   0x00000010   Zero   RW         1980    .bss                uart0drv.o
    0x0059ff90   0x00000010   Zero   RW         1997    .bss                uart1drv.o
    0x0059ffa0   0x00000010   Zero   RW         2014    .bss                uart2drv.o
    0x0059ffb0   0x00000010   Zero   RW         2032    .bss                uart3drv.o
    0x0059ffc0   0x00000010   Zero   RW         2050    .bss                uart4drv.o
    0x0059ffd0   0x00000010   Zero   RW         2067    .bss                uart7drv.o
    0x0059ffe0   0x00000010   Zero   RW         2085    .bss                uart8drv.o
    0x0059fff0   0x00000010   Zero   RW         2102    .bss                uart10drv.o
    0x005a0000   0x00000060   Zero   RW         2178    .bss                batterydrv.o
    0x005a0060   0x00006038   Zero   RW         2251    .bss                flashdrvex.o
    0x005a6098   0x0000316a   Zero   RW         2428    .bss                radardrv.o
    0x005a9202   0x00000002   PAD
    0x005a9204   0x00001104   Zero   RW         2448    .bss                lidardrv.o
    0x005aa308   0x00001244   Zero   RW         2464    .bss                burnintester.o
    0x005ab54c   0x00000032   Zero   RW         2487    .bss                fwremoteota.o
    0x005ab57e   0x00000002   PAD
    0x005ab580   0x0000401c   Zero   RW         2510    .bss                rb60pota.o
    0x005af59c   0x00000004   PAD
    0x005af5a0   0x0000300c   Zero   RW         2547    .bss                diskio.o
    0x005b25ac   0x0000000c   Zero   RW         2564    .bss                ff.o
    0x005b25b8   0x0000000f   Zero   RW         2592    .bss                cjson.o
    0x005b25c7   0x00310000   Zero   RW         2645    .bss                atcmdparser.o
    0x008c25c7   0x00020064   Zero   RW         2665    .bss                quentelmodemlib.o
    0x008e262b   0x00000001   PAD
    0x008e262c   0x00000080   Zero   RW         2713    .bss                mtdcore.o
    0x008e26ac   0x00000004   PAD
    0x008e26b0   0x000001d8   Zero   RW         2808    .bss                nand.o
    0x008e2888   0x00000920   Zero   RW         2840    .bss                nand_base.o
    0x008e31a8   0x000000b4   Zero   RW         2914    .bss                nand_bbt.o
    0x008e325c   0x000001a4   PAD
    0x008e3400   0x00400000   Zero   RW         3200    .bss                yaffs_malloc.o
    0x00ce3400   0x00000020   Zero   RW         3462    .bss                yaffs_tagscompat.o
    0x00ce3420   0x00003610   Zero   RW         3548    .bss                yaffsfs.o
    0x00ce6a30   0x00000430   Zero   RW         3568    .bss                fmi_nand.o
    0x00ce6e60   0x00000460   Zero   RW         3636    .bss                epmreader.o
    0x00ce72c0   0x00000d40   PAD
    0x00ce8000   0x0000102c   Zero   RW         3781    .bss                ehci.o
    0x00ce902c   0x00000100   Zero   RW         3847    .bss                hub.o
    0x00ce912c   0x000002d4   PAD
    0x00ce9400   0x00008580   Zero   RW         3863    .bss                mem_alloc.o
    0x00cf1980   0x00000080   PAD
    0x00cf1a00   0x00000118   Zero   RW         3892    .bss                ohci.o
    0x00cf1b18   0x00000068   PAD
    0x00cf1b80   0x00008000   Zero   RW         3924    .bss                support.o
    0x00cf9b80   0x00000020   Zero   RW         3944    .bss                usb_core.o
    0x00cf9ba0   0x00018000   Zero   RW         3988    .bss                uvc_driver.o
    0x00d11ba0   0x000046c1   Zero   RW         4038    .bss                csrw.o
    0x00d16261   0x00000040   Zero   RW         4089    .bss                octopusreader.o
    0x00d162a1   0x00001535   Zero   RW         4118    .bss                rwl.o
    0x00d177d6   0x00000002   PAD
    0x00d177d8   0x000001a4   Zero   RW         4255    .bss                freertos.lib(tasks.o)
    0x00d1797c   0x01000000   Zero   RW         4281    .bss                freertos.lib(heap_4.o)
    0x01d1797c   0x00000130   Zero   RW         4299    .bss                SmartCardLib_Keil.lib(sclib_api.o)
    0x01d17aac   0x0000010f   Zero   RW         4330    .bss                SmartCardLib_Keil.lib(sclib_util.o)
    0x01d17bbb   0x0000010f   Zero   RW         4331    .bss                SmartCardLib_Keil.lib(sclib_util.o)
    0x01d17cca   0x00000002   PAD
    0x01d17ccc   0x000000e4   Zero   RW         4492    .bss                c_5.l(rand.o)
    0x01d17db0   0x00000004   Zero   RW         4644    .bss                c_5.l(rt_heap_descriptor.o)
    0x01d17db4   0x00000004   Zero   RW         4649    .bss                c_5.l(rt_errno_addr.o)
    0x01d17db8   0x00000014   Zero   RW         4789    .bss                c_5.l(rt_locale.o)


==============================================================================

Image component sizes


      Code (inc. data)   RO Data    RW Data    ZI Data      Debug   Object Name

      4072         28          0          4       1160       7202   adc.o
      2512        136        369        404    3211264       9237   atcmdparser.o
      3868        440         15         50         96      10318   batterydrv.o
      8424       2084        731        224       4676      10890   burnintester.o
       848        172          0         21          0       1815   buzzerdrv.o
       536         68          0          2          0       4039   cardlogcommon.o
      2224        492        180         32          0       5691   cardreader.o
       248         12       1216          0          0       4689   ccsbcs.o
     12748        160          5         12         15      27064   cjson.o
      3764        416          0         13        300       7902   creditreaderdrv.o
       948         24          0          0         32       4967   crypto.o
      2320         56       4096         64          0       4813   csdes.o
     11148       1252        203        104      18113      63845   csrw.o
      8556       3028        597        172          0      12723   dataprocesslib.o
      1808        692          0         20          0       2404   dipdrv.o
       764         48          0          0      12300       2578   diskio.o
      6040        148          0         60       4140      20965   ehci.o
      4456        248         91          8          0      18055   ehci_iso.o
     26956       1708        146         96       1784      38489   epddrv.o
      6144       1840        524         84       1120       9840   epmreader.o
      1480         44          0          0          0       2387   etimer.o
      1820        800        149         19      12468       4427   fatfslib.o
     23792        544        186          3         12      37553   ff.o
     11856       2708        751         84      77440      26351   fileagent.o
      4496        812        175         24      24632       9565   flashdrvex.o
      4580        236        100          4       1072      22235   fmi_nand.o
      2092        896         86        100         50       2834   fwremoteota.o
      3020         32          0         40        164       9324   gpio.o
      2460        284         82         32          0       4420   guiblank.o
      3284        560          0          7          0       3991   guiburnintester.o
      1788        136         67         32          0       3586   guicalibration.o
      1336        324         11         44          0      10366   guidrv.o
      3224        224         68         48          0       4243   guiepdflashtool.o
      2276        328          0         28          0       4113   guihardwaretest.o
      2224        520          0         48          0       4292   guilidar.o
      2304        580         77        517          0      13066   guimanager.o
       604         48          0          6          0       2799   guinull.o
      2324        528          0         60          0       4384   guiradar.o
      1820        148         68         32          0       3607   guiradarotatool.o
      3736        452         68         44         50       4128   guiradartool.o
      4440        888          0        232         60       5690   guirtctool.o
      2004        404         69         37          0       3900   guisettingid.o
      1408        348         69         14          0       3509   guishowcardid.o
      4032        444          0         44          0       4997   guisingletest.o
      1936        292          0         24          0       3595   guitool.o
      2328        512          0         60          0       4369   guiusbcam.o
      1040        100          0         12          0       3166   guiversion.o
       112         20          0        104          0       8780   halinterface.o
      4704        916          0         17        256       8557   hub.o
     80404      18540       1328       2516       4808      81886   hwtester.o
      3096        188          0         12        976       5964   i2c.o
       632         92          0          0          0       2519   i2c1drv.o
       312         32          0        688          0      13886   interface.o
      2064        364          0         20          0       5611   jsoncmdlib.o
       544        112          0         17          0       2272   keydrv.o
      1784          0          0          0          0       5395   ledcmdlib.o
      6912       1224          0         70        256      14179   leddrv.o
      4736        860       1158        172       4356      10063   lidardrv.o
       944        280         71          4        255       2599   loglib.o
      5404        920        262        148          0      77766   main.o
      2984        444          0         24      34176      17534   mem_alloc.o
      4752        644        569        156       3091      11711   meterdata.o
      5696       1352        159         76          0      12909   modemagent.o
       716        128          0          0        128      12452   mtdcore.o
      4320        388        242          8          0      24616   mtdpart.o
       828         12          0          0          0       2354   mtp.o
       480        184          0          4          0       9303   mtp232commdrv.o
      5300        276          0        260       1792       9624   mtpprocedure.o
       408         48          0         16        472      15283   nand.o
     20452        876        268          0       2336      55733   nand_base.o
     10288        804         97         16        180      31608   nand_bbt.o
         0          0       3049          0          0      17432   nand_ids.o
      4608       1408          0         48          0       6720   nt066edrv.o
      3916       1144         74         70         64      11835   octopusreader.o
      6192        348          0         52        280      22050   ohci.o
      3540       1224         91          8        634       9131   paralib.o
       488        152          0          4          0       2189   pct08drv.o
      1816        532        152         64          0       8131   photoagent.o
      5228       2144        151         60         40       6586   powerdrv.o
     15080       2880       1526       1604     131172      37226   quentelmodemlib.o
     14420       2136       1252        384      12650      26006   radardrv.o
      6060        568         88         24      16412      11084   rb60pota.o
       480        184          0          4          0       2199   rs232commdrv.o
      6632        116          0         88          0      16450   rtc.o
      2888        408          0          8       5429       8395   rwl.o
      2680        320        104          0          0       6441   rwlfunc.o
      1544         60          0          8          0      51645   sc.o
       932         88          0          0          0       3209   sddrv.o
      7068        328        152         32        560      16161   sdh.o
      4608        736       1397         12       1024       9313   sflashrecord.o
      1164        288          0          8          0       4061   smartcarddrv.o
      1988        832         13         52          0       3772   spacedrv.o
      3240        608         15        132          0       8182   spaceexdrv.o
      1632         28          0          0         16       3421   spi.o
       576         20          0          0          0       1414   spi0drv.o
       540         20          0          0          0       1418   spi1drv.o
      3232        292          0         12          0       6148   sr04tdrv.o
        64          4          0          0          0       1412   standalone.o
       172         60          0          0          0        376   startup_nuc970.o
      1952        272        150         24      32768       3841   support.o
      2356         60          0        500          0       6719   sys.o
        48          0          0          0          0        284   sys_nuc970.o
      3436        104          0         96        320      60126   sys_timer.o
      1580          8          0          1          0       4812   sys_uart.o
      2352         40          0         12     147456       5840   system_nuc970.o
      6292       1672        186         16       4149       9252   tarifflib.o
      1652        132        292          4         88       4563   timelib.o
       616         88          0         32         12       2466   timerdrv.o
      9948        500          0        134        572      30080   uart.o
      1000        252          0          0         16       2663   uart0drv.o
      1584        152          0          0         16       2944   uart10drv.o
      1024        148          0          0         16       2791   uart1drv.o
      1908        268          0          1         16       2854   uart2drv.o
      1088        152          0          5         16       2739   uart3drv.o
       908        144          0          0         16       2607   uart4drv.o
      1092        152          0          5         16       2747   uart7drv.o
       760        124          0          0         16       2286   uart8drv.o
      6196        392          0         20         32      26240   usb_core.o
       296        124         29         32          0      28671   user.o
       608        140         30         44          0       9426   userdrv.o
      2584         68          0          0          0       5785   uvc_core.o
      1148         16          0         21      98304       3511   uvc_driver.o
      2364        176        206          0          0       3608   uvc_parser.o
      3304        792        320         32    4915616      43373   uvcdrv.o
      2948       1020         67          2          0      39052   yaffs2drv.o
      2016        268          0          0          0      19432   yaffs_allocator.o
       656          0          0          0          0      13210   yaffs_attribs.o
       924        160          0          0          0       4318   yaffs_bitmap.o
      3364        608        148          0          0       6018   yaffs_checkptrw.o
      1248         24        256          0          0       3656   yaffs_ecc.o
     32008       3092        592          0          0      69078   yaffs_guts.o
      1476        328        152         32    4194304       4177   yaffs_malloc.o
      1060          0          0          0          0      27117   yaffs_mtdif.o
      1784        344          0          0          0      25363   yaffs_mtdif2.o
      1368          0          0          0          0       3310   yaffs_nameval.o
      1064        268          0          0          0       3526   yaffs_nand.o
      1068         60         91          0          0       3038   yaffs_packedtags2.o
      1584          0          0          0          0       2594   yaffs_qsort.o
      2024        152          0          0          0      15964   yaffs_summary.o
      3436        684          0          8         32       6581   yaffs_tagscompat.o
      5324       1484        407          4          0       7303   yaffs_verify.o
      2744        412         98          0          0      15482   yaffs_yaffs1.o
     11340       1356        753          8          0      28807   yaffs_yaffs2.o
     20168        124          0         28      13840      43840   yaffsfs.o

    ----------------------------------------------------------------------
    628472      88248      26308      11080   13014608    1831528   Object Totals
        24         12         48          0          0          0   (incl. Generated)
         0          0         66         52      14676          0   (incl. Padding)

    ----------------------------------------------------------------------

      Code (inc. data)   RO Data    RW Data    ZI Data      Debug   Library Member Name

      3736        116          0          8        304        456   sclib_api.o
      1336         24          0        128          0        124   sclib_t0protocol.o
      3756         68         64        128          0        592   sclib_t1protocol.o
      4328         92          0        292        542        444   sclib_util.o
        44          4          0          0          0         84   __2sprintf.o
        92          0          0          0          0          0   __dczerorl2.o
         8          0          0          0          0         68   __main.o
       392          6         17          0          0         76   __printf_flags_ss_wp.o
        14          0          0          0          0         60   __printf_wp.o
        60          8          0          0          0          0   __scatter.o
        40          0          0          0          0          0   __scatter_copy.o
        44          0          0          0          0          0   __scatter_zi.o
        30          0          0          0          0         60   _chval.o
         0          0         12          0          0          0   _monlen.o
         8          0          0          0          0          0   _printf_c.o
        54          0          0          0          0        100   _printf_char.o
        48          6          0          0          0         88   _printf_char_common.o
         8          0          0          0          0          0   _printf_d.o
       116         18          0          0          0         76   _printf_dec.o
         8          0          0          0          0          0   _printf_e.o
         8          0          0          0          0          0   _printf_f.o
      1044         14          0          0          0        176   _printf_fp_dec.o
       136         16          0          0          0         76   _printf_fp_infnan.o
        96          4         40          0          0         72   _printf_hex_int.o
       176          0          0          0          0         84   _printf_intcommon.o
        78          0          0          0          0        100   _printf_pad.o
         0          0          0          0          0          0   _printf_percent.o
         8          0          0          0          0          0   _printf_percent_end.o
         8          0          0          0          0          0   _printf_s.o
        82          0          0          0          0         72   _printf_str.o
         8          0          0          0          0          0   _printf_u.o
         8          0          0          0          0          0   _printf_x.o
        30          0          0          0          0         92   _rserrno.o
        68          0          0          0          0         76   _sgetc.o
        10          0          0          0          0         60   _sputc.o
       168          0          0          0          0         84   _strtoul.o
        16          0          0          0          0         68   aeabi_memset.o
       416          0          0          0          0        144   aeabi_sdiv.o
        26          0          0          0          0         72   atoi.o
       212          6        148          0          0         80   bigflt0.o
      2200        132          0          0          0        940   btod.o
        12          0          0          0          0         68   defsig_exit.o
        52          0          0          0          0         72   defsig_general.o
        80         58          0          0          0         68   defsig_rtmem_inner.o
        12          0          0          0          0         68   defsig_rtmem_outer.o
        12          0          0          0          0         64   exit.o
        98          0          0          0          0         72   h1_alloc.o
        52          0          0          0          0         68   h1_extend.o
        76          0          0          0          0         72   h1_free.o
        14          0          0          0          0         76   h1_init.o
        80          4          0          4          0         88   heapauxa.o
         4          0          0          0          0        120   hguard.o
         0          0          0          0          0          0   indicate_semi.o
       136          0          0          0          0        160   init_alloc.o
        18          0          0          0          0         68   isspace.o
        72          8        272          0          0         76   lc_ctype_c.o
        72          8         28          0          0         76   lc_numeric_c.o
         2          0          0          0          0          0   libinit.o
        42          0          0          0          0          0   libinit2.o
         2          0          0          0          0          0   libshutdown.o
         2          0          0          0          0          0   libshutdown2.o
        24          0          0          0          0         76   llmul.o
        80          0          0          0          0         76   llsdiv.o
        40          0          0          0          0         68   llshl.o
        40          0          0          0          0         68   llsshr.o
       152          0          0          0          0         80   lludiv10.o
       752         64          0          0          0         84   lludiv5.o
        40          0          0          0          0         68   llushr.o
         0          0          0          0          0          0   maybetermalloc1.o
        24          0          0          0          0         60   memchr.o
       116          0          0          0          0         68   memcmp.o
       432         14          0          0          0        112   mktime.o
       648          0          0          0          0        120   qsortnoex.o
       120         18          0          0        228        156   rand.o
        20          4          0          0          0         76   rt_ctype_table.o
        12          4          0          0          4         68   rt_errno_addr.o
        12          4          0          0          4         68   rt_heap_descriptor.o
        12          4          0          0         20         68   rt_locale.o
        64          0          0          0          0         68   rt_memclr.o
        84          0          0          0          0         80   rt_memclr_w.o
       212          0          0          0          0         68   rt_memcpy.o
       100          0          0          0          0         80   rt_memcpy_w.o
       128          0          0          0          0         80   rt_memmove_w.o
         0          0          0          0          0          0   rtentry.o
        44          4          0          0          0          0   rtentry2.o
         8          0          0          0          0          0   rtentry4.o
         4          0          0          0          0          0   rtexit.o
        12          0          0          0          0          0   rtexit2.o
        44          0          0          0          0         68   rtudiv10.o
      1240         26          0          0          0        124   scanf_fp.o
       816         14          0          0          0         84   scanf_hexfp.o
       328         18          0          0          0         84   scanf_infnan.o
        24          0          0          0          0         60   strcat.o
        22          0          0          0          0         60   strchr.o
       160          4          0          0          0         80   strcmp.o
        76          4          0          0          0         72   strcpy.o
        68          6          0          0          0         72   strlen.o
       148          4          0          0          0         76   strncmp.o
       108          4          0          0          0         76   strncpy.o
        24          0          0          0          0         60   strrchr.o
       168         16          0          0          0        120   strtod.o
       112          4          0          0          0         76   strtol.o
       118          0          0          0          0         84   strtoul.o
        18          0          0          0          0         68   sys_time.o
        26          0          0          0          0         68   tolower.o
        30          0          0          0          0         68   toupper.o
        32          0          0          0          0         68   uread4.o
         4          0          0          0          0         68   use_no_semi.o
        32          0          0          0          0         68   uwrite4.o
       888         24          0         24   16777216       3080   heap_4.o
       276          0          0          0          0       1734   list.o
      1232        428        484          0          0      14041   osmisc.o
       380         24          0          4          0       1663   port.o
       336         12          0          0          0        284   portasm.o
      2812          0          0          0          0      11741   queue.o
      7704        112          0         60        420      20984   tasks.o
       108          4          0          0          0         92   d2f.o
       876         16          0          0          0        352   daddsub_clz.o
        16          4          0          0          0         68   dcheck1.o
        28          0          0          0          0         68   dcmpi.o
       720        140          0          0          0        208   ddiv.o
       148          4          0          0          0         92   deqf.o
       112          4          0          0          0         92   dfix.o
        96          0          0          0          0        136   dflt_clz.o
       148          4          0          0          0         92   dleqf.o
       376         16          0          0          0        104   dmul.o
       184          0          0          0          0         92   dnaninf.o
        16          0          0          0          0         68   dretinf.o
       140          0          0          0          0         80   drleqf.o
       100          4          0          0          0         84   f2d.o
       400         76          0          0          0         96   fdiv.o
        84          4          0          0          0         84   ffixu.o
        40          0          0          0          0         68   fflt_clz.o
       256          4          0          0          0         84   fmul.o
       160          0          0          0          0         84   fnaninf.o
         0          0          8          0          0          0   fpconst.o
        16          0          0          0          0         68   fretinf.o
         8          0          0          0          0         68   istatus.o
         4          0          0          0          0         68   printf1.o
       116          0          0          0          0         68   retnan.o
       104          0          0          0          0         68   scalbn.o
         4          0          0          0          0         68   scanf1.o
         8          0          0          0          0         84   scanf2.o
        60          0          0          0          0         68   trapv.o
         0          0          0          0          0          0   usenofp.o
        20          4          0          0          0         68   dunder.o
       304         20          0          0          0         84   floor.o
        48          4          0          0          0         68   fpclassify.o
       116          8          0          0          0         76   frexp.o
       232          8          0          0          0        156   ldexp.o
       232         12          0          0          0        160   narrow.o
        48          0          0          0          0         80   strtod.o

    ----------------------------------------------------------------------
     45512       1744       1076        648   16778740      65759   Library Totals
        20          0          3          0          2          0   (incl. Padding)

    ----------------------------------------------------------------------

      Code (inc. data)   RO Data    RW Data    ZI Data      Debug   Library Name

     13156        300         64        556        846       1616   SmartCardLib_Keil.lib
     13380        508        517          4        256       7320   c_5.l
     13628        600        484         88   16777636      53527   freertos.lib
      4328        280          8          0          0       2604   fz_5s.l
      1000         56          0          0          0        692   m_5s.l

    ----------------------------------------------------------------------
     45512       1744       1076        648   16778740      65759   Library Totals

    ----------------------------------------------------------------------

==============================================================================


      Code (inc. data)   RO Data    RW Data    ZI Data      Debug   

    673984      89992      27384      11728   29793348    1875499   Grand Totals
    673984      89992      27384       3984   29793348    1875499   ELF Image Totals (compressed)
    673984      89992      27384       3984          0          0   ROM Totals

==============================================================================

    Total RO  Size (Code + RO Data)               701368 ( 684.93kB)
    Total RW  Size (RW Data + ZI Data)          29805076 (29106.52kB)
    Total ROM Size (Code + RO Data + RW Data)     705352 ( 688.82kB)

==============================================================================

